
> tailwindspark-monorepo@1.0.23 test
> turbo run test

ΓÇó turbo 2.8.12
ΓÇó Packages in scope: @tailwindspark/demo-app, @tailwindspark/design-tokens, @tailwindspark/ui-components
ΓÇó Running test in 3 packages
ΓÇó Remote caching disabled
@tailwindspark/design-tokens:build: cache hit, replaying logs e8e63b67e74feb18
@tailwindspark/design-tokens:build: 
@tailwindspark/design-tokens:build: > @tailwindspark/design-tokens@1.0.0 build
@tailwindspark/design-tokens:build: > echo 'Design tokens built'
@tailwindspark/design-tokens:build: 
@tailwindspark/design-tokens:build: 'Design tokens built'
@tailwindspark/ui-components:test: cache hit, replaying logs fae1bc1a43d19020
@tailwindspark/ui-components:test: 
@tailwindspark/ui-components:test: > @tailwindspark/ui-components@1.0.0 test
@tailwindspark/ui-components:test: > vitest
@tailwindspark/ui-components:test: 
@tailwindspark/ui-components:test: 
@tailwindspark/ui-components:test: [1m[46m RUN [49m[22m [36mv4.0.18 [39m[90mC:/GitHub/MarkHazleton/TailwindSpark/packages/ui-components[39m
@tailwindspark/ui-components:test: 
@tailwindspark/ui-components:test:  [32mΓ£ô[39m src/components/Card.test.tsx [2m([22m[2m20 tests[22m[2m)[22m[32m 35[2mms[22m[39m
@tailwindspark/ui-components:test:  [32mΓ£ô[39m src/components/Modal.test.tsx [2m([22m[2m41 tests[22m[2m)[22m[32m 151[2mms[22m[39m
@tailwindspark/ui-components:test: [90mstderr[2m | src/components/Form.test.tsx[2m > [22m[2mCheckbox Component[2m > [22m[2maccepts checked prop
@tailwindspark/ui-components:test: [22m[39mYou provided a `checked` prop to a form field without an `onChange` handler. This will render a read-only field. If the field should be mutable use `defaultChecked`. Otherwise, set either `onChange` or `readOnly`.
@tailwindspark/ui-components:test: 
@tailwindspark/ui-components:test:  [32mΓ£ô[39m src/components/Button.test.tsx [2m([22m[2m11 tests[22m[2m)[22m[32m 287[2mms[22m[39m
@tailwindspark/ui-components:test: [90mstderr[2m | src/components/Form.test.tsx[2m > [22m[2mRadio Component[2m > [22m[2maccepts checked prop
@tailwindspark/ui-components:test: [22m[39mYou provided a `checked` prop to a form field without an `onChange` handler. This will render a read-only field. If the field should be mutable use `defaultChecked`. Otherwise, set either `onChange` or `readOnly`.
@tailwindspark/ui-components:test: 
@tailwindspark/ui-components:test:  [32mΓ£ô[39m src/components/Form.test.tsx [2m([22m[2m58 tests[22m[2m)[22m[33m 304[2mms[22m[39m
@tailwindspark/ui-components:test: 
@tailwindspark/ui-components:test: [2m Test Files [22m [1m[32m4 passed[39m[22m[90m (4)[39m
@tailwindspark/ui-components:test: [2m      Tests [22m [1m[32m130 passed[39m[22m[90m (130)[39m
@tailwindspark/ui-components:test: [2m   Start at [22m 06:57:25
@tailwindspark/ui-components:test: [2m   Duration [22m 1.82s[2m (transform 286ms, setup 800ms, import 657ms, tests 777ms, environment 4.01s)[22m
@tailwindspark/ui-components:test: 
@tailwindspark/ui-components:build: cache hit, replaying logs d613e43c78a4d93c
@tailwindspark/ui-components:build: 
@tailwindspark/ui-components:build: > @tailwindspark/ui-components@1.0.0 build
@tailwindspark/ui-components:build: > tsc && vite build
@tailwindspark/ui-components:build: 
@tailwindspark/ui-components:build: [36mvite v7.3.1 [32mbuilding client environment for production...[36m[39m
@tailwindspark/ui-components:build: transforming...
@tailwindspark/ui-components:build: [32mΓ£ô[39m 15 modules transformed.
@tailwindspark/ui-components:build: rendering chunks...
@tailwindspark/ui-components:build: 
@tailwindspark/ui-components:build: [vite:dts] Start generate declaration files...
@tailwindspark/ui-components:build: computing gzip size...
@tailwindspark/ui-components:build: [2mdist/[22m[36mindex.es.js  [39m[1m[2m24.18 kB[22m[1m[22m[2m Γöé gzip: 6.24 kB[22m
@tailwindspark/ui-components:build: [vite:dts] Declaration files built in 848ms.
@tailwindspark/ui-components:build: 
@tailwindspark/ui-components:build: [2mdist/[22m[36mindex.umd.js  [39m[1m[2m16.40 kB[22m[1m[22m[2m Γöé gzip: 5.55 kB[22m
@tailwindspark/ui-components:build: [32mΓ£ô built in 948ms[39m
@tailwindspark/demo-app:test: cache miss, executing 248f460437102328
@tailwindspark/demo-app:test: 
@tailwindspark/demo-app:test: > @tailwindspark/demo-app@1.0.0 test
@tailwindspark/demo-app:test: > vitest
@tailwindspark/demo-app:test: 
@tailwindspark/demo-app:test: 
@tailwindspark/demo-app:test: [1m[46m RUN [49m[22m [36mv4.0.18 [39m[90mC:/GitHub/MarkHazleton/TailwindSpark/apps/demo-app[39m
@tailwindspark/demo-app:test: 
@tailwindspark/demo-app:test:  [31mΓ¥»[39m src/pages/SettingsPage.test.tsx [2m([22m[2m0 test[22m[2m)[22m
@tailwindspark/demo-app:test:  [31mΓ¥»[39m src/pages/MarketingPage.test.tsx [2m([22m[2m0 test[22m[2m)[22m
@tailwindspark/demo-app:test:  [31mΓ¥»[39m src/components/PerformanceMonitor.test.tsx [2m([22m[2m10 tests[22m[2m | [22m[31m4 failed[39m[2m)[22m[32m 185[2mms[22m[39m
@tailwindspark/demo-app:test:      [32mΓ£ô[39m renders without crashing[32m 151[2mms[22m[39m
@tailwindspark/demo-app:test:      [32mΓ£ô[39m displays performance metrics[32m 6[2mms[22m[39m
@tailwindspark/demo-app:test:      [32mΓ£ô[39m shows memory usage if available[32m 5[2mms[22m[39m
@tailwindspark/demo-app:test:      [32mΓ£ô[39m renders performance indicators[32m 3[2mms[22m[39m
@tailwindspark/demo-app:test:      [32mΓ£ô[39m displays FPS or frame rate[32m 6[2mms[22m[39m
@tailwindspark/demo-app:test:      [32mΓ£ô[39m shows loading time metrics[32m 2[2mms[22m[39m
@tailwindspark/demo-app:test: [31m     [31m├ù[31m handles missing performance API gracefully[39m[32m 9[2mms[22m[39m
@tailwindspark/demo-app:test: [31m     [31m├ù[31m updates metrics over time[39m[32m 0[2mms[22m[39m
@tailwindspark/demo-app:test: [31m     [31m├ù[31m displays performance charts or visualizations[39m[32m 0[2mms[22m[39m
@tailwindspark/demo-app:test: [31m     [31m├ù[31m shows performance warnings[39m[32m 0[2mms[22m[39m
@tailwindspark/demo-app:test:  [31mΓ¥»[39m src/components/ProductGrid.test.tsx [2m([22m[2m10 tests[22m[2m | [22m[31m1 failed[39m[2m)[22m[33m 420[2mms[22m[39m
@tailwindspark/demo-app:test:      [32mΓ£ô[39m renders without crashing[32m 37[2mms[22m[39m
@tailwindspark/demo-app:test:      [32mΓ£ô[39m displays all products[32m 10[2mms[22m[39m
@tailwindspark/demo-app:test:      [32mΓ£ô[39m shows product prices[32m 9[2mms[22m[39m
@tailwindspark/demo-app:test:      [32mΓ£ô[39m displays product brands[32m 27[2mms[22m[39m
@tailwindspark/demo-app:test:      [32mΓ£ô[39m shows loading skeletons when isLoading is true[32m 10[2mms[22m[39m
@tailwindspark/demo-app:test:      [32mΓ£ô[39m renders grid layout[32m 8[2mms[22m[39m
@tailwindspark/demo-app:test:      [32mΓ£ô[39m displays product images[32m 4[2mms[22m[39m
@tailwindspark/demo-app:test: [31m     [31m├ù[31m shows product ratings[39m[32m 22[2mms[22m[39m
@tailwindspark/demo-app:test:      [32mΓ£ô[39m highlights wishlist items[32m 284[2mms[22m[39m
@tailwindspark/demo-app:test:      [32mΓ£ô[39m renders empty state when no products[32m 5[2mms[22m[39m
@tailwindspark/demo-app:test:  [31mΓ¥»[39m src/pages/HomePage.test.tsx [2m([22m[2m10 tests[22m[2m | [22m[31m3 failed[39m[2m)[22m[33m 830[2mms[22m[39m
@tailwindspark/demo-app:test:      [32mΓ£ô[39m renders without crashing[32m 42[2mms[22m[39m
@tailwindspark/demo-app:test:      [32mΓ£ô[39m displays TailwindSpark brand[32m 10[2mms[22m[39m
@tailwindspark/demo-app:test:      [32mΓ£ô[39m displays WebSpark ecosystem integration section[32m 12[2mms[22m[39m
@tailwindspark/demo-app:test: [31m     [31m├ù[31m displays WebSpark portfolio link[39m[33m 374[2mms[22m[39m
@tailwindspark/demo-app:test: [31m     [31m├ù[31m displays feature cards[39m[32m 30[2mms[22m[39m
@tailwindspark/demo-app:test:      [32mΓ£ô[39m displays navigation links to key pages[32m 186[2mms[22m[39m
@tailwindspark/demo-app:test:      [32mΓ£ô[39m shows TailwindSpark ecosystem badges[32m 10[2mms[22m[39m
@tailwindspark/demo-app:test:      [32mΓ£ô[39m has proper heading hierarchy[32m 127[2mms[22m[39m
@tailwindspark/demo-app:test:      [32mΓ£ô[39m displays feature descriptions with proper styling[32m 20[2mms[22m[39m
@tailwindspark/demo-app:test: [31m     [31m├ù[31m renders all WebSpark application badges[39m[32m 17[2mms[22m[39m
@tailwindspark/demo-app:test:  [31mΓ¥»[39m src/pages/UsersPage.test.tsx [2m([22m[2m10 tests[22m[2m | [22m[31m1 failed[39m[2m)[22m[33m 979[2mms[22m[39m
@tailwindspark/demo-app:test: [31m     [31m├ù[31m renders without crashing[39m[32m 66[2mms[22m[39m
@tailwindspark/demo-app:test:      [33m[2mΓ£ô[22m[39m displays page heading [33m 306[2mms[22m[39m
@tailwindspark/demo-app:test:      [32mΓ£ô[39m shows user table or list[32m 24[2mms[22m[39m
@tailwindspark/demo-app:test:      [32mΓ£ô[39m displays user data[32m 12[2mms[22m[39m
@tailwindspark/demo-app:test:      [32mΓ£ô[39m shows search or filter functionality[32m 14[2mms[22m[39m
@tailwindspark/demo-app:test:      [32mΓ£ô[39m renders action buttons[32m 255[2mms[22m[39m
@tailwindspark/demo-app:test:      [32mΓ£ô[39m displays user avatars or icons[32m 15[2mms[22m[39m
@tailwindspark/demo-app:test:      [32mΓ£ô[39m shows pagination controls[32m 194[2mms[22m[39m
@tailwindspark/demo-app:test:      [32mΓ£ô[39m renders with dashboard layout[32m 78[2mms[22m[39m
@tailwindspark/demo-app:test:      [32mΓ£ô[39m has proper table structure[32m 12[2mms[22m[39m
@tailwindspark/demo-app:test:  [31mΓ¥»[39m src/pages/DashboardPage.test.tsx [2m([22m[2m12 tests[22m[2m | [22m[31m2 failed[39m[2m)[22m[33m 821[2mms[22m[39m
@tailwindspark/demo-app:test:      [32mΓ£ô[39m renders without crashing[32m 59[2mms[22m[39m
@tailwindspark/demo-app:test:      [32mΓ£ô[39m displays stat cards with metrics[32m 71[2mms[22m[39m
@tailwindspark/demo-app:test: [31m     [31m├ù[31m shows loading state for stat cards[39m[32m 61[2mms[22m[39m
@tailwindspark/demo-app:test:      [32mΓ£ô[39m displays recent transactions section[32m 27[2mms[22m[39m
@tailwindspark/demo-app:test: [31m     [31m├ù[31m renders transaction table with headers[39m[32m 53[2mms[22m[39m
@tailwindspark/demo-app:test:      [32mΓ£ô[39m displays transaction rows with data[32m 50[2mms[22m[39m
@tailwindspark/demo-app:test:      [32mΓ£ô[39m shows transaction status badges with correct styling[32m 30[2mms[22m[39m
@tailwindspark/demo-app:test:      [32mΓ£ô[39m displays activity feed section[32m 24[2mms[22m[39m
@tailwindspark/demo-app:test:      [33m[2mΓ£ô[22m[39m renders navigation links in dashboard layout [33m 358[2mms[22m[39m
@tailwindspark/demo-app:test:      [32mΓ£ô[39m displays chart sections[32m 35[2mms[22m[39m
@tailwindspark/demo-app:test:      [32mΓ£ô[39m displays back to demos link[32m 30[2mms[22m[39m
@tailwindspark/demo-app:test:      [32mΓ£ô[39m shows customer avatars in transaction list[32m 22[2mms[22m[39m
@tailwindspark/demo-app:test:  [31mΓ¥»[39m src/pages/DemosPage.test.tsx [2m([22m[2m10 tests[22m[2m | [22m[31m1 failed[39m[2m)[22m[33m 946[2mms[22m[39m
@tailwindspark/demo-app:test: [31m     [31m├ù[31m renders without crashing[39m[32m 63[2mms[22m[39m
@tailwindspark/demo-app:test:      [32mΓ£ô[39m displays page heading[32m 269[2mms[22m[39m
@tailwindspark/demo-app:test:      [32mΓ£ô[39m shows demo categories or sections[32m 20[2mms[22m[39m
@tailwindspark/demo-app:test:      [32mΓ£ô[39m displays demo cards or links[32m 267[2mms[22m[39m
@tailwindspark/demo-app:test:      [32mΓ£ô[39m renders demo descriptions[32m 57[2mms[22m[39m
@tailwindspark/demo-app:test:      [32mΓ£ô[39m has grid layout for demo cards[32m 22[2mms[22m[39m
@tailwindspark/demo-app:test:      [32mΓ£ô[39m shows navigation links[32m 178[2mms[22m[39m
@tailwindspark/demo-app:test:      [32mΓ£ô[39m renders with proper spacing[32m 21[2mms[22m[39m
@tailwindspark/demo-app:test:      [32mΓ£ô[39m displays demo categories[32m 19[2mms[22m[39m
@tailwindspark/demo-app:test:      [32mΓ£ô[39m has responsive design[32m 27[2mms[22m[39m
@tailwindspark/demo-app:test:  [32mΓ£ô[39m src/components/ThemeToggle.test.tsx [2m([22m[2m22 tests[22m[2m)[22m[33m 680[2mms[22m[39m
@tailwindspark/demo-app:test:  [32mΓ£ô[39m src/sections/AnimationShowcase.test.tsx [2m([22m[2m14 tests[22m[2m)[22m[33m 802[2mms[22m[39m
@tailwindspark/demo-app:test:      [33m[2mΓ£ô[22m[39m renders without crashing [33m 418[2mms[22m[39m
@tailwindspark/demo-app:test:  [32mΓ£ô[39m src/components/FilterPanel.test.tsx [2m([22m[2m13 tests[22m[2m)[22m[33m 833[2mms[22m[39m
@tailwindspark/demo-app:test:      [33m[2mΓ£ô[22m[39m renders without crashing [33m 305[2mms[22m[39m
@tailwindspark/demo-app:test:  [32mΓ£ô[39m src/pages/AnimationPage.test.tsx [2m([22m[2m12 tests[22m[2m)[22m[33m 806[2mms[22m[39m
@tailwindspark/demo-app:test:      [33m[2mΓ£ô[22m[39m renders without crashing [33m 442[2mms[22m[39m
@tailwindspark/demo-app:test:  [32mΓ£ô[39m src/sections/CardShowcase.test.tsx [2m([22m[2m17 tests[22m[2m)[22m[33m 827[2mms[22m[39m
@tailwindspark/demo-app:test:  [32mΓ£ô[39m src/pages/AnalyticsPage.test.tsx [2m([22m[2m10 tests[22m[2m)[22m[33m 818[2mms[22m[39m
@tailwindspark/demo-app:test:      [33m[2mΓ£ô[22m[39m displays page heading [33m 321[2mms[22m[39m
@tailwindspark/demo-app:test:  [32mΓ£ô[39m src/components/QuickViewModal.test.tsx [2m([22m[2m11 tests[22m[2m)[22m[33m 794[2mms[22m[39m
@tailwindspark/demo-app:test:      [33m[2mΓ£ô[22m[39m calls onAddToCart when add to cart button is clicked [33m 326[2mms[22m[39m
@tailwindspark/demo-app:test:  [32mΓ£ô[39m src/components/MarketingLayout.test.tsx [2m([22m[2m12 tests[22m[2m)[22m[33m 739[2mms[22m[39m
@tailwindspark/demo-app:test:      [33m[2mΓ£ô[22m[39m shows navigation links [32m 300[2mms[22m[39m
@tailwindspark/demo-app:test:  [32mΓ£ô[39m src/components/DashboardLayout.test.tsx [2m([22m[2m12 tests[22m[2m)[22m[33m 977[2mms[22m[39m
@tailwindspark/demo-app:test:      [33m[2mΓ£ô[22m[39m shows dashboard navigation links [33m 378[2mms[22m[39m
@tailwindspark/demo-app:test:  [31mΓ¥»[39m src/pages/EcommercePage.test.tsx [2m([22m[2m13 tests[22m[2m | [22m[31m2 failed[39m[2m)[22m[33m 1542[2mms[22m[39m
@tailwindspark/demo-app:test:      [32mΓ£ô[39m renders without crashing[32m 95[2mms[22m[39m
@tailwindspark/demo-app:test:      [32mΓ£ô[39m displays product grid[32m 38[2mms[22m[39m
@tailwindspark/demo-app:test:      [32mΓ£ô[39m shows filter panel[32m 81[2mms[22m[39m
@tailwindspark/demo-app:test:      [32mΓ£ô[39m displays search functionality[32m 44[2mms[22m[39m
@tailwindspark/demo-app:test: [31m     [31m├ù[31m renders product cards[39m[32m 47[2mms[22m[39m
@tailwindspark/demo-app:test: [31m     [31m├ù[31m shows product prices[39m[32m 33[2mms[22m[39m
@tailwindspark/demo-app:test:      [33m[2mΓ£ô[22m[39m handles search input [33m 607[2mms[22m[39m
@tailwindspark/demo-app:test:      [32mΓ£ô[39m displays category filters[32m 40[2mms[22m[39m
@tailwindspark/demo-app:test:      [32mΓ£ô[39m shows sort options[32m 45[2mms[22m[39m
@tailwindspark/demo-app:test:      [33m[2mΓ£ô[22m[39m renders add to cart buttons [33m 441[2mms[22m[39m
@tailwindspark/demo-app:test:      [32mΓ£ô[39m displays product images[32m 22[2mms[22m[39m
@tailwindspark/demo-app:test:      [32mΓ£ô[39m has responsive grid layout[32m 30[2mms[22m[39m
@tailwindspark/demo-app:test:      [32mΓ£ô[39m shows product count or results info[32m 18[2mms[22m[39m
@tailwindspark/demo-app:test:  [32mΓ£ô[39m src/pages/DesignSystemPage.test.tsx [2m([22m[2m12 tests[22m[2m)[22m[33m 1309[2mms[22m[39m
@tailwindspark/demo-app:test:      [33m[2mΓ£ô[22m[39m shows typography examples [33m 350[2mms[22m[39m
@tailwindspark/demo-app:test:  [31mΓ¥»[39m src/sections/FormShowcase.test.tsx [2m([22m[2m15 tests[22m[2m | [22m[31m1 failed[39m[2m)[22m[33m 2138[2mms[22m[39m
@tailwindspark/demo-app:test:      [32mΓ£ô[39m renders without crashing[32m 61[2mms[22m[39m
@tailwindspark/demo-app:test:      [32mΓ£ô[39m displays form components heading[32m 161[2mms[22m[39m
@tailwindspark/demo-app:test:      [32mΓ£ô[39m shows input fields section[32m 28[2mms[22m[39m
@tailwindspark/demo-app:test:      [32mΓ£ô[39m renders basic input with label and helper text[32m 25[2mms[22m[39m
@tailwindspark/demo-app:test:      [32mΓ£ô[39m handles form input changes[32m 255[2mms[22m[39m
@tailwindspark/demo-app:test:      [32mΓ£ô[39m displays email input field[32m 25[2mms[22m[39m
@tailwindspark/demo-app:test:      [32mΓ£ô[39m displays password input field[32m 24[2mms[22m[39m
@tailwindspark/demo-app:test:      [32mΓ£ô[39m shows textarea component[32m 24[2mms[22m[39m
@tailwindspark/demo-app:test:      [32mΓ£ô[39m renders select dropdown[32m 29[2mms[22m[39m
@tailwindspark/demo-app:test:      [32mΓ£ô[39m displays checkbox components[32m 170[2mms[22m[39m
@tailwindspark/demo-app:test:      [32mΓ£ô[39m renders radio button groups[32m 84[2mms[22m[39m
@tailwindspark/demo-app:test:      [33m[2mΓ£ô[22m[39m handles form submission [33m 675[2mms[22m[39m
@tailwindspark/demo-app:test: [31m     [31m├ù[31m displays validation errors when fields are empty[39m[33m 546[2mms[22m[39m
@tailwindspark/demo-app:test:      [32mΓ£ô[39m renders input with icons[32m 8[2mms[22m[39m
@tailwindspark/demo-app:test:      [32mΓ£ô[39m shows country select options[32m 10[2mms[22m[39m
@tailwindspark/demo-app:test:  [32mΓ£ô[39m src/components/SearchComponent.test.tsx [2m([22m[2m12 tests[22m[2m)[22m[33m 1679[2mms[22m[39m
@tailwindspark/demo-app:test:      [33m[2mΓ£ô[22m[39m handles search input changes [33m 315[2mms[22m[39m
@tailwindspark/demo-app:test:  [32mΓ£ô[39m src/components/Layout.test.tsx [2m([22m[2m12 tests[22m[2m)[22m[33m 356[2mms[22m[39m
@tailwindspark/demo-app:test:  [32mΓ£ô[39m src/components/EcommerceLayout.test.tsx [2m([22m[2m11 tests[22m[2m)[22m[32m 247[2mms[22m[39m
@tailwindspark/demo-app:test:  [32mΓ£ô[39m src/contexts/ThemeContext.test.tsx [2m([22m[2m6 tests[22m[2m)[22m[33m 337[2mms[22m[39m
@tailwindspark/demo-app:test:  [32mΓ£ô[39m src/components/MemoryMonitorDisplay.test.tsx [2m([22m[2m10 tests[22m[2m)[22m[32m 148[2mms[22m[39m
@tailwindspark/demo-app:test:  [32mΓ£ô[39m src/components/BundleAnalyzer.test.tsx [2m([22m[2m12 tests[22m[2m)[22m[32m 147[2mms[22m[39m
@tailwindspark/demo-app:test:  [32mΓ£ô[39m src/components/BuildInfo.test.tsx [2m([22m[2m20 tests[22m[2m)[22m[32m 81[2mms[22m[39m
@tailwindspark/demo-app:test:  [32mΓ£ô[39m src/components/LoadingSpinner.test.tsx [2m([22m[2m30 tests[22m[2m)[22m[32m 84[2mms[22m[39m
@tailwindspark/demo-app:test:  [32mΓ£ô[39m src/components/ErrorBoundary.test.tsx [2m([22m[2m31 tests[22m[2m)[22m[32m 114[2mms[22m[39m
@tailwindspark/demo-app:test:  [32mΓ£ô[39m src/components/TailwindSparkBrand.test.tsx [2m([22m[2m13 tests[22m[2m)[22m[32m 51[2mms[22m[39m
@tailwindspark/demo-app:test:  [32mΓ£ô[39m src/hooks/useKeyboardShortcuts.test.ts [2m([22m[2m11 tests[22m[2m)[22m[32m 23[2mms[22m[39m
@tailwindspark/demo-app:test:  [32mΓ£ô[39m src/components/Logo.test.tsx [2m([22m[2m11 tests[22m[2m)[22m[32m 32[2mms[22m[39m
@tailwindspark/demo-app:test:  [32mΓ£ô[39m src/hooks/useAnalytics.test.ts [2m([22m[2m12 tests[22m[2m)[22m[32m 22[2mms[22m[39m
@tailwindspark/demo-app:test:  [32mΓ£ô[39m src/App.test.tsx [2m([22m[2m1 test[22m[2m)[22m[32m 39[2mms[22m[39m
@tailwindspark/demo-app:test:  [31mΓ¥»[39m src/sections/ModalShowcase.test.tsx [2m([22m[2m14 tests[22m[2m | [22m[31m1 failed[39m[2m)[22m[33m 4525[2mms[22m[39m
@tailwindspark/demo-app:test:      [32mΓ£ô[39m renders without crashing[32m 30[2mms[22m[39m
@tailwindspark/demo-app:test:      [32mΓ£ô[39m displays modal components heading[32m 172[2mms[22m[39m
@tailwindspark/demo-app:test:      [32mΓ£ô[39m shows modal trigger buttons[32m 83[2mms[22m[39m
@tailwindspark/demo-app:test:      [32mΓ£ô[39m opens basic modal on button click[32m 176[2mms[22m[39m
@tailwindspark/demo-app:test:      [32mΓ£ô[39m displays basic modal with features list[32m 119[2mms[22m[39m
@tailwindspark/demo-app:test:      [32mΓ£ô[39m opens confirmation modal[32m 93[2mms[22m[39m
@tailwindspark/demo-app:test:      [32mΓ£ô[39m displays delete button in confirmation modal[32m 151[2mms[22m[39m
@tailwindspark/demo-app:test:      [32mΓ£ô[39m opens alert modal[32m 99[2mms[22m[39m
@tailwindspark/demo-app:test:      [32mΓ£ô[39m opens form modal[32m 74[2mms[22m[39m
@tailwindspark/demo-app:test: [31m     [31m├ù[31m opens large modal[39m[33m 3109[2mms[22m[39m
@tailwindspark/demo-app:test:      [32mΓ£ô[39m closes modal when cancel button is clicked[32m 137[2mms[22m[39m
@tailwindspark/demo-app:test:      [32mΓ£ô[39m supports keyboard navigation (ESC key)[32m 107[2mms[22m[39m
@tailwindspark/demo-app:test:      [32mΓ£ô[39m displays modal footer with action buttons[32m 101[2mms[22m[39m
@tailwindspark/demo-app:test:      [32mΓ£ô[39m displays icons in modals[32m 70[2mms[22m[39m
@tailwindspark/demo-app:test:  [31mΓ¥»[39m src/sections/ButtonShowcase.test.tsx [2m([22m[2m16 tests[22m[2m | [22m[31m2 failed[39m[2m)[22m[33m 11398[2mms[22m[39m
@tailwindspark/demo-app:test:      [32mΓ£ô[39m renders without crashing[32m 33[2mms[22m[39m
@tailwindspark/demo-app:test:      [32mΓ£ô[39m displays button components heading[32m 199[2mms[22m[39m
@tailwindspark/demo-app:test:      [32mΓ£ô[39m shows all button variants[32m 219[2mms[22m[39m
@tailwindspark/demo-app:test:      [32mΓ£ô[39m displays all button sizes[32m 253[2mms[22m[39m
@tailwindspark/demo-app:test:      [32mΓ£ô[39m renders buttons with icons[32m 179[2mms[22m[39m
@tailwindspark/demo-app:test:      [32mΓ£ô[39m shows disabled button state[32m 204[2mms[22m[39m
@tailwindspark/demo-app:test:      [32mΓ£ô[39m displays loading button[32m 165[2mms[22m[39m
@tailwindspark/demo-app:test: [31m     [31m├ù[31m handles loading state on click[39m[33m 5008[2mms[22m[39m
@tailwindspark/demo-app:test:      [32mΓ£ô[39m shows full width button[32m 48[2mms[22m[39m
@tailwindspark/demo-app:test:      [32mΓ£ô[39m renders responsive button grid[32m 3[2mms[22m[39m
@tailwindspark/demo-app:test:      [32mΓ£ô[39m displays "Variants" section heading[32m 17[2mms[22m[39m
@tailwindspark/demo-app:test:      [32mΓ£ô[39m displays "Sizes" section heading[32m 18[2mms[22m[39m
@tailwindspark/demo-app:test:      [32mΓ£ô[39m displays "With Icons" section heading[32m 17[2mms[22m[39m
@tailwindspark/demo-app:test:      [32mΓ£ô[39m displays "States" section heading[32m 17[2mms[22m[39m
@tailwindspark/demo-app:test: [31m     [31m├ù[31m shows all buttons are clickable unless disabled[39m[33m 5014[2mms[22m[39m
@tailwindspark/demo-app:test:      [32mΓ£ô[39m renders icon elements within buttons[32m 3[2mms[22m[39m
@tailwindspark/demo-app:test: 
@tailwindspark/demo-app:test: [31mΓÄ»ΓÄ»ΓÄ»ΓÄ»ΓÄ»ΓÄ»[39m[1m[41m Failed Suites 2 [49m[22m[31mΓÄ»ΓÄ»ΓÄ»ΓÄ»ΓÄ»ΓÄ»ΓÄ»[39m
@tailwindspark/demo-app:test: 
@tailwindspark/demo-app:test: [41m[1m FAIL [22m[49m src/pages/MarketingPage.test.tsx[2m [ src/pages/MarketingPage.test.tsx ][22m
@tailwindspark/demo-app:test: [31m[1mError[22m: Transform failed with 4 errors:
@tailwindspark/demo-app:test: C:/GitHub/MarkHazleton/TailwindSpark/apps/demo-app/src/pages/MarketingPage.tsx:569:22: ERROR: Unexpected closing "p" tag does not match opening "div" tag
@tailwindspark/demo-app:test: C:/GitHub/MarkHazleton/TailwindSpark/apps/demo-app/src/pages/MarketingPage.tsx:608:10: ERROR: Unexpected closing "div" tag does not match opening "section" tag
@tailwindspark/demo-app:test: C:/GitHub/MarkHazleton/TailwindSpark/apps/demo-app/src/pages/MarketingPage.tsx:609:8: ERROR: Unexpected closing "section" tag does not match opening "MarketingLayout" tag
@tailwindspark/demo-app:test: C:/GitHub/MarkHazleton/TailwindSpark/apps/demo-app/src/pages/MarketingPage.tsx:610:22: ERROR: Unterminated regular expression[39m
@tailwindspark/demo-app:test:   Plugin: [35mvite:esbuild[39m
@tailwindspark/demo-app:test:   File: [36mC:/GitHub/MarkHazleton/TailwindSpark/apps/demo-app/src/pages/MarketingPage.tsx[39m:569:22
@tailwindspark/demo-app:test: [33m  
@tailwindspark/demo-app:test:   [33mUnexpected closing "p" tag does not match opening "div" tag[33m
@tailwindspark/demo-app:test:   567 |                        <br />
@tailwindspark/demo-app:test:   568 |                        support@tailwindspark.com
@tailwindspark/demo-app:test:   569 |                      </p>
@tailwindspark/demo-app:test:       |                        ^
@tailwindspark/demo-app:test:   570 |                    </div>
@tailwindspark/demo-app:test:   571 |                  </div>
@tailwindspark/demo-app:test:   
@tailwindspark/demo-app:test:   [33mUnexpected closing "div" tag does not match opening "section" tag[33m
@tailwindspark/demo-app:test:   606 |              </div>
@tailwindspark/demo-app:test:   607 |            </div>
@tailwindspark/demo-app:test:   608 |          </div>
@tailwindspark/demo-app:test:       |            ^
@tailwindspark/demo-app:test:   609 |        </section>
@tailwindspark/demo-app:test:   610 |      </MarketingLayout>
@tailwindspark/demo-app:test:   
@tailwindspark/demo-app:test:   [33mUnexpected closing "section" tag does not match opening "MarketingLayout" tag[33m
@tailwindspark/demo-app:test:   607 |            </div>
@tailwindspark/demo-app:test:   608 |          </div>
@tailwindspark/demo-app:test:   609 |        </section>
@tailwindspark/demo-app:test:       |          ^
@tailwindspark/demo-app:test:   610 |      </MarketingLayout>
@tailwindspark/demo-app:test:   611 |    );
@tailwindspark/demo-app:test:   
@tailwindspark/demo-app:test:   [33mUnterminated regular expression[33m
@tailwindspark/demo-app:test:   608 |          </div>
@tailwindspark/demo-app:test:   609 |        </section>
@tailwindspark/demo-app:test:   610 |      </MarketingLayout>
@tailwindspark/demo-app:test:       |                        ^
@tailwindspark/demo-app:test:   611 |    );
@tailwindspark/demo-app:test:   612 |  };
@tailwindspark/demo-app:test:   [39m
@tailwindspark/demo-app:test: [90m [2mΓ¥»[22m failureErrorWithLog ../../node_modules/esbuild/lib/main.js:[2m1467:15[22m[39m
@tailwindspark/demo-app:test: [90m [2mΓ¥»[22m ../../node_modules/esbuild/lib/main.js:[2m736:50[22m[39m
@tailwindspark/demo-app:test: [90m [2mΓ¥»[22m responseCallbacks.<computed> ../../node_modules/esbuild/lib/main.js:[2m603:9[22m[39m
@tailwindspark/demo-app:test: [90m [2mΓ¥»[22m handleIncomingPacket ../../node_modules/esbuild/lib/main.js:[2m658:12[22m[39m
@tailwindspark/demo-app:test: [90m [2mΓ¥»[22m Socket.readFromStdout ../../node_modules/esbuild/lib/main.js:[2m581:7[22m[39m
@tailwindspark/demo-app:test: 
@tailwindspark/demo-app:test: [31m[2mΓÄ»ΓÄ»ΓÄ»ΓÄ»ΓÄ»ΓÄ»ΓÄ»ΓÄ»ΓÄ»ΓÄ»ΓÄ»ΓÄ»ΓÄ»ΓÄ»ΓÄ»ΓÄ»ΓÄ»ΓÄ»ΓÄ»ΓÄ»ΓÄ»ΓÄ»ΓÄ»[1/20]ΓÄ»[22m[39m
@tailwindspark/demo-app:test: 
@tailwindspark/demo-app:test: [41m[1m FAIL [22m[49m src/pages/SettingsPage.test.tsx[2m [ src/pages/SettingsPage.test.tsx ][22m
@tailwindspark/demo-app:test: [31m[1mError[22m: Transform failed with 1 error:
@tailwindspark/demo-app:test: C:/GitHub/MarkHazleton/TailwindSpark/apps/demo-app/src/pages/SettingsPage.test.tsx:112:54: ERROR: Syntax error "n"[39m
@tailwindspark/demo-app:test:   Plugin: [35mvite:esbuild[39m
@tailwindspark/demo-app:test:   File: [36mC:/GitHub/MarkHazleton/TailwindSpark/apps/demo-app/src/pages/SettingsPage.test.tsx[39m:112:54
@tailwindspark/demo-app:test: [33m  
@tailwindspark/demo-app:test:   [33mSyntax error "n"[33m
@tailwindspark/demo-app:test:   110 |      // Check for any div elements which indicate layout structure
@tailwindspark/demo-app:test:   111 |      const layoutElements = document.querySelectorAll('div');
@tailwindspark/demo-app:test:   112 |      expect(layoutElements.length).toBeGreaterThan(0);\n  });
@tailwindspark/demo-app:test:       |                                                        ^
@tailwindspark/demo-app:test:   113 |  
@tailwindspark/demo-app:test:   [39m
@tailwindspark/demo-app:test: [90m [2mΓ¥»[22m failureErrorWithLog ../../node_modules/esbuild/lib/main.js:[2m1467:15[22m[39m
@tailwindspark/demo-app:test: [90m [2mΓ¥»[22m ../../node_modules/esbuild/lib/main.js:[2m736:50[22m[39m
@tailwindspark/demo-app:test: [90m [2mΓ¥»[22m responseCallbacks.<computed> ../../node_modules/esbuild/lib/main.js:[2m603:9[22m[39m
@tailwindspark/demo-app:test: [90m [2mΓ¥»[22m handleIncomingPacket ../../node_modules/esbuild/lib/main.js:[2m658:12[22m[39m
@tailwindspark/demo-app:test: [90m [2mΓ¥»[22m Socket.readFromStdout ../../node_modules/esbuild/lib/main.js:[2m581:7[22m[39m
@tailwindspark/demo-app:test: 
@tailwindspark/demo-app:test: [31m[2mΓÄ»ΓÄ»ΓÄ»ΓÄ»ΓÄ»ΓÄ»ΓÄ»ΓÄ»ΓÄ»ΓÄ»ΓÄ»ΓÄ»ΓÄ»ΓÄ»ΓÄ»ΓÄ»ΓÄ»ΓÄ»ΓÄ»ΓÄ»ΓÄ»ΓÄ»ΓÄ»[2/20]ΓÄ»[22m[39m
@tailwindspark/demo-app:test: 
@tailwindspark/demo-app:test: 
@tailwindspark/demo-app:test: [31mΓÄ»ΓÄ»ΓÄ»ΓÄ»ΓÄ»ΓÄ»[39m[1m[41m Failed Tests 18 [49m[22m[31mΓÄ»ΓÄ»ΓÄ»ΓÄ»ΓÄ»ΓÄ»ΓÄ»[39m
@tailwindspark/demo-app:test: 
@tailwindspark/demo-app:test: [41m[1m FAIL [22m[49m src/pages/DashboardPage.test.tsx[2m > [22mDashboardPage[2m > [22mshows loading state for stat cards
@tailwindspark/demo-app:test: [31m[1mAssertionError[22m: expected 0 to be greater than 0[39m
@tailwindspark/demo-app:test: [36m [2mΓ¥»[22m src/pages/DashboardPage.test.tsx:[2m36:36[22m[39m
@tailwindspark/demo-app:test:     [90m 34| [39m    [90m// Check for loading skeleton (animated-pulse class)[39m
@tailwindspark/demo-app:test:     [90m 35| [39m    const loadingElements = document.querySelectorAll('.animate-pulse'ΓÇª
@tailwindspark/demo-app:test:     [90m 36| [39m    [34mexpect[39m(loadingElements[33m.[39mlength)[33m.[39m[34mtoBeGreaterThan[39m([34m0[39m)[33m;[39m
@tailwindspark/demo-app:test:     [90m   | [39m                                   [31m^[39m
@tailwindspark/demo-app:test:     [90m 37| [39m  })[33m;[39m
@tailwindspark/demo-app:test:     [90m 38| [39m
@tailwindspark/demo-app:test: 
@tailwindspark/demo-app:test: [31m[2mΓÄ»ΓÄ»ΓÄ»ΓÄ»ΓÄ»ΓÄ»ΓÄ»ΓÄ»ΓÄ»ΓÄ»ΓÄ»ΓÄ»ΓÄ»ΓÄ»ΓÄ»ΓÄ»ΓÄ»ΓÄ»ΓÄ»ΓÄ»ΓÄ»ΓÄ»ΓÄ»[3/20]ΓÄ»[22m[39m
@tailwindspark/demo-app:test: 
@tailwindspark/demo-app:test: [41m[1m FAIL [22m[49m src/pages/DashboardPage.test.tsx[2m > [22mDashboardPage[2m > [22mrenders transaction table with headers
@tailwindspark/demo-app:test: [31m[1mTestingLibraryElementError[22m[39m: Found multiple elements with the text: /Date/i
@tailwindspark/demo-app:test: 
@tailwindspark/demo-app:test: Here are the matching elements:
@tailwindspark/demo-app:test: 
@tailwindspark/demo-app:test: Ignored nodes: comments, script, style
@tailwindspark/demo-app:test: [36m<th[39m
@tailwindspark/demo-app:test:   [33mclass[39m=[32m"px-6 py-3 text-left text-xs font-medium uppercase tracking-wider text-gray-500 dark:text-gray-400"[39m
@tailwindspark/demo-app:test: [36m>[39m
@tailwindspark/demo-app:test:   [0mDate[0m
@tailwindspark/demo-app:test: [36m</th>[39m
@tailwindspark/demo-app:test: 
@tailwindspark/demo-app:test: Ignored nodes: comments, script, style
@tailwindspark/demo-app:test: [36m<p[39m
@tailwindspark/demo-app:test:   [33mclass[39m=[32m"text-sm text-text"[39m
@tailwindspark/demo-app:test: [36m>[39m
@tailwindspark/demo-app:test:   [36m<span[39m
@tailwindspark/demo-app:test:     [33mclass[39m=[32m"font-medium"[39m
@tailwindspark/demo-app:test:   [36m>[39m
@tailwindspark/demo-app:test:     [0mJane Smith[0m
@tailwindspark/demo-app:test:   [36m</span>[39m
@tailwindspark/demo-app:test:   [0m [0m
@tailwindspark/demo-app:test:   [0mupdated user profile[0m
@tailwindspark/demo-app:test: [36m</p>[39m
@tailwindspark/demo-app:test: 
@tailwindspark/demo-app:test: (If this is intentional, then use the `*AllBy*` variant of the query (like `queryAllByText`, `getAllByText`, or `findAllByText`)).
@tailwindspark/demo-app:test: 
@tailwindspark/demo-app:test: Ignored nodes: comments, script, style
@tailwindspark/demo-app:test: [36m<body>[39m
@tailwindspark/demo-app:test:   [36m<div>[39m
@tailwindspark/demo-app:test:     [36m<div[39m
@tailwindspark/demo-app:test:       [33mclass[39m=[32m"flex h-screen bg-surface"[39m
@tailwindspark/demo-app:test:     [36m>[39m
@tailwindspark/demo-app:test:       [36m<div[39m
@tailwindspark/demo-app:test:         [33mclass[39m=[32m"fixed inset-y-0 left-0 z-50 w-64 transform border-r border bg-white dark:bg-gray-800 -translate-x-full transition-transform duration-300 ease-in-out lg:translate-x-0"[39m
@tailwindspark/demo-app:test:       [36m>[39m
@tailwindspark/demo-app:test:         [36m<div[39m
@tailwindspark/demo-app:test:           [33mclass[39m=[32m"flex items-center gap-3 border-b border p-6"[39m
@tailwindspark/demo-app:test:         [36m>[39m
@tailwindspark/demo-app:test:           [36m<div[39m
@tailwindspark/demo-app:test:             [33mclass[39m=[32m"flex items-center gap-2 "[39m
@tailwindspark/demo-app:test:           [36m>[39m
@tailwindspark/demo-app:test:             [36m<img[39m
@tailwindspark/demo-app:test:               [33malt[39m=[32m"TailwindSpark Logo"[39m
@tailwindspark/demo-app:test:               [33mclass[39m=[32m"w-6 h-6 object-contain"[39m
@tailwindspark/demo-app:test:               [33mloading[39m=[32m"lazy"[39m
@tailwindspark/demo-app:test:               [33msrc[39m=[32m"/TailwindSpark.png"[39m
@tailwindspark/demo-app:test:             [36m/>[39m
@tailwindspark/demo-app:test:           [36m</div>[39m
@tailwindspark/demo-app:test:           [36m<div>[39m
@tailwindspark/demo-app:test:             [36m<h1[39m
@tailwindspark/demo-app:test:               [33mclass[39m=[32m"font-bold text-text"[39m
@tailwindspark/demo-app:test:             [36m>[39m
@tailwindspark/demo-app:test:               [0mTailwindSpark[0m
@tailwindspark/demo-app:test:             [36m</h1>[39m
@tailwindspark/demo-app:test:             [36m<p[39m
@tailwindspark/demo-app:test:               [33mclass[39m=[32m"text-xs text-muted"[39m
@tailwindspark/demo-app:test:             [36m>[39m
@tailwindspark/demo-app:test:               [0mDashboard Demo[0m
@tailwindspark/demo-app:test:             [36m</p>[39m
@tailwindspark/demo-app:test:           [36m</div>[39m
@tailwindspark/demo-app:test:         [36m</div>[39m
@tailwindspark/demo-app:test:         [36m<nav[39m
@tailwindspark/demo-app:test:           [33mclass[39m=[32m"p-4"[39m
@tailwindspark/demo-app:test:         [36m>[39m
@tailwindspark/demo-app:test:           [36m<ul[39m
@tailwindspark/demo-app:test:             [33mclass[39m=[32m"space-y-2"[39m
@tailwindspark/demo-app:test:           [36m>[39m
@tailwindspark/demo-app:test:             [36m<li>[39m
@tailwindspark/demo-app:test:               [36m<a[39m
@tailwindspark/demo-app:test:                 [33mclass[39m=[32m"flex items-center gap-3 rounded-lg px-3 py-2 text-sm font-medium transition-all duration-200 text-muted hover:bg-surface-alt hover:text-text"[39m
@tailwindspark/demo-app:test:                 [33mhref[39m=[32m"/dashboard"[39m
@tailwindspark/demo-app:test:               [36m>[39m
@tailwindspark/demo-app:test:                 [36m<span[39m
@tailwindspark/demo-app:test:                   [33mclass[39m=[32m"text-lg"[39m
@tailwindspark/demo-app:test:                 [36m>[39m
@tailwindspark/demo-app:test:                   [36m<span>[39m
@tailwindspark/demo-app:test:                     [0m≡ƒôè[0m
@tailwindspark/demo-app:test:                   [36m</span>[39m
@tailwindspark/demo-app:test:                 [36m</span>[39m
@tailwindspark/demo-app:test:                 [0mDashboard[0m
@tailwindspark/demo-app:test:               [36m</a>[39m
@tailwindspark/demo-app:test:             [36m</li>[39m
@tailwindspark/demo-app:test:             [36m<li>[39m
@tailwindspark/demo-app:test:               [36m<a[39m
@tailwindspark/demo-app:test:                 [33mclass[39m=[32m"flex items-center gap-3 rounded-lg px-3 py-2 text-sm font-medium transition-all duration-200 text-muted hover:bg-surface-alt hover:text-text"[39m
@tailwindspark/demo-app:test:                 [33mhref[39m=[32m"/analytics"[39m
@tailwindspark/demo-app:test:               [36m>[39m
@tailwindspark/demo-app:test:                 [36m<span[39m
@tailwindspark/demo-app:test:                   [33mclass[39m=[32m"text-lg"[39m
@tailwindspark/demo-app:test:                 [36m>[39m
@tailwindspark/demo-app:test:                   [36m<span>[39m
@tailwindspark/demo-app:test:                     [0m≡ƒôê[0m
@tailwindspark/demo-app:test:                   [36m</span>[39m
@tailwindspark/demo-app:test:                 [36m</span>[39m
@tailwindspark/demo-app:test:                 [0mAnalytics[0m
@tailwindspark/demo-app:test:               [36m</a>[39m
@tailwindspark/demo-app:test:             [36m</li>[39m
@tailwindspark/demo-app:test:             [36m<li>[39m
@tailwindspark/demo-app:test:               [36m<a[39m
@tailwindspark/demo-app:test:                 [33mclass[39m=[32m"flex items-center gap-3 rounded-lg px-3 py-2 text-sm font-medium transition-all duration-200 text-muted hover:bg-surface-alt hover:text-text"[39m
@tailwindspark/demo-app:test:                 [33mhref[39m=[32m"/users"[39m
@tailwindspark/demo-app:test:               [36m>[39m
@tailwindspark/demo-app:test:                 [36m<span[39m
@tailwindspark/demo-app:test:                   [33mclass[39m=[32m"text-lg"[39m
@tailwindspark/demo-app:test:                 [36m>[39m
@tailwindspark/demo-app:test:                   [36m<span>[39m
@tailwindspark/demo-app:test:                     [0m≡ƒæÑ[0m
@tailwindspark/demo-app:test:                   [36m</span>[39m
@tailwindspark/demo-app:test:                 [36m</span>[39m
@tailwindspark/demo-app:test:                 [0mUsers[0m
@tailwindspark/demo-app:test:               [36m</a>[39m
@tailwindspark/demo-app:test:             [36m</li>[39m
@tailwindspark/demo-app:test:             [36m<li>[39m
@tailwindspark/demo-app:test:               [36m<a[39m
@tailwindspark/demo-app:test:                 [33mclass[39m=[32m"flex items-center gap-3 rounded-lg px-3 py-2 text-sm font-medium transition-all duration-200 text-muted hover:bg-surface-alt hover:text-text"[39m
@tailwindspark/demo-app:test:                 [33mhref[39m=[32m"/settings"[39m
@tailwindspark/demo-app:test:               [36m>[39m
@tailwindspark/demo-app:test:                 [36m<span[39m
@tailwindspark/demo-app:test:                   [33mclass[39m=[32m"text-lg"[39m
@tailwindspark/demo-app:test:                 [36m>[39m
@tailwindspark/demo-app:test:                   [36m<span>[39m
@tailwindspark/demo-app:test:                     [0mΓÜÖ∩╕Å[0m
@tailwindspark/demo-app:test:                   [36m</span>[39m
@tailwindspark/demo-app:test:                 [36m</span>[39m
@tailwindspark/demo-app:test:                 [0mSettings[0m
@tailwindspark/demo-app:test:               [36m</a>[39m
@tailwindspark/demo-app:test:             [36m</li>[39m
@tailwindspark/demo-app:test:           [36m</ul>[39m
@tailwindspark/demo-app:test:           [36m<div[39m
@tailwindspark/demo-app:test:             [33mclass[39m=[32m"mt-8 border-t border pt-4"[39m
@tailwindspark/demo-app:test:           [36m>[39m
@tailwindspark/demo-app:test:             [36m<a[39m
@tailwindspark/demo-app:test:               [33mclass[39m=[32m"flex items-center gap-3 rounded-lg px-3 py-2 text-sm font-medium text-muted transition-all duration-200 hover:bg-surface-alt hover:text-text"[39m
@tailwindspark/demo-app:test:               [33mhref[39m=[32m"/"[39m
@tailwindspark/demo-app:test:             [36m>[39m
@tailwindspark/demo-app:test:               [36m<span[39m
@tailwindspark/demo-app:test:                 [33mclass[39m=[32m"text-lg"[39m
@tailwindspark/demo-app:test:               [36m>[39m
@tailwindspark/demo-app:test:                 [0m≡ƒÅá[0m
@tailwindspark/demo-app:test:               [36m</span>[39m
@tailwindspark/demo-app:test:               [0mBack to Main App[0m
@tailwindspark/demo-app:test:             [36m</a>[39m
@tailwindspark/demo-app:test:           [36m</div>[39m
@tailwindspark/demo-app:test:         [36m</nav>[39m
@tailwindspark/demo-app:test:         [36m<div[39m
@tailwindspark/demo-app:test:           [33mclass[39m=[32m"absolute bottom-0 left-0 right-0 border-t border p-4"[39m
@tailwindspark/demo-app:test:         [36m>[39m
@tailwindspark/demo-app:test:           [36m<div[39m
@tailwindspark/demo-app:test:             [33mclass[39m=[32m"flex items-center gap-3"[39m
@tailwindspark/demo-app:test:           [36m>[39m
@tailwindspark/demo-app:test:             [36m<div[39m
@tailwindspark/demo-app:test:               [33mclass[39m=[32m"from-brand to-accent-700 flex h-8 w-8 items-center justify-center rounded-full bg-gradient-to-br text-sm font-medium text-white"[39m
@tailwindspark/demo-app:test:             [36m>[39m
@tailwindspark/demo-app:test:               [0mMH[0m
@tailwindspark/demo-app:test:             [36m</div>[39m
@tailwindspark/demo-app:test:             [36m<div[39m
@tailwindspark/demo-app:test:               [33mclass[39m=[32m"min-w-0 flex-1"[39m
@tailwindspark/demo-app:test:             [36m>[39m
@tailwindspark/demo-app:test:               [36m<p[39m
@tailwindspark/demo-app:test:                 [33mclass[39m=[32m"truncate text-sm font-medium text-text"[39m
@tailwindspark/demo-app:test:               [36m>[39m
@tailwindspark/demo-app:test:                 [0mMark Hazleton[0m
@tailwindspark/demo-app:test:               [36m</p>[39m
@tailwindspark/demo-app:test:               [36m<p[39m
@tailwindspark/demo-app:test:                 [33mclass[39m=[32m"text-xs text-muted"[39m
@tailwindspark/demo-app:test:               [36m>[39m
@tailwindspark/demo-app:test:                 [0mWebSpark Creator[0m
@tailwindspark/demo-app:test:               [36m</p>[39m
@tailwindspark/demo-app:test:             [36m</div>[39m
@tailwindspark/demo-app:test:           [36m</div>[39m
@tailwindspark/demo-app:test:           [36m<div[39m
@tailwindspark/demo-app:test:             [33mclass[39m=[32m"mt-2 border-t border pt-2"[39m
@tailwindspark/demo-app:test:           [36m>[39m
@tailwindspark/demo-app:test:             [36m<a[39m
@tailwindspark/demo-app:test:               [33mclass[39m=[32m"text-brand hover:text-brand-hover text-xs"[39m
@tailwindspark/demo-app:test:               [33mhref[39m=[32m"https://webspark.markhazleton.com"[39m
@tailwindspark/demo-app:test:               [33mrel[39m=[32m"noopener noreferrer"[39m
@tailwindspark/demo-app:test:               [33mtarget[39m=[32m"_blank"[39m
@tailwindspark/demo-app:test:             [36m>[39m
@tailwindspark/demo-app:test:               [0mWebSpark Portfolio ΓåÆ[0m
@tailwindspark/demo-app:test:             [36m</a>[39m
@tailwindspark/demo-app:test:           [36m</div>[39m
@tailwindspark/demo-app:test:         [36m</div>[39m
@tailwindspark/demo-app:test:       [36m</div>[39m
@tailwindspark/demo-app:test:       [36m<div[39m
@tailwindspark/demo-app:test:         [33mclass[39m=[32m"flex flex-1 flex-col overflow-hidden lg:ml-64"[39m
@tailwindspark/demo-app:test:       [36m>[39m
@tailwindspark/demo-app:test:         [36m<header[39m
@tailwindspark/demo-app:test:           [33mclass[39m=[32m"sticky top-0 z-30 border-b border bg-surface-alt"[39m
@tailwindspark/demo-app:test:         [36m>[39m
@tailwindspark/demo-app:test:           [36m<div[39m
@tailwindspark/demo-app:test:             [33mclass[39m=[32m"flex items-center justify-between px-6 py-4"[39m
@tailwindspark/demo-app:test:           [36m>[39m
@tailwindspark/demo-app:test:             [36m<div[39m
@tailwindspark/demo-app:test:               [33mclass[39m=[32m"flex items-center gap-4"[39m
@tailwindspark/demo-app:test:             [36m...
@tailwindspark/demo-app:test: [90m [2mΓ¥»[22m Object.getElementError ../../node_modules/@testing-library/dom/dist/config.js:[2m37:19[22m[39m
@tailwindspark/demo-app:test: [90m [2mΓ¥»[22m getElementError ../../node_modules/@testing-library/dom/dist/query-helpers.js:[2m20:35[22m[39m
@tailwindspark/demo-app:test: [90m [2mΓ¥»[22m getMultipleElementsFoundError ../../node_modules/@testing-library/dom/dist/query-helpers.js:[2m23:10[22m[39m
@tailwindspark/demo-app:test: [90m [2mΓ¥»[22m ../../node_modules/@testing-library/dom/dist/query-helpers.js:[2m55:13[22m[39m
@tailwindspark/demo-app:test: [90m [2mΓ¥»[22m ../../node_modules/@testing-library/dom/dist/query-helpers.js:[2m95:19[22m[39m
@tailwindspark/demo-app:test: [36m [2mΓ¥»[22m src/pages/DashboardPage.test.tsx:[2m49:19[22m[39m
@tailwindspark/demo-app:test:     [90m 47| [39m    [34mexpect[39m(screen[33m.[39m[34mgetByText[39m([36m/Amount/i[39m))[33m.[39m[34mtoBeInTheDocument[39m()[33m;[39m
@tailwindspark/demo-app:test:     [90m 48| [39m    [34mexpect[39m(screen[33m.[39m[34mgetByText[39m([36m/Status/i[39m))[33m.[39m[34mtoBeInTheDocument[39m()[33m;[39m
@tailwindspark/demo-app:test:     [90m 49| [39m    [34mexpect[39m(screen[33m.[39m[34mgetByText[39m([36m/Date/i[39m))[33m.[39m[34mtoBeInTheDocument[39m()[33m;[39m
@tailwindspark/demo-app:test:     [90m   | [39m                  [31m^[39m
@tailwindspark/demo-app:test:     [90m 50| [39m  })[33m;[39m
@tailwindspark/demo-app:test:     [90m 51| [39m
@tailwindspark/demo-app:test: 
@tailwindspark/demo-app:test: [31m[2mΓÄ»ΓÄ»ΓÄ»ΓÄ»ΓÄ»ΓÄ»ΓÄ»ΓÄ»ΓÄ»ΓÄ»ΓÄ»ΓÄ»ΓÄ»ΓÄ»ΓÄ»ΓÄ»ΓÄ»ΓÄ»ΓÄ»ΓÄ»ΓÄ»ΓÄ»ΓÄ»[4/20]ΓÄ»[22m[39m
@tailwindspark/demo-app:test: 
@tailwindspark/demo-app:test: [41m[1m FAIL [22m[49m src/pages/DemosPage.test.tsx[2m > [22mDemosPage[2m > [22mrenders without crashing
@tailwindspark/demo-app:test: [31m[1mTestingLibraryElementError[22m[39m: Unable to find an element with the text: Demos. This could be because the text is broken up by multiple elements. In this case, you can provide a function for your text matcher to make your matcher more flexible.
@tailwindspark/demo-app:test: 
@tailwindspark/demo-app:test: Ignored nodes: comments, script, style
@tailwindspark/demo-app:test: [36m<body>[39m
@tailwindspark/demo-app:test:   [36m<div>[39m
@tailwindspark/demo-app:test:     [36m<div[39m
@tailwindspark/demo-app:test:       [33mclass[39m=[32m"bg-surface py-16"[39m
@tailwindspark/demo-app:test:     [36m>[39m
@tailwindspark/demo-app:test:       [36m<div[39m
@tailwindspark/demo-app:test:         [33mclass[39m=[32m"container mx-auto max-w-7xl px-4"[39m
@tailwindspark/demo-app:test:       [36m>[39m
@tailwindspark/demo-app:test:         [36m<div[39m
@tailwindspark/demo-app:test:           [33mclass[39m=[32m"mb-16 text-center"[39m
@tailwindspark/demo-app:test:         [36m>[39m
@tailwindspark/demo-app:test:           [36m<h1[39m
@tailwindspark/demo-app:test:             [33mclass[39m=[32m"mb-6 text-4xl font-bold text-text md:text-5xl"[39m
@tailwindspark/demo-app:test:           [36m>[39m
@tailwindspark/demo-app:test:             [0mReal-World Tailwind CSS Demos[0m
@tailwindspark/demo-app:test:           [36m</h1>[39m
@tailwindspark/demo-app:test:           [36m<p[39m
@tailwindspark/demo-app:test:             [33mclass[39m=[32m"mx-auto mb-8 max-w-4xl text-xl leading-relaxed text-text-muted"[39m
@tailwindspark/demo-app:test:           [36m>[39m
@tailwindspark/demo-app:test:             [0mThese three production-style examples showcase Tailwind CSS in real business scenarios, demonstrating technical complexity, business value, and modern best practices that employers and clients recognize.[0m
@tailwindspark/demo-app:test:           [36m</p>[39m
@tailwindspark/demo-app:test:           [36m<div[39m
@tailwindspark/demo-app:test:             [33mclass[39m=[32m"mx-auto max-w-4xl rounded-xl border border-border bg-surface-alt p-6"[39m
@tailwindspark/demo-app:test:           [36m>[39m
@tailwindspark/demo-app:test:             [36m<p[39m
@tailwindspark/demo-app:test:               [33mclass[39m=[32m"italic text-text"[39m
@tailwindspark/demo-app:test:             [36m>[39m
@tailwindspark/demo-app:test:               [0m"Each demo represents a different business use case, showcasing advanced Tailwind features, responsive design, accessibility considerations, and modern UI patterns that solve real problems."[0m
@tailwindspark/demo-app:test:             [36m</p>[39m
@tailwindspark/demo-app:test:           [36m</div>[39m
@tailwindspark/demo-app:test:         [36m</div>[39m
@tailwindspark/demo-app:test:         [36m<div[39m
@tailwindspark/demo-app:test:           [33mclass[39m=[32m"mb-16 grid gap-8 md:grid-cols-3"[39m
@tailwindspark/demo-app:test:         [36m>[39m
@tailwindspark/demo-app:test:           [36m<div[39m
@tailwindspark/demo-app:test:             [33mclass[39m=[32m"text-center"[39m
@tailwindspark/demo-app:test:           [36m>[39m
@tailwindspark/demo-app:test:             [36m<div[39m
@tailwindspark/demo-app:test:               [33mclass[39m=[32m"mx-auto mb-4 flex h-16 w-16 items-center justify-center rounded-full bg-gradient-to-r from-data-viz-1 to-data-viz-2"[39m
@tailwindspark/demo-app:test:             [36m>[39m
@tailwindspark/demo-app:test:               [36m<span[39m
@tailwindspark/demo-app:test:                 [33mclass[39m=[32m"text-2xl"[39m
@tailwindspark/demo-app:test:               [36m>[39m
@tailwindspark/demo-app:test:                 [0m≡ƒÅù∩╕Å[0m
@tailwindspark/demo-app:test:               [36m</span>[39m
@tailwindspark/demo-app:test:             [36m</div>[39m
@tailwindspark/demo-app:test:             [36m<h3[39m
@tailwindspark/demo-app:test:               [33mclass[39m=[32m"mb-3 text-xl font-semibold text-text"[39m
@tailwindspark/demo-app:test:             [36m>[39m
@tailwindspark/demo-app:test:               [0mTechnical Complexity[0m
@tailwindspark/demo-app:test:             [36m</h3>[39m
@tailwindspark/demo-app:test:             [36m<p[39m
@tailwindspark/demo-app:test:               [33mclass[39m=[32m"text-text-muted"[39m
@tailwindspark/demo-app:test:             [36m>[39m
@tailwindspark/demo-app:test:               [0mAdvanced Tailwind features like responsive design, dark mode, animations, and complex layouts that mirror actual development projects.[0m
@tailwindspark/demo-app:test:             [36m</p>[39m
@tailwindspark/demo-app:test:           [36m</div>[39m
@tailwindspark/demo-app:test:           [36m<div[39m
@tailwindspark/demo-app:test:             [33mclass[39m=[32m"text-center"[39m
@tailwindspark/demo-app:test:           [36m>[39m
@tailwindspark/demo-app:test:             [36m<div[39m
@tailwindspark/demo-app:test:               [33mclass[39m=[32m"mx-auto mb-4 flex h-16 w-16 items-center justify-center rounded-full bg-gradient-to-r from-data-viz-5 to-data-viz-6"[39m
@tailwindspark/demo-app:test:             [36m>[39m
@tailwindspark/demo-app:test:               [36m<span[39m
@tailwindspark/demo-app:test:                 [33mclass[39m=[32m"text-2xl"[39m
@tailwindspark/demo-app:test:               [36m>[39m
@tailwindspark/demo-app:test:                 [0m≡ƒÆ╝[0m
@tailwindspark/demo-app:test:               [36m</span>[39m
@tailwindspark/demo-app:test:             [36m</div>[39m
@tailwindspark/demo-app:test:             [36m<h3[39m
@tailwindspark/demo-app:test:               [33mclass[39m=[32m"mb-3 text-xl font-semibold text-text"[39m
@tailwindspark/demo-app:test:             [36m>[39m
@tailwindspark/demo-app:test:               [0mBusiness Value[0m
@tailwindspark/demo-app:test:             [36m</h3>[39m
@tailwindspark/demo-app:test:             [36m<p[39m
@tailwindspark/demo-app:test:               [33mclass[39m=[32m"text-text-muted"[39m
@tailwindspark/demo-app:test:             [36m>[39m
@tailwindspark/demo-app:test:               [0mCommon use cases covering SaaS dashboards, e-commerce, and marketing sites that potential employers and clients immediately understand.[0m
@tailwindspark/demo-app:test:             [36m</p>[39m
@tailwindspark/demo-app:test:           [36m</div>[39m
@tailwindspark/demo-app:test:           [36m<div[39m
@tailwindspark/demo-app:test:             [33mclass[39m=[32m"text-center"[39m
@tailwindspark/demo-app:test:           [36m>[39m
@tailwindspark/demo-app:test:             [36m<div[39m
@tailwindspark/demo-app:test:               [33mclass[39m=[32m"mx-auto mb-4 flex h-16 w-16 items-center justify-center rounded-full bg-gradient-to-r from-data-viz-3 to-data-viz-4"[39m
@tailwindspark/demo-app:test:             [36m>[39m
@tailwindspark/demo-app:test:               [36m<span[39m
@tailwindspark/demo-app:test:                 [33mclass[39m=[32m"text-2xl"[39m
@tailwindspark/demo-app:test:               [36m>[39m
@tailwindspark/demo-app:test:                 [0mΓ£¿[0m
@tailwindspark/demo-app:test:               [36m</span>[39m
@tailwindspark/demo-app:test:             [36m</div>[39m
@tailwindspark/demo-app:test:             [36m<h3[39m
@tailwindspark/demo-app:test:               [33mclass[39m=[32m"mb-3 text-xl font-semibold text-text"[39m
@tailwindspark/demo-app:test:             [36m>[39m
@tailwindspark/demo-app:test:               [0mBest Practices[0m
@tailwindspark/demo-app:test:             [36m</h3>[39m
@tailwindspark/demo-app:test:             [36m<p[39m
@tailwindspark/demo-app:test:               [33mclass[39m=[32m"text-text-muted"[39m
@tailwindspark/demo-app:test:             [36m>[39m
@tailwindspark/demo-app:test:               [0mProper component organization, semantic HTML, accessibility considerations, and modern UI patterns following industry standards.[0m
@tailwindspark/demo-app:test:             [36m</p>[39m
@tailwindspark/demo-app:test:           [36m</div>[39m
@tailwindspark/demo-app:test:         [36m</div>[39m
@tailwindspark/demo-app:test:         [36m<div[39m
@tailwindspark/demo-app:test:           [33mclass[39m=[32m"space-y-16"[39m
@tailwindspark/demo-app:test:         [36m>[39m
@tailwindspark/demo-app:test:           [36m<div[39m
@tailwindspark/demo-app:test:             [33mclass[39m=[32m"grid items-center gap-12 lg:grid-cols-2 "[39m
@tailwindspark/demo-app:test:           [36m>[39m
@tailwindspark/demo-app:test:             [36m<div[39m
@tailwindspark/demo-app:test:               [33mclass[39m=[32m""[39m
@tailwindspark/demo-app:test:             [36m>[39m
@tailwindspark/demo-app:test:               [36m<div[39m
@tailwindspark/demo-app:test:                 [33mclass[39m=[32m"group relative"[39m
@tailwindspark/demo-app:test:               [36m>[39m
@tailwindspark/demo-app:test:                 [36m<div[39m
@tailwindspark/demo-app:test:                   [33mclass[39m=[32m"absolute inset-0 rounded-2xl bg-gradient-to-r from-brand to-brand-hover opacity-20 transition-opacity group-hover:opacity-30"[39m
@tailwindspark/demo-app:test:                 [36m/>[39m
@tailwindspark/demo-app:test:                 [36m<img[39m
@tailwindspark/demo-app:test:                   [33malt[39m=[32m"SaaS Dashboard"[39m
@tailwindspark/demo-app:test:                   [33mclass[39m=[32m"relative z-10 h-80 w-full rounded-2xl object-cover shadow-2xl transition-transform duration-300 group-hover:scale-105"[39m
@tailwindspark/demo-app:test:                   [33msrc[39m=[32m"https://images.unsplash.com/photo-1551288049-bebda4e38f71?ixlib=rb-4.0.3&auto=format&fit=crop&w=800&q=80"[39m
@tailwindspark/demo-app:test:                 [36m/>[39m
@tailwindspark/demo-app:test:                 [36m<div[39m
@tailwindspark/demo-app:test:                   [33mclass[39m=[32m"absolute inset-0 z-20 flex items-center justify-center rounded-2xl bg-black/0 transition-all duration-300 group-hover:bg-black/20"[39m
@tailwindspark/demo-app:test:                 [36m>[39m
@tailwindspark/demo-app:test:                   [36m<a[39m
@tailwindspark/demo-app:test:                     [33mclass[39m=[32m"translate-y-4 transform rounded-full bg-white px-6 py-3 font-semibold text-text opacity-0 shadow-lg transition-all duration-300 group-hover:translate-y-0 group-hover:opacity-100"[39m
@tailwindspark/demo-app:test:                     [33mhref[39m=[32m"/dashboard"[39m
@tailwindspark/demo-app:test:                   [36m>[39m
@tailwindspark/demo-app:test:                     [0mView [0m
@tailwindspark/demo-app:test:                     [0mSaaS Dashboard[0m
@tailwindspark/demo-app:test:                     [0m ΓåÆ[0m
@tailwindspark/demo-app:test:                   [36m</a>[39m
@tailwindspark/demo-app:test:                 [36m</div>[39m
@tailwindspark/demo-app:test:               [36m</div>[39m
@tailwindspark/demo-app:test:             [36m</div>[39m
@tailwindspark/demo-app:test:             [36m<div[39m
@tailwindspark/demo-app:test:               [33mclass[39m=[32m""[39m
@tailwindspark/demo-app:test:             [36m>[39m
@tailwindspark/demo-app:test:               [36m<div[39m
@tailwindspark/demo-app:test:                 [33mclass[39m=[32m"space-y-6"[39m
@tailwindspark/demo-app:test:               [36m>[39m
@tailwindspark/demo-app:test:                 [36m<div>[39m
@tailwindspark/demo-app:test:                   [36m<h2[39m
@tailwindspark/demo-app:test:                     [33mclass[39m=[32m"mb-3 text-3xl font-bold text-text"[39m
@tailwindspark/demo-app:test:                   [36m>[39m
@tailwindspark/demo-app:test:                     [0mSaaS Dashboar...
@tailwindspark/demo-app:test: [90m [2mΓ¥»[22m Object.getElementError ../../node_modules/@testing-library/dom/dist/config.js:[2m37:19[22m[39m
@tailwindspark/demo-app:test: [90m [2mΓ¥»[22m ../../node_modules/@testing-library/dom/dist/query-helpers.js:[2m76:38[22m[39m
@tailwindspark/demo-app:test: [90m [2mΓ¥»[22m ../../node_modules/@testing-library/dom/dist/query-helpers.js:[2m52:17[22m[39m
@tailwindspark/demo-app:test: [90m [2mΓ¥»[22m ../../node_modules/@testing-library/dom/dist/query-helpers.js:[2m95:19[22m[39m
@tailwindspark/demo-app:test: [36m [2mΓ¥»[22m src/pages/DemosPage.test.tsx:[2m14:19[22m[39m
@tailwindspark/demo-app:test:     [90m 12| [39m    [34mrenderWithRouter[39m([33m<[39m[33mDemosPage[39m [33m/[39m[33m>[39m)[33m;[39m
@tailwindspark/demo-app:test:     [90m 13| [39m    // Look for "Demos" heading instead of generic /Demo/i which matchΓÇª
@tailwindspark/demo-app:test:     [90m 14| [39m    [34mexpect[39m(screen[33m.[39m[34mgetByText[39m([32m'Demos'[39m))[33m.[39m[34mtoBeInTheDocument[39m()[33m;[39m
@tailwindspark/demo-app:test:     [90m   | [39m                  [31m^[39m
@tailwindspark/demo-app:test:     [90m 15| [39m  })[33m;[39m
@tailwindspark/demo-app:test:     [90m 16| [39m
@tailwindspark/demo-app:test: 
@tailwindspark/demo-app:test: [31m[2mΓÄ»ΓÄ»ΓÄ»ΓÄ»ΓÄ»ΓÄ»ΓÄ»ΓÄ»ΓÄ»ΓÄ»ΓÄ»ΓÄ»ΓÄ»ΓÄ»ΓÄ»ΓÄ»ΓÄ»ΓÄ»ΓÄ»ΓÄ»ΓÄ»ΓÄ»ΓÄ»[5/20]ΓÄ»[22m[39m
@tailwindspark/demo-app:test: 
@tailwindspark/demo-app:test: [41m[1m FAIL [22m[49m src/pages/EcommercePage.test.tsx[2m > [22mEcommercePage[2m > [22mrenders product cards
@tailwindspark/demo-app:test: [31m[1mAssertionError[22m: expected 0 to be greater than 0[39m
@tailwindspark/demo-app:test: [36m [2mΓ¥»[22m src/pages/EcommercePage.test.tsx:[2m49:33[22m[39m
@tailwindspark/demo-app:test:     [90m 47| [39m    const productCards = document.querySelectorAll('[class*="card"]') ΓÇª
@tailwindspark/demo-app:test:     [90m 48| [39m                        document[33m.[39m[34mquerySelectorAll[39m([32m'[class*="border"]'[39m)[33m;[39m
@tailwindspark/demo-app:test:     [90m 49| [39m    [34mexpect[39m(productCards[33m.[39mlength)[33m.[39m[34mtoBeGreaterThan[39m([34m0[39m)[33m;[39m
@tailwindspark/demo-app:test:     [90m   | [39m                                [31m^[39m
@tailwindspark/demo-app:test:     [90m 50| [39m  })[33m;[39m
@tailwindspark/demo-app:test:     [90m 51| [39m
@tailwindspark/demo-app:test: 
@tailwindspark/demo-app:test: [31m[2mΓÄ»ΓÄ»ΓÄ»ΓÄ»ΓÄ»ΓÄ»ΓÄ»ΓÄ»ΓÄ»ΓÄ»ΓÄ»ΓÄ»ΓÄ»ΓÄ»ΓÄ»ΓÄ»ΓÄ»ΓÄ»ΓÄ»ΓÄ»ΓÄ»ΓÄ»ΓÄ»[6/20]ΓÄ»[22m[39m
@tailwindspark/demo-app:test: 
@tailwindspark/demo-app:test: [41m[1m FAIL [22m[49m src/pages/EcommercePage.test.tsx[2m > [22mEcommercePage[2m > [22mshows product prices
@tailwindspark/demo-app:test: [31m[1mAssertionError[22m: expected 0 to be greater than 0[39m
@tailwindspark/demo-app:test: [36m [2mΓ¥»[22m src/pages/EcommercePage.test.tsx:[2m58:34[22m[39m
@tailwindspark/demo-app:test:     [90m 56| [39m    const priceElements = document.querySelectorAll('[class*="price"]'ΓÇª
@tailwindspark/demo-app:test:     [90m 57| [39m                         screen[33m.[39m[34mgetAllByText[39m([36m/\$/[39m)[33m;[39m
@tailwindspark/demo-app:test:     [90m 58| [39m    [34mexpect[39m(priceElements[33m.[39mlength)[33m.[39m[34mtoBeGreaterThan[39m([34m0[39m)[33m;[39m
@tailwindspark/demo-app:test:     [90m   | [39m                                 [31m^[39m
@tailwindspark/demo-app:test:     [90m 59| [39m  })[33m;[39m
@tailwindspark/demo-app:test:     [90m 60| [39m
@tailwindspark/demo-app:test: 
@tailwindspark/demo-app:test: [31m[2mΓÄ»ΓÄ»ΓÄ»ΓÄ»ΓÄ»ΓÄ»ΓÄ»ΓÄ»ΓÄ»ΓÄ»ΓÄ»ΓÄ»ΓÄ»ΓÄ»ΓÄ»ΓÄ»ΓÄ»ΓÄ»ΓÄ»ΓÄ»ΓÄ»ΓÄ»ΓÄ»[7/20]ΓÄ»[22m[39m
@tailwindspark/demo-app:test: 
@tailwindspark/demo-app:test: [41m[1m FAIL [22m[49m src/pages/HomePage.test.tsx[2m > [22mHomePage[2m > [22mdisplays WebSpark portfolio link
@tailwindspark/demo-app:test: [31m[1mTestingLibraryElementError[22m[39m: Found multiple elements with the role "link" and name `/WebSpark Portfolio/i`
@tailwindspark/demo-app:test: 
@tailwindspark/demo-app:test: Here are the matching elements:
@tailwindspark/demo-app:test: 
@tailwindspark/demo-app:test: Ignored nodes: comments, script, style
@tailwindspark/demo-app:test: [36m<a[39m
@tailwindspark/demo-app:test:   [33mclass[39m=[32m"text-brand hover:text-brand-hover font-semibold"[39m
@tailwindspark/demo-app:test:   [33mhref[39m=[32m"https://webspark.markhazleton.com"[39m
@tailwindspark/demo-app:test:   [33mrel[39m=[32m"noopener noreferrer"[39m
@tailwindspark/demo-app:test:   [33mtarget[39m=[32m"_blank"[39m
@tailwindspark/demo-app:test: [36m>[39m
@tailwindspark/demo-app:test:   [0mWebSpark Portfolio[0m
@tailwindspark/demo-app:test: [36m</a>[39m
@tailwindspark/demo-app:test: 
@tailwindspark/demo-app:test: Ignored nodes: comments, script, style
@tailwindspark/demo-app:test: [36m<a[39m
@tailwindspark/demo-app:test:   [33mclass[39m=[32m"inline-flex items-center rounded-full bg-brand/10 px-3 py-1 text-sm font-medium text-brand transition-colors hover:bg-brand/20"[39m
@tailwindspark/demo-app:test:   [33mhref[39m=[32m"https://webspark.markhazleton.com"[39m
@tailwindspark/demo-app:test:   [33mrel[39m=[32m"noopener noreferrer"[39m
@tailwindspark/demo-app:test:   [33mtarget[39m=[32m"_blank"[39m
@tailwindspark/demo-app:test: [36m>[39m
@tailwindspark/demo-app:test:   [0m≡ƒîƒ WebSpark Portfolio[0m
@tailwindspark/demo-app:test: [36m</a>[39m
@tailwindspark/demo-app:test: 
@tailwindspark/demo-app:test: Ignored nodes: comments, script, style
@tailwindspark/demo-app:test: [36m<a[39m
@tailwindspark/demo-app:test:   [33mclass[39m=[32m"font-medium text-brand hover:text-brand-hover"[39m
@tailwindspark/demo-app:test:   [33mhref[39m=[32m"https://webspark.markhazleton.com"[39m
@tailwindspark/demo-app:test:   [33mrel[39m=[32m"noopener noreferrer"[39m
@tailwindspark/demo-app:test:   [33mtarget[39m=[32m"_blank"[39m
@tailwindspark/demo-app:test: [36m>[39m
@tailwindspark/demo-app:test:   [0mVisit WebSpark Portfolio ΓåÆ[0m
@tailwindspark/demo-app:test: [36m</a>[39m
@tailwindspark/demo-app:test: 
@tailwindspark/demo-app:test: (If this is intentional, then use the `*AllBy*` variant of the query (like `queryAllByText`, `getAllByText`, or `findAllByText`)).
@tailwindspark/demo-app:test: 
@tailwindspark/demo-app:test: Ignored nodes: comments, script, style
@tailwindspark/demo-app:test: [36m<body>[39m
@tailwindspark/demo-app:test:   [36m<div>[39m
@tailwindspark/demo-app:test:     [36m<div[39m
@tailwindspark/demo-app:test:       [33mclass[39m=[32m"bg-surface py-16"[39m
@tailwindspark/demo-app:test:     [36m>[39m
@tailwindspark/demo-app:test:       [36m<div[39m
@tailwindspark/demo-app:test:         [33mclass[39m=[32m"container mx-auto max-w-4xl px-4"[39m
@tailwindspark/demo-app:test:       [36m>[39m
@tailwindspark/demo-app:test:         [36m<div[39m
@tailwindspark/demo-app:test:           [33mclass[39m=[32m"mb-12"[39m
@tailwindspark/demo-app:test:         [36m>[39m
@tailwindspark/demo-app:test:           [36m<div[39m
@tailwindspark/demo-app:test:             [33mclass[39m=[32m"text-center py-12 "[39m
@tailwindspark/demo-app:test:           [36m>[39m
@tailwindspark/demo-app:test:             [36m<div[39m
@tailwindspark/demo-app:test:               [33mclass[39m=[32m"mb-4 flex items-center justify-center gap-4"[39m
@tailwindspark/demo-app:test:             [36m>[39m
@tailwindspark/demo-app:test:               [36m<div[39m
@tailwindspark/demo-app:test:                 [33mclass[39m=[32m"flex items-center gap-2 "[39m
@tailwindspark/demo-app:test:               [36m>[39m
@tailwindspark/demo-app:test:                 [36m<img[39m
@tailwindspark/demo-app:test:                   [33malt[39m=[32m"TailwindSpark Logo"[39m
@tailwindspark/demo-app:test:                   [33mclass[39m=[32m"w-16 h-16 object-contain"[39m
@tailwindspark/demo-app:test:                   [33mloading[39m=[32m"lazy"[39m
@tailwindspark/demo-app:test:                   [33msrc[39m=[32m"/TailwindSpark.png"[39m
@tailwindspark/demo-app:test:                 [36m/>[39m
@tailwindspark/demo-app:test:               [36m</div>[39m
@tailwindspark/demo-app:test:               [36m<h3[39m
@tailwindspark/demo-app:test:                 [33mclass[39m=[32m"text-4xl md:text-5xl font-bold"[39m
@tailwindspark/demo-app:test:               [36m>[39m
@tailwindspark/demo-app:test:                 [36m<span[39m
@tailwindspark/demo-app:test:                   [33mclass[39m=[32m"from-primary-600 to-accent-700 bg-gradient-to-r bg-clip-text text-transparent"[39m
@tailwindspark/demo-app:test:                 [36m>[39m
@tailwindspark/demo-app:test:                   [0mTailwindSpark[0m
@tailwindspark/demo-app:test:                 [36m</span>[39m
@tailwindspark/demo-app:test:               [36m</h3>[39m
@tailwindspark/demo-app:test:             [36m</div>[39m
@tailwindspark/demo-app:test:             [36m<div[39m
@tailwindspark/demo-app:test:               [33mclass[39m=[32m"text-xl text-muted max-w-3xl mx-auto"[39m
@tailwindspark/demo-app:test:             [36m>[39m
@tailwindspark/demo-app:test:               [36m<p>[39m
@tailwindspark/demo-app:test:                 [0mA comprehensive React TypeScript showcase of Tailwind CSS components, animations, and design systems. Part of the[0m
@tailwindspark/demo-app:test:                 [0m [0m
@tailwindspark/demo-app:test:                 [36m<a[39m
@tailwindspark/demo-app:test:                   [33mclass[39m=[32m"text-brand hover:text-brand-hover font-semibold"[39m
@tailwindspark/demo-app:test:                   [33mhref[39m=[32m"https://webspark.markhazleton.com"[39m
@tailwindspark/demo-app:test:                   [33mrel[39m=[32m"noopener noreferrer"[39m
@tailwindspark/demo-app:test:                   [33mtarget[39m=[32m"_blank"[39m
@tailwindspark/demo-app:test:                 [36m>[39m
@tailwindspark/demo-app:test:                   [0mWebSpark Portfolio[0m
@tailwindspark/demo-app:test:                 [36m</a>[39m
@tailwindspark/demo-app:test:                 [0m [0m
@tailwindspark/demo-app:test:                 [0mby[0m
@tailwindspark/demo-app:test:                 [0m [0m
@tailwindspark/demo-app:test:                 [36m<a[39m
@tailwindspark/demo-app:test:                   [33mclass[39m=[32m"text-brand hover:text-brand-hover font-semibold"[39m
@tailwindspark/demo-app:test:                   [33mhref[39m=[32m"https://markhazleton.com"[39m
@tailwindspark/demo-app:test:                   [33mrel[39m=[32m"noopener noreferrer"[39m
@tailwindspark/demo-app:test:                   [33mtarget[39m=[32m"_blank"[39m
@tailwindspark/demo-app:test:                 [36m>[39m
@tailwindspark/demo-app:test:                   [0mMark Hazleton[0m
@tailwindspark/demo-app:test:                 [36m</a>[39m
@tailwindspark/demo-app:test:                 [0m.[0m
@tailwindspark/demo-app:test:               [36m</p>[39m
@tailwindspark/demo-app:test:             [36m</div>[39m
@tailwindspark/demo-app:test:           [36m</div>[39m
@tailwindspark/demo-app:test:           [36m<div[39m
@tailwindspark/demo-app:test:             [33mclass[39m=[32m"mt-8 text-center"[39m
@tailwindspark/demo-app:test:           [36m>[39m
@tailwindspark/demo-app:test:             [36m<p[39m
@tailwindspark/demo-app:test:               [33mclass[39m=[32m"text-lg italic text-text-muted"[39m
@tailwindspark/demo-app:test:             [36m>[39m
@tailwindspark/demo-app:test:               [0m"Making technology work for business - lifelong learner, not sidetracked by sizzle."[0m
@tailwindspark/demo-app:test:             [36m</p>[39m
@tailwindspark/demo-app:test:           [36m</div>[39m
@tailwindspark/demo-app:test:         [36m</div>[39m
@tailwindspark/demo-app:test:         [36m<div[39m
@tailwindspark/demo-app:test:           [33mclass[39m=[32m"mb-12 rounded-lg border border-border bg-surface-alt p-6"[39m
@tailwindspark/demo-app:test:         [36m>[39m
@tailwindspark/demo-app:test:           [36m<h3[39m
@tailwindspark/demo-app:test:             [33mclass[39m=[32m"mb-3 text-lg font-semibold text-text"[39m
@tailwindspark/demo-app:test:           [36m>[39m
@tailwindspark/demo-app:test:             [0m≡ƒîÉ Part of the WebSpark Ecosystem[0m
@tailwindspark/demo-app:test:           [36m</h3>[39m
@tailwindspark/demo-app:test:           [36m<p[39m
@tailwindspark/demo-app:test:             [33mclass[39m=[32m"mb-4 text-text-muted"[39m
@tailwindspark/demo-app:test:           [36m>[39m
@tailwindspark/demo-app:test:             [0mTailwindSpark demonstrates practical application of modern web technologies as part of the WebSpark suite, showcasing real-world implementations rather than theoretical concepts. Explore other WebSpark applications:[0m
@tailwindspark/demo-app:test:           [36m</p>[39m
@tailwindspark/demo-app:test:           [36m<div[39m
@tailwindspark/demo-app:test:             [33mclass[39m=[32m"flex flex-wrap gap-3"[39m
@tailwindspark/demo-app:test:           [36m>[39m
@tailwindspark/demo-app:test:             [36m<a[39m
@tailwindspark/demo-app:test:               [33mclass[39m=[32m"inline-flex items-center rounded-full bg-brand/10 px-3 py-1 text-sm font-medium text-brand transition-colors hover:bg-brand/20"[39m
@tailwindspark/demo-app:test:               [33mhref[39m=[32m"https://webspark.markhazleton.com"[39m
@tailwindspark/demo-app:test:               [33mrel[39m=[32m"noopener noreferrer"[39m
@tailwindspark/demo-app:test:               [33mtarget[39m=[32m"_blank"[39m
@tailwindspark/demo-app:test:             [36m>[39m
@tailwindspark/demo-app:test:               [0m≡ƒîƒ WebSpark Portfolio[0m
@tailwindspark/demo-app:test:             [36m</a>[39m
@tailwindspark/demo-app:test:             [36m<span[39m
@tailwindspark/demo-app:test:               [33mclass[39m=[32m"inline-flex items-center rounded-full bg-brand/10 px-3 py-1 text-sm font-medium text-brand"[39m
@tailwindspark/demo-app:test:             [36m>[39m
@tailwindspark/demo-app:test:               [0m≡ƒñû PromptSpark - AI Prompts[0m
@tailwindspark/demo-app:test:             [36m</span>[39m
@tailwindspark/demo-app:test:             [36m<span[39m
@tailwindspark/demo-app:test:               [33mclass[39m=[32m"inline-flex items-center rounded-full bg-success/10 px-3 py-1 text-sm font-medium text-success"[39m
@tailwindspark/demo-app:test:             [36m>[39m
@tailwindspark/demo-app:test:               [0m≡ƒì│ RecipeSpark - Recipe Management[0m
@tailwindspark/demo-app:test:             [36m</span>[39m
@tailwindspark/demo-app:test:             [36m<span[39m
@tailwindspark/demo-app:test:               [33mclass[39m=[32m"inline-flex items-center rounded-full bg-warning/10 px-3 py-1 text-sm font-medium text-warning"[39m
@tailwindspark/demo-app:test:             [36m>[39m
@tailwindspark/demo-app:test:               [0m≡ƒºá TriviaSpark - Interactive Quizzes[0m
@tailwindspark/demo-app:test:             [36m</span>[39m
@tailwindspark/demo-app:test:           [36m</div>[39m
@tailwindspark/demo-app:test:         [36m</div>[39m
@tailwindspark/demo-app:test:         [36m<div[39m
@tailwindspark/demo-app:test:           [33mclass[39m=[32m"mb-12 grid grid-cols-1 gap-6 md:grid-cols-2 lg:grid-cols-3"[39m
@tailwindspark/demo-app:test:         [36m>[39m
@tailwindspark/demo-app:test:           [36m<div[39m
@tailwindspark/demo-app:test:             [33mclass[39m=[32m"rounded-lg border border-border bg-surface p-6 shadow-md"[39m
@tailwindspark/demo-app:test:           [36m>[39m
@tailwindspark/demo-app:test:             [36m<h3[39m
@tailwindspark/demo-app:test:               [33mclass[39m=[32m"mb-2 text-lg font-semibold text-text"[39m
@tailwindspark/demo-app:test:             [36m>[39m
@tailwindspark/demo-app:test:               [0mComponent Library[0m
@tailwindspark/demo-app:test:             [36m</h3>[39m
@tailwindspark/demo-app:test:             [36m<p[39m
@tailwindspark/demo-app:test:               [33mclass[39m=[32m"text-text-muted"[39m
@tailwindspark/demo-app:test:             [36m>[39m
@tailwindspark/demo-app:test:               [0mProduction-ready UI components built with Tailwind CSS, TypeScript, and accessibility best practices.[0m
@tailwindspark/demo-app:test:             [36m</p>[39m
@tailwindspark/demo-app:test:           [36m</div>[39m
@tailwindspark/demo-app:test:           [36m<div[39m
@tailwindspark/demo-app:test:             [33mclass[39m=[32m"rounded-lg border border-border bg-surface p-6 shadow-md"[39m
@tailwindspark/demo-app:test:           [36m>[39m
@tailwindspark/demo-app:test:             [36m<h3[39m
@tailwindspark/demo-app:test:               [33mclass[39m=[32m"mb-2 text-lg font-semibold text-text"[39m
@tailwindspark/demo-app:test:             [36m>[39m
@tailwindspark/demo-app:test:               [0mDark Mode & Accessibility[0m
@tailwindspark/demo-app:test:             [36m</h3>[39m
@tailwindspark/demo-app:test:             [36m<p[39m
@tailwindspark/demo-app:test:               [33mclass[39m=[32m"text-text-muted"[39m
@tailwindspark/demo-app:test:             [36m>[39m
@tailwindspark/demo-app:test:               [0mWCAG compliant components with automatic dark mode support and system preference detection.[0m
@tailwindspark/demo-app:test:             [36m</p>[39m
@tailwindspark/demo-app:test:           [36m</div>[39m
@tailwindspark/demo-app:test:           [36m<div[39m
@tailwindspark/demo-app:test:             [33mclass[39m=[32m"rounded-lg border border-border bg-surface p-6 shadow-md"[39m
@tailwindspark/demo-app:test:           [36m>[39m
@tailwindspark/demo-app:test:             [36m<h3[39m
@tailwindspark/demo-app:test:               [33mclass[39m=[32m"mb-2 text-lg fo...
@tailwindspark/demo-app:test: [90m [2mΓ¥»[22m Object.getElementError ../../node_modules/@testing-library/dom/dist/config.js:[2m37:19[22m[39m
@tailwindspark/demo-app:test: [90m [2mΓ¥»[22m getElementError ../../node_modules/@testing-library/dom/dist/query-helpers.js:[2m20:35[22m[39m
@tailwindspark/demo-app:test: [90m [2mΓ¥»[22m getMultipleElementsFoundError ../../node_modules/@testing-library/dom/dist/query-helpers.js:[2m23:10[22m[39m
@tailwindspark/demo-app:test: [90m [2mΓ¥»[22m ../../node_modules/@testing-library/dom/dist/query-helpers.js:[2m55:13[22m[39m
@tailwindspark/demo-app:test: [90m [2mΓ¥»[22m ../../node_modules/@testing-library/dom/dist/query-helpers.js:[2m95:19[22m[39m
@tailwindspark/demo-app:test: [36m [2mΓ¥»[22m src/pages/HomePage.test.tsx:[2m33:34[22m[39m
@tailwindspark/demo-app:test:     [90m 31| [39m  [34mit[39m([32m'displays WebSpark portfolio link'[39m[33m,[39m () [33m=>[39m {
@tailwindspark/demo-app:test:     [90m 32| [39m    [34mrenderWithRouter[39m([33m<[39m[33mHomePage[39m [33m/[39m[33m>[39m)[33m;[39m
@tailwindspark/demo-app:test:     [90m 33| [39m    const portfolioLink = screen.getByRole('link', { name: /WebSpark PΓÇª
@tailwindspark/demo-app:test:     [90m   | [39m                                 [31m^[39m
@tailwindspark/demo-app:test:     [90m 34| [39m    [34mexpect[39m(portfolioLink)[33m.[39m[34mtoBeInTheDocument[39m()[33m;[39m
@tailwindspark/demo-app:test:     [90m 35| [39m    expect(portfolioLink).toHaveAttribute('href', 'https://webspark.maΓÇª
@tailwindspark/demo-app:test: 
@tailwindspark/demo-app:test: [31m[2mΓÄ»ΓÄ»ΓÄ»ΓÄ»ΓÄ»ΓÄ»ΓÄ»ΓÄ»ΓÄ»ΓÄ»ΓÄ»ΓÄ»ΓÄ»ΓÄ»ΓÄ»ΓÄ»ΓÄ»ΓÄ»ΓÄ»ΓÄ»ΓÄ»ΓÄ»ΓÄ»[8/20]ΓÄ»[22m[39m
@tailwindspark/demo-app:test: 
@tailwindspark/demo-app:test: [41m[1m FAIL [22m[49m src/pages/HomePage.test.tsx[2m > [22mHomePage[2m > [22mdisplays feature cards
@tailwindspark/demo-app:test: [31m[1mTestingLibraryElementError[22m[39m: Found multiple elements with the text: /Component Library/i
@tailwindspark/demo-app:test: 
@tailwindspark/demo-app:test: Here are the matching elements:
@tailwindspark/demo-app:test: 
@tailwindspark/demo-app:test: Ignored nodes: comments, script, style
@tailwindspark/demo-app:test: [36m<h3[39m
@tailwindspark/demo-app:test:   [33mclass[39m=[32m"mb-2 text-lg font-semibold text-text"[39m
@tailwindspark/demo-app:test: [36m>[39m
@tailwindspark/demo-app:test:   [0mComponent Library[0m
@tailwindspark/demo-app:test: [36m</h3>[39m
@tailwindspark/demo-app:test: 
@tailwindspark/demo-app:test: Ignored nodes: comments, script, style
@tailwindspark/demo-app:test: [36m<p[39m
@tailwindspark/demo-app:test:   [33mclass[39m=[32m"text-text-muted"[39m
@tailwindspark/demo-app:test: [36m>[39m
@tailwindspark/demo-app:test:   [0mProduction-ready component library with buttons, forms, cards, modals, and animations. All components include TypeScript definitions and accessibility features.[0m
@tailwindspark/demo-app:test: [36m</p>[39m
@tailwindspark/demo-app:test: 
@tailwindspark/demo-app:test: (If this is intentional, then use the `*AllBy*` variant of the query (like `queryAllByText`, `getAllByText`, or `findAllByText`)).
@tailwindspark/demo-app:test: 
@tailwindspark/demo-app:test: Ignored nodes: comments, script, style
@tailwindspark/demo-app:test: [36m<body>[39m
@tailwindspark/demo-app:test:   [36m<div>[39m
@tailwindspark/demo-app:test:     [36m<div[39m
@tailwindspark/demo-app:test:       [33mclass[39m=[32m"bg-surface py-16"[39m
@tailwindspark/demo-app:test:     [36m>[39m
@tailwindspark/demo-app:test:       [36m<div[39m
@tailwindspark/demo-app:test:         [33mclass[39m=[32m"container mx-auto max-w-4xl px-4"[39m
@tailwindspark/demo-app:test:       [36m>[39m
@tailwindspark/demo-app:test:         [36m<div[39m
@tailwindspark/demo-app:test:           [33mclass[39m=[32m"mb-12"[39m
@tailwindspark/demo-app:test:         [36m>[39m
@tailwindspark/demo-app:test:           [36m<div[39m
@tailwindspark/demo-app:test:             [33mclass[39m=[32m"text-center py-12 "[39m
@tailwindspark/demo-app:test:           [36m>[39m
@tailwindspark/demo-app:test:             [36m<div[39m
@tailwindspark/demo-app:test:               [33mclass[39m=[32m"mb-4 flex items-center justify-center gap-4"[39m
@tailwindspark/demo-app:test:             [36m>[39m
@tailwindspark/demo-app:test:               [36m<div[39m
@tailwindspark/demo-app:test:                 [33mclass[39m=[32m"flex items-center gap-2 "[39m
@tailwindspark/demo-app:test:               [36m>[39m
@tailwindspark/demo-app:test:                 [36m<img[39m
@tailwindspark/demo-app:test:                   [33malt[39m=[32m"TailwindSpark Logo"[39m
@tailwindspark/demo-app:test:                   [33mclass[39m=[32m"w-16 h-16 object-contain"[39m
@tailwindspark/demo-app:test:                   [33mloading[39m=[32m"lazy"[39m
@tailwindspark/demo-app:test:                   [33msrc[39m=[32m"/TailwindSpark.png"[39m
@tailwindspark/demo-app:test:                 [36m/>[39m
@tailwindspark/demo-app:test:               [36m</div>[39m
@tailwindspark/demo-app:test:               [36m<h3[39m
@tailwindspark/demo-app:test:                 [33mclass[39m=[32m"text-4xl md:text-5xl font-bold"[39m
@tailwindspark/demo-app:test:               [36m>[39m
@tailwindspark/demo-app:test:                 [36m<span[39m
@tailwindspark/demo-app:test:                   [33mclass[39m=[32m"from-primary-600 to-accent-700 bg-gradient-to-r bg-clip-text text-transparent"[39m
@tailwindspark/demo-app:test:                 [36m>[39m
@tailwindspark/demo-app:test:                   [0mTailwindSpark[0m
@tailwindspark/demo-app:test:                 [36m</span>[39m
@tailwindspark/demo-app:test:               [36m</h3>[39m
@tailwindspark/demo-app:test:             [36m</div>[39m
@tailwindspark/demo-app:test:             [36m<div[39m
@tailwindspark/demo-app:test:               [33mclass[39m=[32m"text-xl text-muted max-w-3xl mx-auto"[39m
@tailwindspark/demo-app:test:             [36m>[39m
@tailwindspark/demo-app:test:               [36m<p>[39m
@tailwindspark/demo-app:test:                 [0mA comprehensive React TypeScript showcase of Tailwind CSS components, animations, and design systems. Part of the[0m
@tailwindspark/demo-app:test:                 [0m [0m
@tailwindspark/demo-app:test:                 [36m<a[39m
@tailwindspark/demo-app:test:                   [33mclass[39m=[32m"text-brand hover:text-brand-hover font-semibold"[39m
@tailwindspark/demo-app:test:                   [33mhref[39m=[32m"https://webspark.markhazleton.com"[39m
@tailwindspark/demo-app:test:                   [33mrel[39m=[32m"noopener noreferrer"[39m
@tailwindspark/demo-app:test:                   [33mtarget[39m=[32m"_blank"[39m
@tailwindspark/demo-app:test:                 [36m>[39m
@tailwindspark/demo-app:test:                   [0mWebSpark Portfolio[0m
@tailwindspark/demo-app:test:                 [36m</a>[39m
@tailwindspark/demo-app:test:                 [0m [0m
@tailwindspark/demo-app:test:                 [0mby[0m
@tailwindspark/demo-app:test:                 [0m [0m
@tailwindspark/demo-app:test:                 [36m<a[39m
@tailwindspark/demo-app:test:                   [33mclass[39m=[32m"text-brand hover:text-brand-hover font-semibold"[39m
@tailwindspark/demo-app:test:                   [33mhref[39m=[32m"https://markhazleton.com"[39m
@tailwindspark/demo-app:test:                   [33mrel[39m=[32m"noopener noreferrer"[39m
@tailwindspark/demo-app:test:                   [33mtarget[39m=[32m"_blank"[39m
@tailwindspark/demo-app:test:                 [36m>[39m
@tailwindspark/demo-app:test:                   [0mMark Hazleton[0m
@tailwindspark/demo-app:test:                 [36m</a>[39m
@tailwindspark/demo-app:test:                 [0m.[0m
@tailwindspark/demo-app:test:               [36m</p>[39m
@tailwindspark/demo-app:test:             [36m</div>[39m
@tailwindspark/demo-app:test:           [36m</div>[39m
@tailwindspark/demo-app:test:           [36m<div[39m
@tailwindspark/demo-app:test:             [33mclass[39m=[32m"mt-8 text-center"[39m
@tailwindspark/demo-app:test:           [36m>[39m
@tailwindspark/demo-app:test:             [36m<p[39m
@tailwindspark/demo-app:test:               [33mclass[39m=[32m"text-lg italic text-text-muted"[39m
@tailwindspark/demo-app:test:             [36m>[39m
@tailwindspark/demo-app:test:               [0m"Making technology work for business - lifelong learner, not sidetracked by sizzle."[0m
@tailwindspark/demo-app:test:             [36m</p>[39m
@tailwindspark/demo-app:test:           [36m</div>[39m
@tailwindspark/demo-app:test:         [36m</div>[39m
@tailwindspark/demo-app:test:         [36m<div[39m
@tailwindspark/demo-app:test:           [33mclass[39m=[32m"mb-12 rounded-lg border border-border bg-surface-alt p-6"[39m
@tailwindspark/demo-app:test:         [36m>[39m
@tailwindspark/demo-app:test:           [36m<h3[39m
@tailwindspark/demo-app:test:             [33mclass[39m=[32m"mb-3 text-lg font-semibold text-text"[39m
@tailwindspark/demo-app:test:           [36m>[39m
@tailwindspark/demo-app:test:             [0m≡ƒîÉ Part of the WebSpark Ecosystem[0m
@tailwindspark/demo-app:test:           [36m</h3>[39m
@tailwindspark/demo-app:test:           [36m<p[39m
@tailwindspark/demo-app:test:             [33mclass[39m=[32m"mb-4 text-text-muted"[39m
@tailwindspark/demo-app:test:           [36m>[39m
@tailwindspark/demo-app:test:             [0mTailwindSpark demonstrates practical application of modern web technologies as part of the WebSpark suite, showcasing real-world implementations rather than theoretical concepts. Explore other WebSpark applications:[0m
@tailwindspark/demo-app:test:           [36m</p>[39m
@tailwindspark/demo-app:test:           [36m<div[39m
@tailwindspark/demo-app:test:             [33mclass[39m=[32m"flex flex-wrap gap-3"[39m
@tailwindspark/demo-app:test:           [36m>[39m
@tailwindspark/demo-app:test:             [36m<a[39m
@tailwindspark/demo-app:test:               [33mclass[39m=[32m"inline-flex items-center rounded-full bg-brand/10 px-3 py-1 text-sm font-medium text-brand transition-colors hover:bg-brand/20"[39m
@tailwindspark/demo-app:test:               [33mhref[39m=[32m"https://webspark.markhazleton.com"[39m
@tailwindspark/demo-app:test:               [33mrel[39m=[32m"noopener noreferrer"[39m
@tailwindspark/demo-app:test:               [33mtarget[39m=[32m"_blank"[39m
@tailwindspark/demo-app:test:             [36m>[39m
@tailwindspark/demo-app:test:               [0m≡ƒîƒ WebSpark Portfolio[0m
@tailwindspark/demo-app:test:             [36m</a>[39m
@tailwindspark/demo-app:test:             [36m<span[39m
@tailwindspark/demo-app:test:               [33mclass[39m=[32m"inline-flex items-center rounded-full bg-brand/10 px-3 py-1 text-sm font-medium text-brand"[39m
@tailwindspark/demo-app:test:             [36m>[39m
@tailwindspark/demo-app:test:               [0m≡ƒñû PromptSpark - AI Prompts[0m
@tailwindspark/demo-app:test:             [36m</span>[39m
@tailwindspark/demo-app:test:             [36m<span[39m
@tailwindspark/demo-app:test:               [33mclass[39m=[32m"inline-flex items-center rounded-full bg-success/10 px-3 py-1 text-sm font-medium text-success"[39m
@tailwindspark/demo-app:test:             [36m>[39m
@tailwindspark/demo-app:test:               [0m≡ƒì│ RecipeSpark - Recipe Management[0m
@tailwindspark/demo-app:test:             [36m</span>[39m
@tailwindspark/demo-app:test:             [36m<span[39m
@tailwindspark/demo-app:test:               [33mclass[39m=[32m"inline-flex items-center rounded-full bg-warning/10 px-3 py-1 text-sm font-medium text-warning"[39m
@tailwindspark/demo-app:test:             [36m>[39m
@tailwindspark/demo-app:test:               [0m≡ƒºá TriviaSpark - Interactive Quizzes[0m
@tailwindspark/demo-app:test:             [36m</span>[39m
@tailwindspark/demo-app:test:           [36m</div>[39m
@tailwindspark/demo-app:test:         [36m</div>[39m
@tailwindspark/demo-app:test:         [36m<div[39m
@tailwindspark/demo-app:test:           [33mclass[39m=[32m"mb-12 grid grid-cols-1 gap-6 md:grid-cols-2 lg:grid-cols-3"[39m
@tailwindspark/demo-app:test:         [36m>[39m
@tailwindspark/demo-app:test:           [36m<div[39m
@tailwindspark/demo-app:test:             [33mclass[39m=[32m"rounded-lg border border-border bg-surface p-6 shadow-md"[39m
@tailwindspark/demo-app:test:           [36m>[39m
@tailwindspark/demo-app:test:             [36m<h3[39m
@tailwindspark/demo-app:test:               [33mclass[39m=[32m"mb-2 text-lg font-semibold text-text"[39m
@tailwindspark/demo-app:test:             [36m>[39m
@tailwindspark/demo-app:test:               [0mComponent Library[0m
@tailwindspark/demo-app:test:             [36m</h3>[39m
@tailwindspark/demo-app:test:             [36m<p[39m
@tailwindspark/demo-app:test:               [33mclass[39m=[32m"text-text-muted"[39m
@tailwindspark/demo-app:test:             [36m>[39m
@tailwindspark/demo-app:test:               [0mProduction-ready UI components built with Tailwind CSS, TypeScript, and accessibility best practices.[0m
@tailwindspark/demo-app:test:             [36m</p>[39m
@tailwindspark/demo-app:test:           [36m</div>[39m
@tailwindspark/demo-app:test:           [36m<div[39m
@tailwindspark/demo-app:test:             [33mclass[39m=[32m"rounded-lg border border-border bg-surface p-6 shadow-md"[39m
@tailwindspark/demo-app:test:           [36m>[39m
@tailwindspark/demo-app:test:             [36m<h3[39m
@tailwindspark/demo-app:test:               [33mclass[39m=[32m"mb-2 text-lg font-semibold text-text"[39m
@tailwindspark/demo-app:test:             [36m>[39m
@tailwindspark/demo-app:test:               [0mDark Mode & Accessibility[0m
@tailwindspark/demo-app:test:             [36m</h3>[39m
@tailwindspark/demo-app:test:             [36m<p[39m
@tailwindspark/demo-app:test:               [33mclass[39m=[32m"text-text-muted"[39m
@tailwindspark/demo-app:test:             [36m>[39m
@tailwindspark/demo-app:test:               [0mWCAG compliant components with automatic dark mode support and system preference detection.[0m
@tailwindspark/demo-app:test:             [36m</p>[39m
@tailwindspark/demo-app:test:           [36m</div>[39m
@tailwindspark/demo-app:test:           [36m<div[39m
@tailwindspark/demo-app:test:             [33mclass[39m=[32m"rounded-lg border border-border bg-surface p-6 shadow-md"[39m
@tailwindspark/demo-app:test:           [36m>[39m
@tailwindspark/demo-app:test:             [36m<h3[39m
@tailwindspark/demo-app:test:               [33mclass[39m=[32m"mb-2 text-lg fo...
@tailwindspark/demo-app:test: [90m [2mΓ¥»[22m Object.getElementError ../../node_modules/@testing-library/dom/dist/config.js:[2m37:19[22m[39m
@tailwindspark/demo-app:test: [90m [2mΓ¥»[22m getElementError ../../node_modules/@testing-library/dom/dist/query-helpers.js:[2m20:35[22m[39m
@tailwindspark/demo-app:test: [90m [2mΓ¥»[22m getMultipleElementsFoundError ../../node_modules/@testing-library/dom/dist/query-helpers.js:[2m23:10[22m[39m
@tailwindspark/demo-app:test: [90m [2mΓ¥»[22m ../../node_modules/@testing-library/dom/dist/query-helpers.js:[2m55:13[22m[39m
@tailwindspark/demo-app:test: [90m [2mΓ¥»[22m ../../node_modules/@testing-library/dom/dist/query-helpers.js:[2m95:19[22m[39m
@tailwindspark/demo-app:test: [36m [2mΓ¥»[22m src/pages/HomePage.test.tsx:[2m42:19[22m[39m
@tailwindspark/demo-app:test:     [90m 40| [39m  [34mit[39m([32m'displays feature cards'[39m[33m,[39m () [33m=>[39m {
@tailwindspark/demo-app:test:     [90m 41| [39m    [34mrenderWithRouter[39m([33m<[39m[33mHomePage[39m [33m/[39m[33m>[39m)[33m;[39m
@tailwindspark/demo-app:test:     [90m 42| [39m    [34mexpect[39m(screen[33m.[39m[34mgetByText[39m([36m/Component Library/i[39m))[33m.[39m[34mtoBeInTheDocument[39m()[33m;[39m
@tailwindspark/demo-app:test:     [90m   | [39m                  [31m^[39m
@tailwindspark/demo-app:test:     [90m 43| [39m    expect(screen.getByText(/Dark Mode & Accessibility/i)).toBeInTheDoΓÇª
@tailwindspark/demo-app:test:     [90m 44| [39m    expect(screen.getByText(/TailwindSpark Dashboard/i)).toBeInTheDocuΓÇª
@tailwindspark/demo-app:test: 
@tailwindspark/demo-app:test: [31m[2mΓÄ»ΓÄ»ΓÄ»ΓÄ»ΓÄ»ΓÄ»ΓÄ»ΓÄ»ΓÄ»ΓÄ»ΓÄ»ΓÄ»ΓÄ»ΓÄ»ΓÄ»ΓÄ»ΓÄ»ΓÄ»ΓÄ»ΓÄ»ΓÄ»ΓÄ»ΓÄ»[9/20]ΓÄ»[22m[39m
@tailwindspark/demo-app:test: 
@tailwindspark/demo-app:test: [41m[1m FAIL [22m[49m src/pages/HomePage.test.tsx[2m > [22mHomePage[2m > [22mrenders all WebSpark application badges
@tailwindspark/demo-app:test: [31m[1mTestingLibraryElementError[22m[39m: Found multiple elements with the text: /WebSpark Portfolio/i
@tailwindspark/demo-app:test: 
@tailwindspark/demo-app:test: Here are the matching elements:
@tailwindspark/demo-app:test: 
@tailwindspark/demo-app:test: Ignored nodes: comments, script, style
@tailwindspark/demo-app:test: [36m<a[39m
@tailwindspark/demo-app:test:   [33mclass[39m=[32m"text-brand hover:text-brand-hover font-semibold"[39m
@tailwindspark/demo-app:test:   [33mhref[39m=[32m"https://webspark.markhazleton.com"[39m
@tailwindspark/demo-app:test:   [33mrel[39m=[32m"noopener noreferrer"[39m
@tailwindspark/demo-app:test:   [33mtarget[39m=[32m"_blank"[39m
@tailwindspark/demo-app:test: [36m>[39m
@tailwindspark/demo-app:test:   [0mWebSpark Portfolio[0m
@tailwindspark/demo-app:test: [36m</a>[39m
@tailwindspark/demo-app:test: 
@tailwindspark/demo-app:test: Ignored nodes: comments, script, style
@tailwindspark/demo-app:test: [36m<a[39m
@tailwindspark/demo-app:test:   [33mclass[39m=[32m"inline-flex items-center rounded-full bg-brand/10 px-3 py-1 text-sm font-medium text-brand transition-colors hover:bg-brand/20"[39m
@tailwindspark/demo-app:test:   [33mhref[39m=[32m"https://webspark.markhazleton.com"[39m
@tailwindspark/demo-app:test:   [33mrel[39m=[32m"noopener noreferrer"[39m
@tailwindspark/demo-app:test:   [33mtarget[39m=[32m"_blank"[39m
@tailwindspark/demo-app:test: [36m>[39m
@tailwindspark/demo-app:test:   [0m≡ƒîƒ WebSpark Portfolio[0m
@tailwindspark/demo-app:test: [36m</a>[39m
@tailwindspark/demo-app:test: 
@tailwindspark/demo-app:test: Ignored nodes: comments, script, style
@tailwindspark/demo-app:test: [36m<a[39m
@tailwindspark/demo-app:test:   [33mclass[39m=[32m"font-medium text-brand hover:text-brand-hover"[39m
@tailwindspark/demo-app:test:   [33mhref[39m=[32m"https://webspark.markhazleton.com"[39m
@tailwindspark/demo-app:test:   [33mrel[39m=[32m"noopener noreferrer"[39m
@tailwindspark/demo-app:test:   [33mtarget[39m=[32m"_blank"[39m
@tailwindspark/demo-app:test: [36m>[39m
@tailwindspark/demo-app:test:   [0mVisit WebSpark Portfolio ΓåÆ[0m
@tailwindspark/demo-app:test: [36m</a>[39m
@tailwindspark/demo-app:test: 
@tailwindspark/demo-app:test: (If this is intentional, then use the `*AllBy*` variant of the query (like `queryAllByText`, `getAllByText`, or `findAllByText`)).
@tailwindspark/demo-app:test: 
@tailwindspark/demo-app:test: Ignored nodes: comments, script, style
@tailwindspark/demo-app:test: [36m<body>[39m
@tailwindspark/demo-app:test:   [36m<div>[39m
@tailwindspark/demo-app:test:     [36m<div[39m
@tailwindspark/demo-app:test:       [33mclass[39m=[32m"bg-surface py-16"[39m
@tailwindspark/demo-app:test:     [36m>[39m
@tailwindspark/demo-app:test:       [36m<div[39m
@tailwindspark/demo-app:test:         [33mclass[39m=[32m"container mx-auto max-w-4xl px-4"[39m
@tailwindspark/demo-app:test:       [36m>[39m
@tailwindspark/demo-app:test:         [36m<div[39m
@tailwindspark/demo-app:test:           [33mclass[39m=[32m"mb-12"[39m
@tailwindspark/demo-app:test:         [36m>[39m
@tailwindspark/demo-app:test:           [36m<div[39m
@tailwindspark/demo-app:test:             [33mclass[39m=[32m"text-center py-12 "[39m
@tailwindspark/demo-app:test:           [36m>[39m
@tailwindspark/demo-app:test:             [36m<div[39m
@tailwindspark/demo-app:test:               [33mclass[39m=[32m"mb-4 flex items-center justify-center gap-4"[39m
@tailwindspark/demo-app:test:             [36m>[39m
@tailwindspark/demo-app:test:               [36m<div[39m
@tailwindspark/demo-app:test:                 [33mclass[39m=[32m"flex items-center gap-2 "[39m
@tailwindspark/demo-app:test:               [36m>[39m
@tailwindspark/demo-app:test:                 [36m<img[39m
@tailwindspark/demo-app:test:                   [33malt[39m=[32m"TailwindSpark Logo"[39m
@tailwindspark/demo-app:test:                   [33mclass[39m=[32m"w-16 h-16 object-contain"[39m
@tailwindspark/demo-app:test:                   [33mloading[39m=[32m"lazy"[39m
@tailwindspark/demo-app:test:                   [33msrc[39m=[32m"/TailwindSpark.png"[39m
@tailwindspark/demo-app:test:                 [36m/>[39m
@tailwindspark/demo-app:test:               [36m</div>[39m
@tailwindspark/demo-app:test:               [36m<h3[39m
@tailwindspark/demo-app:test:                 [33mclass[39m=[32m"text-4xl md:text-5xl font-bold"[39m
@tailwindspark/demo-app:test:               [36m>[39m
@tailwindspark/demo-app:test:                 [36m<span[39m
@tailwindspark/demo-app:test:                   [33mclass[39m=[32m"from-primary-600 to-accent-700 bg-gradient-to-r bg-clip-text text-transparent"[39m
@tailwindspark/demo-app:test:                 [36m>[39m
@tailwindspark/demo-app:test:                   [0mTailwindSpark[0m
@tailwindspark/demo-app:test:                 [36m</span>[39m
@tailwindspark/demo-app:test:               [36m</h3>[39m
@tailwindspark/demo-app:test:             [36m</div>[39m
@tailwindspark/demo-app:test:             [36m<div[39m
@tailwindspark/demo-app:test:               [33mclass[39m=[32m"text-xl text-muted max-w-3xl mx-auto"[39m
@tailwindspark/demo-app:test:             [36m>[39m
@tailwindspark/demo-app:test:               [36m<p>[39m
@tailwindspark/demo-app:test:                 [0mA comprehensive React TypeScript showcase of Tailwind CSS components, animations, and design systems. Part of the[0m
@tailwindspark/demo-app:test:                 [0m [0m
@tailwindspark/demo-app:test:                 [36m<a[39m
@tailwindspark/demo-app:test:                   [33mclass[39m=[32m"text-brand hover:text-brand-hover font-semibold"[39m
@tailwindspark/demo-app:test:                   [33mhref[39m=[32m"https://webspark.markhazleton.com"[39m
@tailwindspark/demo-app:test:                   [33mrel[39m=[32m"noopener noreferrer"[39m
@tailwindspark/demo-app:test:                   [33mtarget[39m=[32m"_blank"[39m
@tailwindspark/demo-app:test:                 [36m>[39m
@tailwindspark/demo-app:test:                   [0mWebSpark Portfolio[0m
@tailwindspark/demo-app:test:                 [36m</a>[39m
@tailwindspark/demo-app:test:                 [0m [0m
@tailwindspark/demo-app:test:                 [0mby[0m
@tailwindspark/demo-app:test:                 [0m [0m
@tailwindspark/demo-app:test:                 [36m<a[39m
@tailwindspark/demo-app:test:                   [33mclass[39m=[32m"text-brand hover:text-brand-hover font-semibold"[39m
@tailwindspark/demo-app:test:                   [33mhref[39m=[32m"https://markhazleton.com"[39m
@tailwindspark/demo-app:test:                   [33mrel[39m=[32m"noopener noreferrer"[39m
@tailwindspark/demo-app:test:                   [33mtarget[39m=[32m"_blank"[39m
@tailwindspark/demo-app:test:                 [36m>[39m
@tailwindspark/demo-app:test:                   [0mMark Hazleton[0m
@tailwindspark/demo-app:test:                 [36m</a>[39m
@tailwindspark/demo-app:test:                 [0m.[0m
@tailwindspark/demo-app:test:               [36m</p>[39m
@tailwindspark/demo-app:test:             [36m</div>[39m
@tailwindspark/demo-app:test:           [36m</div>[39m
@tailwindspark/demo-app:test:           [36m<div[39m
@tailwindspark/demo-app:test:             [33mclass[39m=[32m"mt-8 text-center"[39m
@tailwindspark/demo-app:test:           [36m>[39m
@tailwindspark/demo-app:test:             [36m<p[39m
@tailwindspark/demo-app:test:               [33mclass[39m=[32m"text-lg italic text-text-muted"[39m
@tailwindspark/demo-app:test:             [36m>[39m
@tailwindspark/demo-app:test:               [0m"Making technology work for business - lifelong learner, not sidetracked by sizzle."[0m
@tailwindspark/demo-app:test:             [36m</p>[39m
@tailwindspark/demo-app:test:           [36m</div>[39m
@tailwindspark/demo-app:test:         [36m</div>[39m
@tailwindspark/demo-app:test:         [36m<div[39m
@tailwindspark/demo-app:test:           [33mclass[39m=[32m"mb-12 rounded-lg border border-border bg-surface-alt p-6"[39m
@tailwindspark/demo-app:test:         [36m>[39m
@tailwindspark/demo-app:test:           [36m<h3[39m
@tailwindspark/demo-app:test:             [33mclass[39m=[32m"mb-3 text-lg font-semibold text-text"[39m
@tailwindspark/demo-app:test:           [36m>[39m
@tailwindspark/demo-app:test:             [0m≡ƒîÉ Part of the WebSpark Ecosystem[0m
@tailwindspark/demo-app:test:           [36m</h3>[39m
@tailwindspark/demo-app:test:           [36m<p[39m
@tailwindspark/demo-app:test:             [33mclass[39m=[32m"mb-4 text-text-muted"[39m
@tailwindspark/demo-app:test:           [36m>[39m
@tailwindspark/demo-app:test:             [0mTailwindSpark demonstrates practical application of modern web technologies as part of the WebSpark suite, showcasing real-world implementations rather than theoretical concepts. Explore other WebSpark applications:[0m
@tailwindspark/demo-app:test:           [36m</p>[39m
@tailwindspark/demo-app:test:           [36m<div[39m
@tailwindspark/demo-app:test:             [33mclass[39m=[32m"flex flex-wrap gap-3"[39m
@tailwindspark/demo-app:test:           [36m>[39m
@tailwindspark/demo-app:test:             [36m<a[39m
@tailwindspark/demo-app:test:               [33mclass[39m=[32m"inline-flex items-center rounded-full bg-brand/10 px-3 py-1 text-sm font-medium text-brand transition-colors hover:bg-brand/20"[39m
@tailwindspark/demo-app:test:               [33mhref[39m=[32m"https://webspark.markhazleton.com"[39m
@tailwindspark/demo-app:test:               [33mrel[39m=[32m"noopener noreferrer"[39m
@tailwindspark/demo-app:test:               [33mtarget[39m=[32m"_blank"[39m
@tailwindspark/demo-app:test:             [36m>[39m
@tailwindspark/demo-app:test:               [0m≡ƒîƒ WebSpark Portfolio[0m
@tailwindspark/demo-app:test:             [36m</a>[39m
@tailwindspark/demo-app:test:             [36m<span[39m
@tailwindspark/demo-app:test:               [33mclass[39m=[32m"inline-flex items-center rounded-full bg-brand/10 px-3 py-1 text-sm font-medium text-brand"[39m
@tailwindspark/demo-app:test:             [36m>[39m
@tailwindspark/demo-app:test:               [0m≡ƒñû PromptSpark - AI Prompts[0m
@tailwindspark/demo-app:test:             [36m</span>[39m
@tailwindspark/demo-app:test:             [36m<span[39m
@tailwindspark/demo-app:test:               [33mclass[39m=[32m"inline-flex items-center rounded-full bg-success/10 px-3 py-1 text-sm font-medium text-success"[39m
@tailwindspark/demo-app:test:             [36m>[39m
@tailwindspark/demo-app:test:               [0m≡ƒì│ RecipeSpark - Recipe Management[0m
@tailwindspark/demo-app:test:             [36m</span>[39m
@tailwindspark/demo-app:test:             [36m<span[39m
@tailwindspark/demo-app:test:               [33mclass[39m=[32m"inline-flex items-center rounded-full bg-warning/10 px-3 py-1 text-sm font-medium text-warning"[39m
@tailwindspark/demo-app:test:             [36m>[39m
@tailwindspark/demo-app:test:               [0m≡ƒºá TriviaSpark - Interactive Quizzes[0m
@tailwindspark/demo-app:test:             [36m</span>[39m
@tailwindspark/demo-app:test:           [36m</div>[39m
@tailwindspark/demo-app:test:         [36m</div>[39m
@tailwindspark/demo-app:test:         [36m<div[39m
@tailwindspark/demo-app:test:           [33mclass[39m=[32m"mb-12 grid grid-cols-1 gap-6 md:grid-cols-2 lg:grid-cols-3"[39m
@tailwindspark/demo-app:test:         [36m>[39m
@tailwindspark/demo-app:test:           [36m<div[39m
@tailwindspark/demo-app:test:             [33mclass[39m=[32m"rounded-lg border border-border bg-surface p-6 shadow-md"[39m
@tailwindspark/demo-app:test:           [36m>[39m
@tailwindspark/demo-app:test:             [36m<h3[39m
@tailwindspark/demo-app:test:               [33mclass[39m=[32m"mb-2 text-lg font-semibold text-text"[39m
@tailwindspark/demo-app:test:             [36m>[39m
@tailwindspark/demo-app:test:               [0mComponent Library[0m
@tailwindspark/demo-app:test:             [36m</h3>[39m
@tailwindspark/demo-app:test:             [36m<p[39m
@tailwindspark/demo-app:test:               [33mclass[39m=[32m"text-text-muted"[39m
@tailwindspark/demo-app:test:             [36m>[39m
@tailwindspark/demo-app:test:               [0mProduction-ready UI components built with Tailwind CSS, TypeScript, and accessibility best practices.[0m
@tailwindspark/demo-app:test:             [36m</p>[39m
@tailwindspark/demo-app:test:           [36m</div>[39m
@tailwindspark/demo-app:test:           [36m<div[39m
@tailwindspark/demo-app:test:             [33mclass[39m=[32m"rounded-lg border border-border bg-surface p-6 shadow-md"[39m
@tailwindspark/demo-app:test:           [36m>[39m
@tailwindspark/demo-app:test:             [36m<h3[39m
@tailwindspark/demo-app:test:               [33mclass[39m=[32m"mb-2 text-lg font-semibold text-text"[39m
@tailwindspark/demo-app:test:             [36m>[39m
@tailwindspark/demo-app:test:               [0mDark Mode & Accessibility[0m
@tailwindspark/demo-app:test:             [36m</h3>[39m
@tailwindspark/demo-app:test:             [36m<p[39m
@tailwindspark/demo-app:test:               [33mclass[39m=[32m"text-text-muted"[39m
@tailwindspark/demo-app:test:             [36m>[39m
@tailwindspark/demo-app:test:               [0mWCAG compliant components with automatic dark mode support and system preference detection.[0m
@tailwindspark/demo-app:test:             [36m</p>[39m
@tailwindspark/demo-app:test:           [36m</div>[39m
@tailwindspark/demo-app:test:           [36m<div[39m
@tailwindspark/demo-app:test:             [33mclass[39m=[32m"rounded-lg border border-border bg-surface p-6 shadow-md"[39m
@tailwindspark/demo-app:test:           [36m>[39m
@tailwindspark/demo-app:test:             [36m<h3[39m
@tailwindspark/demo-app:test:               [33mclass[39m=[32m"mb-2 text-lg fo...
@tailwindspark/demo-app:test: [90m [2mΓ¥»[22m Object.getElementError ../../node_modules/@testing-library/dom/dist/config.js:[2m37:19[22m[39m
@tailwindspark/demo-app:test: [90m [2mΓ¥»[22m getElementError ../../node_modules/@testing-library/dom/dist/query-helpers.js:[2m20:35[22m[39m
@tailwindspark/demo-app:test: [90m [2mΓ¥»[22m getMultipleElementsFoundError ../../node_modules/@testing-library/dom/dist/query-helpers.js:[2m23:10[22m[39m
@tailwindspark/demo-app:test: [90m [2mΓ¥»[22m ../../node_modules/@testing-library/dom/dist/query-helpers.js:[2m55:13[22m[39m
@tailwindspark/demo-app:test: [90m [2mΓ¥»[22m ../../node_modules/@testing-library/dom/dist/query-helpers.js:[2m95:19[22m[39m
@tailwindspark/demo-app:test: [36m [2mΓ¥»[22m src/pages/HomePage.test.tsx:[2m75:21[22m[39m
@tailwindspark/demo-app:test:     [90m 73| [39m    const badges = ['PromptSpark', 'RecipeSpark', 'TriviaSpark', 'WebSΓÇª
@tailwindspark/demo-app:test:     [90m 74| [39m    badges[33m.[39m[34mforEach[39m(badge [33m=>[39m {
@tailwindspark/demo-app:test:     [90m 75| [39m      expect(screen.getByText(new RegExp(badge, 'i'))).toBeInTheDocumeΓÇª
@tailwindspark/demo-app:test:     [90m   | [39m                    [31m^[39m
@tailwindspark/demo-app:test:     [90m 76| [39m    })[33m;[39m
@tailwindspark/demo-app:test:     [90m 77| [39m  })[33m;[39m
@tailwindspark/demo-app:test: [90m [2mΓ¥»[22m src/pages/HomePage.test.tsx:[2m74:12[22m[39m
@tailwindspark/demo-app:test: 
@tailwindspark/demo-app:test: [31m[2mΓÄ»ΓÄ»ΓÄ»ΓÄ»ΓÄ»ΓÄ»ΓÄ»ΓÄ»ΓÄ»ΓÄ»ΓÄ»ΓÄ»ΓÄ»ΓÄ»ΓÄ»ΓÄ»ΓÄ»ΓÄ»ΓÄ»ΓÄ»ΓÄ»ΓÄ»[10/20]ΓÄ»[22m[39m
@tailwindspark/demo-app:test: 
@tailwindspark/demo-app:test: [41m[1m FAIL [22m[49m src/pages/UsersPage.test.tsx[2m > [22mUsersPage[2m > [22mrenders without crashing
@tailwindspark/demo-app:test: [31m[1mTestingLibraryElementError[22m[39m: Found multiple elements with the text: Users
@tailwindspark/demo-app:test: 
@tailwindspark/demo-app:test: Here are the matching elements:
@tailwindspark/demo-app:test: 
@tailwindspark/demo-app:test: Ignored nodes: comments, script, style
@tailwindspark/demo-app:test: [36m<a[39m
@tailwindspark/demo-app:test:   [33mclass[39m=[32m"flex items-center gap-3 rounded-lg px-3 py-2 text-sm font-medium transition-all duration-200 text-muted hover:bg-surface-alt hover:text-text"[39m
@tailwindspark/demo-app:test:   [33mhref[39m=[32m"/users"[39m
@tailwindspark/demo-app:test: [36m>[39m
@tailwindspark/demo-app:test:   [36m<span[39m
@tailwindspark/demo-app:test:     [33mclass[39m=[32m"text-lg"[39m
@tailwindspark/demo-app:test:   [36m>[39m
@tailwindspark/demo-app:test:     [36m<span>[39m
@tailwindspark/demo-app:test:       [0m≡ƒæÑ[0m
@tailwindspark/demo-app:test:     [36m</span>[39m
@tailwindspark/demo-app:test:   [36m</span>[39m
@tailwindspark/demo-app:test:   [0mUsers[0m
@tailwindspark/demo-app:test: [36m</a>[39m
@tailwindspark/demo-app:test: 
@tailwindspark/demo-app:test: Ignored nodes: comments, script, style
@tailwindspark/demo-app:test: [36m<h1[39m
@tailwindspark/demo-app:test:   [33mclass[39m=[32m"text-2xl font-bold text-text"[39m
@tailwindspark/demo-app:test: [36m>[39m
@tailwindspark/demo-app:test:   [0mUsers[0m
@tailwindspark/demo-app:test: [36m</h1>[39m
@tailwindspark/demo-app:test: 
@tailwindspark/demo-app:test: (If this is intentional, then use the `*AllBy*` variant of the query (like `queryAllByText`, `getAllByText`, or `findAllByText`)).
@tailwindspark/demo-app:test: 
@tailwindspark/demo-app:test: Ignored nodes: comments, script, style
@tailwindspark/demo-app:test: [36m<body>[39m
@tailwindspark/demo-app:test:   [36m<div>[39m
@tailwindspark/demo-app:test:     [36m<div[39m
@tailwindspark/demo-app:test:       [33mclass[39m=[32m"flex h-screen bg-surface"[39m
@tailwindspark/demo-app:test:     [36m>[39m
@tailwindspark/demo-app:test:       [36m<div[39m
@tailwindspark/demo-app:test:         [33mclass[39m=[32m"fixed inset-y-0 left-0 z-50 w-64 transform border-r border bg-white dark:bg-gray-800 -translate-x-full transition-transform duration-300 ease-in-out lg:translate-x-0"[39m
@tailwindspark/demo-app:test:       [36m>[39m
@tailwindspark/demo-app:test:         [36m<div[39m
@tailwindspark/demo-app:test:           [33mclass[39m=[32m"flex items-center gap-3 border-b border p-6"[39m
@tailwindspark/demo-app:test:         [36m>[39m
@tailwindspark/demo-app:test:           [36m<div[39m
@tailwindspark/demo-app:test:             [33mclass[39m=[32m"flex items-center gap-2 "[39m
@tailwindspark/demo-app:test:           [36m>[39m
@tailwindspark/demo-app:test:             [36m<img[39m
@tailwindspark/demo-app:test:               [33malt[39m=[32m"TailwindSpark Logo"[39m
@tailwindspark/demo-app:test:               [33mclass[39m=[32m"w-6 h-6 object-contain"[39m
@tailwindspark/demo-app:test:               [33mloading[39m=[32m"lazy"[39m
@tailwindspark/demo-app:test:               [33msrc[39m=[32m"/TailwindSpark.png"[39m
@tailwindspark/demo-app:test:             [36m/>[39m
@tailwindspark/demo-app:test:           [36m</div>[39m
@tailwindspark/demo-app:test:           [36m<div>[39m
@tailwindspark/demo-app:test:             [36m<h1[39m
@tailwindspark/demo-app:test:               [33mclass[39m=[32m"font-bold text-text"[39m
@tailwindspark/demo-app:test:             [36m>[39m
@tailwindspark/demo-app:test:               [0mTailwindSpark[0m
@tailwindspark/demo-app:test:             [36m</h1>[39m
@tailwindspark/demo-app:test:             [36m<p[39m
@tailwindspark/demo-app:test:               [33mclass[39m=[32m"text-xs text-muted"[39m
@tailwindspark/demo-app:test:             [36m>[39m
@tailwindspark/demo-app:test:               [0mDashboard Demo[0m
@tailwindspark/demo-app:test:             [36m</p>[39m
@tailwindspark/demo-app:test:           [36m</div>[39m
@tailwindspark/demo-app:test:         [36m</div>[39m
@tailwindspark/demo-app:test:         [36m<nav[39m
@tailwindspark/demo-app:test:           [33mclass[39m=[32m"p-4"[39m
@tailwindspark/demo-app:test:         [36m>[39m
@tailwindspark/demo-app:test:           [36m<ul[39m
@tailwindspark/demo-app:test:             [33mclass[39m=[32m"space-y-2"[39m
@tailwindspark/demo-app:test:           [36m>[39m
@tailwindspark/demo-app:test:             [36m<li>[39m
@tailwindspark/demo-app:test:               [36m<a[39m
@tailwindspark/demo-app:test:                 [33mclass[39m=[32m"flex items-center gap-3 rounded-lg px-3 py-2 text-sm font-medium transition-all duration-200 text-muted hover:bg-surface-alt hover:text-text"[39m
@tailwindspark/demo-app:test:                 [33mhref[39m=[32m"/dashboard"[39m
@tailwindspark/demo-app:test:               [36m>[39m
@tailwindspark/demo-app:test:                 [36m<span[39m
@tailwindspark/demo-app:test:                   [33mclass[39m=[32m"text-lg"[39m
@tailwindspark/demo-app:test:                 [36m>[39m
@tailwindspark/demo-app:test:                   [36m<span>[39m
@tailwindspark/demo-app:test:                     [0m≡ƒôè[0m
@tailwindspark/demo-app:test:                   [36m</span>[39m
@tailwindspark/demo-app:test:                 [36m</span>[39m
@tailwindspark/demo-app:test:                 [0mDashboard[0m
@tailwindspark/demo-app:test:               [36m</a>[39m
@tailwindspark/demo-app:test:             [36m</li>[39m
@tailwindspark/demo-app:test:             [36m<li>[39m
@tailwindspark/demo-app:test:               [36m<a[39m
@tailwindspark/demo-app:test:                 [33mclass[39m=[32m"flex items-center gap-3 rounded-lg px-3 py-2 text-sm font-medium transition-all duration-200 text-muted hover:bg-surface-alt hover:text-text"[39m
@tailwindspark/demo-app:test:                 [33mhref[39m=[32m"/analytics"[39m
@tailwindspark/demo-app:test:               [36m>[39m
@tailwindspark/demo-app:test:                 [36m<span[39m
@tailwindspark/demo-app:test:                   [33mclass[39m=[32m"text-lg"[39m
@tailwindspark/demo-app:test:                 [36m>[39m
@tailwindspark/demo-app:test:                   [36m<span>[39m
@tailwindspark/demo-app:test:                     [0m≡ƒôê[0m
@tailwindspark/demo-app:test:                   [36m</span>[39m
@tailwindspark/demo-app:test:                 [36m</span>[39m
@tailwindspark/demo-app:test:                 [0mAnalytics[0m
@tailwindspark/demo-app:test:               [36m</a>[39m
@tailwindspark/demo-app:test:             [36m</li>[39m
@tailwindspark/demo-app:test:             [36m<li>[39m
@tailwindspark/demo-app:test:               [36m<a[39m
@tailwindspark/demo-app:test:                 [33mclass[39m=[32m"flex items-center gap-3 rounded-lg px-3 py-2 text-sm font-medium transition-all duration-200 text-muted hover:bg-surface-alt hover:text-text"[39m
@tailwindspark/demo-app:test:                 [33mhref[39m=[32m"/users"[39m
@tailwindspark/demo-app:test:               [36m>[39m
@tailwindspark/demo-app:test:                 [36m<span[39m
@tailwindspark/demo-app:test:                   [33mclass[39m=[32m"text-lg"[39m
@tailwindspark/demo-app:test:                 [36m>[39m
@tailwindspark/demo-app:test:                   [36m<span>[39m
@tailwindspark/demo-app:test:                     [0m≡ƒæÑ[0m
@tailwindspark/demo-app:test:                   [36m</span>[39m
@tailwindspark/demo-app:test:                 [36m</span>[39m
@tailwindspark/demo-app:test:                 [0mUsers[0m
@tailwindspark/demo-app:test:               [36m</a>[39m
@tailwindspark/demo-app:test:             [36m</li>[39m
@tailwindspark/demo-app:test:             [36m<li>[39m
@tailwindspark/demo-app:test:               [36m<a[39m
@tailwindspark/demo-app:test:                 [33mclass[39m=[32m"flex items-center gap-3 rounded-lg px-3 py-2 text-sm font-medium transition-all duration-200 text-muted hover:bg-surface-alt hover:text-text"[39m
@tailwindspark/demo-app:test:                 [33mhref[39m=[32m"/settings"[39m
@tailwindspark/demo-app:test:               [36m>[39m
@tailwindspark/demo-app:test:                 [36m<span[39m
@tailwindspark/demo-app:test:                   [33mclass[39m=[32m"text-lg"[39m
@tailwindspark/demo-app:test:                 [36m>[39m
@tailwindspark/demo-app:test:                   [36m<span>[39m
@tailwindspark/demo-app:test:                     [0mΓÜÖ∩╕Å[0m
@tailwindspark/demo-app:test:                   [36m</span>[39m
@tailwindspark/demo-app:test:                 [36m</span>[39m
@tailwindspark/demo-app:test:                 [0mSettings[0m
@tailwindspark/demo-app:test:               [36m</a>[39m
@tailwindspark/demo-app:test:             [36m</li>[39m
@tailwindspark/demo-app:test:           [36m</ul>[39m
@tailwindspark/demo-app:test:           [36m<div[39m
@tailwindspark/demo-app:test:             [33mclass[39m=[32m"mt-8 border-t border pt-4"[39m
@tailwindspark/demo-app:test:           [36m>[39m
@tailwindspark/demo-app:test:             [36m<a[39m
@tailwindspark/demo-app:test:               [33mclass[39m=[32m"flex items-center gap-3 rounded-lg px-3 py-2 text-sm font-medium text-muted transition-all duration-200 hover:bg-surface-alt hover:text-text"[39m
@tailwindspark/demo-app:test:               [33mhref[39m=[32m"/"[39m
@tailwindspark/demo-app:test:             [36m>[39m
@tailwindspark/demo-app:test:               [36m<span[39m
@tailwindspark/demo-app:test:                 [33mclass[39m=[32m"text-lg"[39m
@tailwindspark/demo-app:test:               [36m>[39m
@tailwindspark/demo-app:test:                 [0m≡ƒÅá[0m
@tailwindspark/demo-app:test:               [36m</span>[39m
@tailwindspark/demo-app:test:               [0mBack to Main App[0m
@tailwindspark/demo-app:test:             [36m</a>[39m
@tailwindspark/demo-app:test:           [36m</div>[39m
@tailwindspark/demo-app:test:         [36m</nav>[39m
@tailwindspark/demo-app:test:         [36m<div[39m
@tailwindspark/demo-app:test:           [33mclass[39m=[32m"absolute bottom-0 left-0 right-0 border-t border p-4"[39m
@tailwindspark/demo-app:test:         [36m>[39m
@tailwindspark/demo-app:test:           [36m<div[39m
@tailwindspark/demo-app:test:             [33mclass[39m=[32m"flex items-center gap-3"[39m
@tailwindspark/demo-app:test:           [36m>[39m
@tailwindspark/demo-app:test:             [36m<div[39m
@tailwindspark/demo-app:test:               [33mclass[39m=[32m"from-brand to-accent-700 flex h-8 w-8 items-center justify-center rounded-full bg-gradient-to-br text-sm font-medium text-white"[39m
@tailwindspark/demo-app:test:             [36m>[39m
@tailwindspark/demo-app:test:               [0mMH[0m
@tailwindspark/demo-app:test:             [36m</div>[39m
@tailwindspark/demo-app:test:             [36m<div[39m
@tailwindspark/demo-app:test:               [33mclass[39m=[32m"min-w-0 flex-1"[39m
@tailwindspark/demo-app:test:             [36m>[39m
@tailwindspark/demo-app:test:               [36m<p[39m
@tailwindspark/demo-app:test:                 [33mclass[39m=[32m"truncate text-sm font-medium text-text"[39m
@tailwindspark/demo-app:test:               [36m>[39m
@tailwindspark/demo-app:test:                 [0mMark Hazleton[0m
@tailwindspark/demo-app:test:               [36m</p>[39m
@tailwindspark/demo-app:test:               [36m<p[39m
@tailwindspark/demo-app:test:                 [33mclass[39m=[32m"text-xs text-muted"[39m
@tailwindspark/demo-app:test:               [36m>[39m
@tailwindspark/demo-app:test:                 [0mWebSpark Creator[0m
@tailwindspark/demo-app:test:               [36m</p>[39m
@tailwindspark/demo-app:test:             [36m</div>[39m
@tailwindspark/demo-app:test:           [36m</div>[39m
@tailwindspark/demo-app:test:           [36m<div[39m
@tailwindspark/demo-app:test:             [33mclass[39m=[32m"mt-2 border-t border pt-2"[39m
@tailwindspark/demo-app:test:           [36m>[39m
@tailwindspark/demo-app:test:             [36m<a[39m
@tailwindspark/demo-app:test:               [33mclass[39m=[32m"text-brand hover:text-brand-hover text-xs"[39m
@tailwindspark/demo-app:test:               [33mhref[39m=[32m"https://webspark.markhazleton.com"[39m
@tailwindspark/demo-app:test:               [33mrel[39m=[32m"noopener noreferrer"[39m
@tailwindspark/demo-app:test:               [33mtarget[39m=[32m"_blank"[39m
@tailwindspark/demo-app:test:             [36m>[39m
@tailwindspark/demo-app:test:               [0mWebSpark Portfolio ΓåÆ[0m
@tailwindspark/demo-app:test:             [36m</a>[39m
@tailwindspark/demo-app:test:           [36m</div>[39m
@tailwindspark/demo-app:test:         [36m</div>[39m
@tailwindspark/demo-app:test:       [36m</div>[39m
@tailwindspark/demo-app:test:       [36m<div[39m
@tailwindspark/demo-app:test:         [33mclass[39m=[32m"flex flex-1 flex-col overflow-hidden lg:ml-64"[39m
@tailwindspark/demo-app:test:       [36m>[39m
@tailwindspark/demo-app:test:         [36m<header[39m
@tailwindspark/demo-app:test:           [33mclass[39m=[32m"sticky top-0 z-30 border-b border bg-surface-alt"[39m
@tailwindspark/demo-app:test:         [36m>[39m
@tailwindspark/demo-app:test:           [36m<div[39m
@tailwindspark/demo-app:test:             [33mclass[39m=[32m"flex items-center justify-between px-6 py-4"[39m
@tailwindspark/demo-app:test:           [36m>[39m
@tailwindspark/demo-app:test:             [36m<div[39m
@tailwindspark/demo-app:test:               [33mclass[39m=[32m"flex items-center gap-4"[39m
@tailwindspark/demo-app:test:             [36m...
@tailwindspark/demo-app:test: [90m [2mΓ¥»[22m Object.getElementError ../../node_modules/@testing-library/dom/dist/config.js:[2m37:19[22m[39m
@tailwindspark/demo-app:test: [90m [2mΓ¥»[22m getElementError ../../node_modules/@testing-library/dom/dist/query-helpers.js:[2m20:35[22m[39m
@tailwindspark/demo-app:test: [90m [2mΓ¥»[22m getMultipleElementsFoundError ../../node_modules/@testing-library/dom/dist/query-helpers.js:[2m23:10[22m[39m
@tailwindspark/demo-app:test: [90m [2mΓ¥»[22m ../../node_modules/@testing-library/dom/dist/query-helpers.js:[2m55:13[22m[39m
@tailwindspark/demo-app:test: [90m [2mΓ¥»[22m ../../node_modules/@testing-library/dom/dist/query-helpers.js:[2m95:19[22m[39m
@tailwindspark/demo-app:test: [36m [2mΓ¥»[22m src/pages/UsersPage.test.tsx:[2m14:19[22m[39m
@tailwindspark/demo-app:test:     [90m 12| [39m    [34mrenderWithRouter[39m([33m<[39m[33mUsersPage[39m [33m/[39m[33m>[39m)[33m;[39m
@tailwindspark/demo-app:test:     [90m 13| [39m    [90m// Check for specific page title instead of generic "User" text[39m
@tailwindspark/demo-app:test:     [90m 14| [39m    [34mexpect[39m(screen[33m.[39m[34mgetByText[39m([32m'Users'[39m))[33m.[39m[34mtoBeInTheDocument[39m()[33m;[39m
@tailwindspark/demo-app:test:     [90m   | [39m                  [31m^[39m
@tailwindspark/demo-app:test:     [90m 15| [39m  })[33m;[39m
@tailwindspark/demo-app:test:     [90m 16| [39m
@tailwindspark/demo-app:test: 
@tailwindspark/demo-app:test: [31m[2mΓÄ»ΓÄ»ΓÄ»ΓÄ»ΓÄ»ΓÄ»ΓÄ»ΓÄ»ΓÄ»ΓÄ»ΓÄ»ΓÄ»ΓÄ»ΓÄ»ΓÄ»ΓÄ»ΓÄ»ΓÄ»ΓÄ»ΓÄ»ΓÄ»ΓÄ»[11/20]ΓÄ»[22m[39m
@tailwindspark/demo-app:test: 
@tailwindspark/demo-app:test: [41m[1m FAIL [22m[49m src/components/PerformanceMonitor.test.tsx[2m > [22mPerformanceMonitor[2m > [22mhandles missing performance API gracefully
@tailwindspark/demo-app:test: [31m[1mAssertionError[22m: expected [Function] to not throw an error but 'TypeError: Cannot use \'in\' operatorΓÇª' was thrown[39m
@tailwindspark/demo-app:test: 
@tailwindspark/demo-app:test: [32m- Expected:[39m 
@tailwindspark/demo-app:test: undefined
@tailwindspark/demo-app:test: 
@tailwindspark/demo-app:test: [31m+ Received:[39m 
@tailwindspark/demo-app:test: "TypeError: Cannot use 'in' operator to search for 'memory' in undefined"
@tailwindspark/demo-app:test: 
@tailwindspark/demo-app:test: [36m [2mΓ¥»[22m src/components/PerformanceMonitor.test.tsx:[2m97:54[22m[39m
@tailwindspark/demo-app:test:     [90m 95| [39m    (global [35mas[39m any)[33m.[39mperformance [33m=[39m undefined[33m;[39m
@tailwindspark/demo-app:test:     [90m 96| [39m    
@tailwindspark/demo-app:test:     [90m 97| [39m    [34mexpect[39m(() [33m=>[39m [34mrender[39m([33m<[39m[33mPerformanceMonitor[39m [33m/[39m[33m>[39m))[33m.[39mnot[33m.[39m[34mtoThrow[39m()[33m;[39m
@tailwindspark/demo-app:test:     [90m   | [39m                                                     [31m^[39m
@tailwindspark/demo-app:test:     [90m 98| [39m    
@tailwindspark/demo-app:test:     [90m 99| [39m    [90m// Restore performance API[39m
@tailwindspark/demo-app:test: 
@tailwindspark/demo-app:test: [31m[2mΓÄ»ΓÄ»ΓÄ»ΓÄ»ΓÄ»ΓÄ»ΓÄ»ΓÄ»ΓÄ»ΓÄ»ΓÄ»ΓÄ»ΓÄ»ΓÄ»ΓÄ»ΓÄ»ΓÄ»ΓÄ»ΓÄ»ΓÄ»ΓÄ»ΓÄ»[12/20]ΓÄ»[22m[39m
@tailwindspark/demo-app:test: 
@tailwindspark/demo-app:test: [41m[1m FAIL [22m[49m src/components/PerformanceMonitor.test.tsx[2m > [22mPerformanceMonitor[2m > [22mupdates metrics over time
@tailwindspark/demo-app:test: [41m[1m FAIL [22m[49m src/components/PerformanceMonitor.test.tsx[2m > [22mPerformanceMonitor[2m > [22mdisplays performance charts or visualizations
@tailwindspark/demo-app:test: [41m[1m FAIL [22m[49m src/components/PerformanceMonitor.test.tsx[2m > [22mPerformanceMonitor[2m > [22mshows performance warnings
@tailwindspark/demo-app:test: [31m[1mTypeError[22m: Cannot set properties of undefined (setting 'getEntriesByType')[39m
@tailwindspark/demo-app:test: [36m [2mΓ¥»[22m src/components/PerformanceMonitor.test.tsx:[2m27:24[22m[39m
@tailwindspark/demo-app:test:     [90m 25| [39m    
@tailwindspark/demo-app:test:     [90m 26| [39m    [90m// Mock performance.getEntriesByType[39m
@tailwindspark/demo-app:test:     [90m 27| [39m    global[33m.[39mperformance[33m.[39mgetEntriesByType [33m=[39m vi[33m.[39m[34mfn[39m(() [33m=>[39m []) [35mas[39m any[33m;[39m
@tailwindspark/demo-app:test:     [90m   | [39m                       [31m^[39m
@tailwindspark/demo-app:test:     [90m 28| [39m    
@tailwindspark/demo-app:test:     [90m 29| [39m    [90m// Mock performance.memory[39m
@tailwindspark/demo-app:test: 
@tailwindspark/demo-app:test: [31m[2mΓÄ»ΓÄ»ΓÄ»ΓÄ»ΓÄ»ΓÄ»ΓÄ»ΓÄ»ΓÄ»ΓÄ»ΓÄ»ΓÄ»ΓÄ»ΓÄ»ΓÄ»ΓÄ»ΓÄ»ΓÄ»ΓÄ»ΓÄ»ΓÄ»ΓÄ»[13/20]ΓÄ»[22m[39m
@tailwindspark/demo-app:test: 
@tailwindspark/demo-app:test: [41m[1m FAIL [22m[49m src/components/ProductGrid.test.tsx[2m > [22mProductGrid[2m > [22mshows product ratings
@tailwindspark/demo-app:test: [31m[1mAssertionError[22m: expected 0 to be greater than 0[39m
@tailwindspark/demo-app:test: [36m [2mΓ¥»[22m src/components/ProductGrid.test.tsx:[2m175:47[22m[39m
@tailwindspark/demo-app:test:     [90m173| [39m    [35mconst[39m rating45 [33m=[39m screen[33m.[39m[34mqueryAllByText[39m([36m/4\.5/[39m)[33m;[39m
@tailwindspark/demo-app:test:     [90m174| [39m    [35mconst[39m rating40 [33m=[39m screen[33m.[39m[34mqueryAllByText[39m([36m/4\.0/[39m)[33m;[39m
@tailwindspark/demo-app:test:     [90m175| [39m    [34mexpect[39m(rating45[33m.[39mlength [33m+[39m rating40[33m.[39mlength)[33m.[39m[34mtoBeGreaterThan[39m([34m0[39m)[33m;[39m
@tailwindspark/demo-app:test:     [90m   | [39m                                              [31m^[39m
@tailwindspark/demo-app:test:     [90m176| [39m  })[33m;[39m
@tailwindspark/demo-app:test:     [90m177| [39m
@tailwindspark/demo-app:test: 
@tailwindspark/demo-app:test: [31m[2mΓÄ»ΓÄ»ΓÄ»ΓÄ»ΓÄ»ΓÄ»ΓÄ»ΓÄ»ΓÄ»ΓÄ»ΓÄ»ΓÄ»ΓÄ»ΓÄ»ΓÄ»ΓÄ»ΓÄ»ΓÄ»ΓÄ»ΓÄ»ΓÄ»ΓÄ»[14/20]ΓÄ»[22m[39m
@tailwindspark/demo-app:test: 
@tailwindspark/demo-app:test: [41m[1m FAIL [22m[49m src/sections/ButtonShowcase.test.tsx[2m > [22mButtonShowcase[2m > [22mhandles loading state on click
@tailwindspark/demo-app:test: [31m[1mError[22m: Test timed out in 5000ms.
@tailwindspark/demo-app:test: If this is a long-running test, pass a timeout value as the last argument or configure it globally with "testTimeout".[39m
@tailwindspark/demo-app:test: [36m [2mΓ¥»[22m src/sections/ButtonShowcase.test.tsx:[2m57:3[22m[39m
@tailwindspark/demo-app:test:     [90m 55| [39m  })[33m;[39m
@tailwindspark/demo-app:test:     [90m 56| [39m
@tailwindspark/demo-app:test:     [90m 57| [39m  [34mit[39m([32m'handles loading state on click'[39m[33m,[39m [35masync[39m () [33m=>[39m {
@tailwindspark/demo-app:test:     [90m   | [39m  [31m^[39m
@tailwindspark/demo-app:test:     [90m 58| [39m    [35mconst[39m user [33m=[39m userEvent[33m.[39m[34msetup[39m()[33m;[39m
@tailwindspark/demo-app:test:     [90m 59| [39m    vi[33m.[39m[34museFakeTimers[39m()[33m;[39m
@tailwindspark/demo-app:test: 
@tailwindspark/demo-app:test: [31m[2mΓÄ»ΓÄ»ΓÄ»ΓÄ»ΓÄ»ΓÄ»ΓÄ»ΓÄ»ΓÄ»ΓÄ»ΓÄ»ΓÄ»ΓÄ»ΓÄ»ΓÄ»ΓÄ»ΓÄ»ΓÄ»ΓÄ»ΓÄ»ΓÄ»ΓÄ»[15/20]ΓÄ»[22m[39m
@tailwindspark/demo-app:test: 
@tailwindspark/demo-app:test: [41m[1m FAIL [22m[49m src/sections/ButtonShowcase.test.tsx[2m > [22mButtonShowcase[2m > [22mshows all buttons are clickable unless disabled
@tailwindspark/demo-app:test: [31m[1mError[22m: Test timed out in 5000ms.
@tailwindspark/demo-app:test: If this is a long-running test, pass a timeout value as the last argument or configure it globally with "testTimeout".[39m
@tailwindspark/demo-app:test: [36m [2mΓ¥»[22m src/sections/ButtonShowcase.test.tsx:[2m112:3[22m[39m
@tailwindspark/demo-app:test:     [90m110| [39m  })[33m;[39m
@tailwindspark/demo-app:test:     [90m111| [39m
@tailwindspark/demo-app:test:     [90m112| [39m  [34mit[39m([32m'shows all buttons are clickable unless disabled'[39m[33m,[39m [35masync[39m () [33m=>[39m {
@tailwindspark/demo-app:test:     [90m   | [39m  [31m^[39m
@tailwindspark/demo-app:test:     [90m113| [39m    [35mconst[39m user [33m=[39m userEvent[33m.[39m[34msetup[39m()[33m;[39m
@tailwindspark/demo-app:test:     [90m114| [39m    [34mrender[39m([33m<[39m[33mButtonShowcase[39m [33m/[39m[33m>[39m)[33m;[39m
@tailwindspark/demo-app:test: 
@tailwindspark/demo-app:test: [31m[2mΓÄ»ΓÄ»ΓÄ»ΓÄ»ΓÄ»ΓÄ»ΓÄ»ΓÄ»ΓÄ»ΓÄ»ΓÄ»ΓÄ»ΓÄ»ΓÄ»ΓÄ»ΓÄ»ΓÄ»ΓÄ»ΓÄ»ΓÄ»ΓÄ»ΓÄ»[16/20]ΓÄ»[22m[39m
@tailwindspark/demo-app:test: 
@tailwindspark/demo-app:test: [41m[1m FAIL [22m[49m src/sections/FormShowcase.test.tsx[2m > [22mFormShowcase[2m > [22mdisplays validation errors when fields are empty
@tailwindspark/demo-app:test: [31m[1mTestingLibraryElementError[22m[39m: Unable to find an accessible element with the role "button" and name `/submit/i`
@tailwindspark/demo-app:test: 
@tailwindspark/demo-app:test: Here are the accessible roles:
@tailwindspark/demo-app:test: 
@tailwindspark/demo-app:test:   heading:
@tailwindspark/demo-app:test: 
@tailwindspark/demo-app:test:   Name "Form Components":
@tailwindspark/demo-app:test:   [36m<h2[39m
@tailwindspark/demo-app:test:     [33mclass[39m=[32m"text-text mb-4 text-2xl font-bold"[39m
@tailwindspark/demo-app:test:   [36m/>[39m
@tailwindspark/demo-app:test: 
@tailwindspark/demo-app:test:   Name "Input Fields":
@tailwindspark/demo-app:test:   [36m<h3[39m
@tailwindspark/demo-app:test:     [33mclass[39m=[32m"text-text text-lg font-semibold"[39m
@tailwindspark/demo-app:test:   [36m/>[39m
@tailwindspark/demo-app:test: 
@tailwindspark/demo-app:test:   Name "Textarea":
@tailwindspark/demo-app:test:   [36m<h3[39m
@tailwindspark/demo-app:test:     [33mclass[39m=[32m"text-secondary-800 dark:text-secondary-200 text-lg font-semibold"[39m
@tailwindspark/demo-app:test:   [36m/>[39m
@tailwindspark/demo-app:test: 
@tailwindspark/demo-app:test:   Name "Select Dropdown":
@tailwindspark/demo-app:test:   [36m<h3[39m
@tailwindspark/demo-app:test:     [33mclass[39m=[32m"text-secondary-800 dark:text-secondary-200 text-lg font-semibold"[39m
@tailwindspark/demo-app:test:   [36m/>[39m
@tailwindspark/demo-app:test: 
@tailwindspark/demo-app:test:   Name "Checkboxes":
@tailwindspark/demo-app:test:   [36m<h3[39m
@tailwindspark/demo-app:test:     [33mclass[39m=[32m"text-secondary-800 dark:text-secondary-200 text-lg font-semibold"[39m
@tailwindspark/demo-app:test:   [36m/>[39m
@tailwindspark/demo-app:test: 
@tailwindspark/demo-app:test:   Name "Radio Buttons":
@tailwindspark/demo-app:test:   [36m<h3[39m
@tailwindspark/demo-app:test:     [33mclass[39m=[32m"text-secondary-800 dark:text-secondary-200 text-lg font-semibold"[39m
@tailwindspark/demo-app:test:   [36m/>[39m
@tailwindspark/demo-app:test: 
@tailwindspark/demo-app:test:   Name "Complete Form Example":
@tailwindspark/demo-app:test:   [36m<h3[39m
@tailwindspark/demo-app:test:     [33mclass[39m=[32m"text-secondary-800 dark:text-secondary-200 text-lg font-semibold"[39m
@tailwindspark/demo-app:test:   [36m/>[39m
@tailwindspark/demo-app:test: 
@tailwindspark/demo-app:test:   --------------------------------------------------
@tailwindspark/demo-app:test:   paragraph:
@tailwindspark/demo-app:test: 
@tailwindspark/demo-app:test:   Name "":
@tailwindspark/demo-app:test:   [36m<p[39m
@tailwindspark/demo-app:test:     [33mclass[39m=[32m"text-text-muted mb-6"[39m
@tailwindspark/demo-app:test:   [36m/>[39m
@tailwindspark/demo-app:test: 
@tailwindspark/demo-app:test:   Name "":
@tailwindspark/demo-app:test:   [36m<p[39m
@tailwindspark/demo-app:test:     [33mclass[39m=[32m"text-sm text-text-muted"[39m
@tailwindspark/demo-app:test:   [36m/>[39m
@tailwindspark/demo-app:test: 
@tailwindspark/demo-app:test:   Name "":
@tailwindspark/demo-app:test:   [36m<p[39m
@tailwindspark/demo-app:test:     [33mclass[39m=[32m"text-sm text-text-muted"[39m
@tailwindspark/demo-app:test:   [36m/>[39m
@tailwindspark/demo-app:test: 
@tailwindspark/demo-app:test:   Name "":
@tailwindspark/demo-app:test:   [36m<p[39m
@tailwindspark/demo-app:test:     [33mclass[39m=[32m"text-sm text-text-muted"[39m
@tailwindspark/demo-app:test:   [36m/>[39m
@tailwindspark/demo-app:test: 
@tailwindspark/demo-app:test:   Name "":
@tailwindspark/demo-app:test:   [36m<p[39m
@tailwindspark/demo-app:test:     [33mclass[39m=[32m"text-sm text-error-600 dark:text-error-400"[39m
@tailwindspark/demo-app:test:   [36m/>[39m
@tailwindspark/demo-app:test: 
@tailwindspark/demo-app:test:   Name "":
@tailwindspark/demo-app:test:   [36m<p[39m
@tailwindspark/demo-app:test:     [33mclass[39m=[32m"text-sm text-text-muted"[39m
@tailwindspark/demo-app:test:   [36m/>[39m
@tailwindspark/demo-app:test: 
@tailwindspark/demo-app:test:   Name "":
@tailwindspark/demo-app:test:   [36m<p[39m
@tailwindspark/demo-app:test:     [33mclass[39m=[32m"text-sm text-text-muted"[39m
@tailwindspark/demo-app:test:   [36m/>[39m
@tailwindspark/demo-app:test: 
@tailwindspark/demo-app:test:   Name "":
@tailwindspark/demo-app:test:   [36m<p[39m
@tailwindspark/demo-app:test:     [33mclass[39m=[32m"text-sm text-error-600 dark:text-error-400"[39m
@tailwindspark/demo-app:test:   [36m/>[39m
@tailwindspark/demo-app:test: 
@tailwindspark/demo-app:test:   --------------------------------------------------
@tailwindspark/demo-app:test:   textbox:
@tailwindspark/demo-app:test: 
@tailwindspark/demo-app:test:   Name "Basic Input":
@tailwindspark/demo-app:test:   [36m<input[39m
@tailwindspark/demo-app:test:     [33mclass[39m=[32m"text-text bg-surface placeholder-text-muted block w-full rounded-lg border px-3 py-2 transition-colors focus:outline-none focus:ring-2 focus:ring-offset-0 disabled:bg-surface-alt disabled:text-text-muted disabled:cursor-not-allowed border-border dark:border-border-strong focus:border-brand focus:ring-brand"[39m
@tailwindspark/demo-app:test:     [33mid[39m=[32m"input-_r_8k_"[39m
@tailwindspark/demo-app:test:     [33mplaceholder[39m=[32m"Enter some text"[39m
@tailwindspark/demo-app:test:   [36m/>[39m
@tailwindspark/demo-app:test: 
@tailwindspark/demo-app:test:   Name "Email with Icon":
@tailwindspark/demo-app:test:   [36m<input[39m
@tailwindspark/demo-app:test:     [33mclass[39m=[32m"text-text bg-surface placeholder-text-muted block w-full rounded-lg border px-3 py-2 transition-colors focus:outline-none focus:ring-2 focus:ring-offset-0 disabled:bg-surface-alt disabled:text-text-muted disabled:cursor-not-allowed border-border dark:border-border-strong focus:border-brand focus:ring-brand pl-10"[39m
@tailwindspark/demo-app:test: 
@tailwindspark/demo-app:test:     [33mid[39m=[32m"input-_r_8l_"[39m
@tailwindspark/demo-app:test:     [33mplaceholder[39m=[32m"Enter your email"[39m
@tailwindspark/demo-app:test: [2m Test Files [22m [1m[31m12 failed[39m[22m[2m | [22m[1m[32m24 passed[39m[22m[90m (36)[39m
@tailwindspark/demo-app:test: [2m      Tests [22m [1m[31m18 failed[39m[22m[2m | [22m[1m[32m429 passed[39m[22m[90m (447)[39m
@tailwindspark/demo-app:test: [2m   Start at [22m 07:25:51
@tailwindspark/demo-app:test:     [33mtype[39m=[32m"email"[39m
@tailwindspark/demo-app:test: [2m   Duration [22m 14.59s[2m (transform 2.00s, setup 8.11s, import 9.32s, tests 35.73s, environment 87.37s)[22m
@tailwindspark/demo-app:test:     [33mvalue[39m=[32m""[39m
@tailwindspark/demo-app:test:   [36m/>[39m
@tailwindspark/demo-app:test: 
@tailwindspark/demo-app:test:   Name "Search":
@tailwindspark/demo-app:test:   [36m<input[39m
@tailwindspark/demo-app:test:     [33mclass[39m=[32m"text-text bg-surface placeholder-text-muted block w-full rounded-lg border px-3 py-2 transition-colors focus:outline-none focus:ring-2 focus:ring-offset-0 disabled:bg-surface-alt disabled:text-text-muted disabled:cursor-not-allowed border-border dark:border-border-strong focus:border-brand focus:ring-brand pl-10"[39m
@tailwindspark/demo-app:test: 
@tailwindspark/demo-app:test:     [33mid[39m=[32m"input-_r_8n_"[39m
@tailwindspark/demo-app:test:     [33mplaceholder[39m=[32m"Search..."[39m
@tailwindspark/demo-app:test:     [33mvalue[39m=[32m""[39m
@tailwindspark/demo-app:test:   [36m/>[39m
@tailwindspark/demo-app:test: 
@tailwindspark/demo-app:test:   Name "Disabled Input":
@tailwindspark/demo-app:test:   [36m<input[39m
@tailwindspark/demo-app:test:     [33mclass[39m=[32m"text-text bg-surface placeholder-text-muted block w-full rounded-lg border px-3 py-2 transition-colors focus:outline-none focus:ring-2 focus:ring-offset-0 disabled:bg-surface-alt disabled:text-text-muted disabled:cursor-not-allowed border-border dark:border-border-strong focus:border-brand focus:ring-brand"[39m
@tailwindspark/demo-app:test:     [33mdisabled[39m=[32m""[39m
@tailwindspark/demo-app:test:     [33mid[39m=[32m"input-_r_8o_"[39m
@tailwindspark/demo-app:test:     [33mplaceholder[39m=[32m"This is disabled"[39m
@tailwindspark/demo-app:test:   [36m/>[39m
@tailwindspark/demo-app:test: 
@tailwindspark/demo-app:test:   Name "Success State":
@tailwindspark/demo-app:test:   [36m<input[39m
@tailwindspark/demo-app:test:     [33mclass[39m=[32m"text-text bg-surface placeholder-text-muted block w-full rounded-lg border px-3 py-2 transition-colors focus:outline-none focus:ring-2 focus:ring-offset-0 disabled:bg-surface-alt disabled:text-text-muted disabled:cursor-not-allowed border-success-300 dark:border-success-600 focus:border-success-500 focus:ring-success-500"[39m
@tailwindspark/demo-app:test:     [33mid[39m=[32m"input-_r_8p_"[39m
@tailwindspark/demo-app:test:     [33mplaceholder[39m=[32m"Valid input"[39m
@tailwindspark/demo-app:test:   [36m/>[39m
@tailwindspark/demo-app:test: 
@tailwindspark/demo-app:test:   Name "Biography":
@tailwindspark/demo-app:test:   [36m<textarea[39m
@tailwindspark/demo-app:test:     [33mclass[39m=[32m"text-text bg-surface placeholder-text-muted block w-full rounded-lg border px-3 py-2 resize-vertical transition-colors focus:outline-none focus:ring-2 focus:ring-offset-0 disabled:bg-surface-alt disabled:text-text-muted disabled:cursor-not-allowed border-border dark:border-border-strong focus:border-brand focus:ring-brand"[39m
@tailwindspark/demo-app:test:     [33mid[39m=[32m"textarea-_r_8q_"[39m
@tailwindspark/demo-app:test:     [33mplaceholder[39m=[32m"Tell us about yourself..."[39m
@tailwindspark/demo-app:test:     [33mrows[39m=[32m"4"[39m
@tailwindspark/demo-app:test:   [36m/>[39m
@tailwindspark/demo-app:test: 
@tailwindspark/demo-app:test:   Name "Comments":
@tailwindspark/demo-app:test:   [36m<textarea[39m
@tailwindspark/demo-app:test:     [33mclass[39m=[32m"text-text bg-surface placeholder-text-muted block w-full rounded-lg border px-3 py-2 resize-vertical transition-colors focus:outline-none focus:ring-2 focus:ring-offset-0 disabled:bg-surface-alt disabled:text-text-muted disabled:cursor-not-allowed border-error-300 dark:border-error-600 focus:border-error-500 focus:ring-error-500"[39m
@tailwindspark/demo-app:test:     [33mid[39m=[32m"textarea-_r_8r_"[39m
@tailwindspark/demo-app:test:     [33mplaceholder[39m=[32m"Enter your comments"[39m
@tailwindspark/demo-app:test:     [33mrows[39m=[32m"4"[39m
@tailwindspark/demo-app:test:   [36m/>[39m
@tailwindspark/demo-app:test: 
@tailwindspark/demo-app:test:   Name "Full Name":
@tailwindspark/demo-app:test:   [36m<input[39m
@tailwindspark/demo-app:test:     [33mclass[39m=[32m"text-text bg-surface placeholder-text-muted block w-full rounded-lg border px-3 py-2 transition-colors focus:outline-none focus:ring-2 focus:ring-offset-0 disabled:bg-surface-alt disabled:text-text-muted disabled:cursor-not-allowed border-border dark:border-border-strong focus:border-brand focus:ring-brand pl-10"[39m
@tailwindspark/demo-app:test:     [33mid[39m=[32m"input-_r_94_"[39m
@tailwindspark/demo-app:test:     [33mplaceholder[39m=[32m"John Doe"[39m
@tailwindspark/demo-app:test:     [33mrequired[39m=[32m""[39m
@tailwindspark/demo-app:test:     [33mvalue[39m=[32m""[39m
@tailwindspark/demo-app:test:   [36m/>[39m
@tailwindspark/demo-app:test: 
@tailwindspark/demo-app:test:   Name "Email Address":
@tailwindspark/demo-app:test:   [36m<input[39m
@tailwindspark/demo-app:test:     [33mclass[39m=[32m"text-text bg-surface placeholder-text-muted block w-full rounded-lg border px-3 py-2 transition-colors focus:outline-none focus:ring-2 focus:ring-offset-0 disabled:bg-surface-alt disabled:text-text-muted disabled:cursor-not-allowed border-border dark:border-border-strong focus:border-brand focus:ring-brand pl-10"[39m
@tailwindspark/demo-app:test:     [33mid[39m=[32m"input-_r_95_"[39m
@tailwindspark/demo-app:test:     [33mplaceholder[39m=[32m"john@example.com"[39m
@tailwindspark/demo-app:test:     [33mrequired[39m=[32m""[39m
@tailwindspark/demo-app:test:     [33mtype[39m=[32m"email"[39m
@tailwindspark/demo-app:test:     [33mvalue[39m=[32m""[39m
@tailwindspark/demo-app:test:   [36m/>[39m
@tailwindspark/demo-app:test: 
@tailwindspark/demo-app:test:   Name "Bio (Optional)":
@tailwindspark/demo-app:test:   [36m<textarea[39m
@tailwindspark/demo-app:test:     [33mclass[39m=[32m"text-text bg-surface placeholder-text-muted block w-full rounded-lg border px-3 py-2 resize-vertical transition-colors focus:outline-none focus:ring-2 focus:ring-offset-0 disabled:bg-surface-alt disabled:text-text-muted disabled:cursor-not-allowed border-border dark:border-border-strong focus:border-brand focus:ring-brand"[39m
@tailwindspark/demo-app:test:     [33mid[39m=[32m"textarea-_r_98_"[39m
@tailwindspark/demo-app:test:     [33mplaceholder[39m=[32m"Tell us about yourself..."[39m
@tailwindspark/demo-app:test:     [33mrows[39m=[32m"3"[39m
@tailwindspark/demo-app:test:   [36m/>[39m
@tailwindspark/demo-app:test: 
@tailwindspark/demo-app:test:   --------------------------------------------------
@tailwindspark/demo-app:test:   combobox:
@tailwindspark/demo-app:test: 
@tailwindspark/demo-app:test:   Name "Country":
@tailwindspark/demo-app:test:   [36m<select[39m
@tailwindspark/demo-app:test:     [33mclass[39m=[32m"text-text bg-surface block w-full rounded-lg border px-3 py-2 transition-colors focus:outline-none focus:ring-2 focus:ring-offset-0 disabled:bg-surface-alt disabled:text-text-muted disabled:cursor-not-allowed border-border dark:border-border-strong focus:border-brand focus:ring-brand"[39m
@tailwindspark/demo-app:test:     [33mid[39m=[32m"select-_r_8s_"[39m
@tailwindspark/demo-app:test:   [36m/>[39m
@tailwindspark/demo-app:test: 
@tailwindspark/demo-app:test:   Name "Disabled Select":
@tailwindspark/demo-app:test:   [36m<select[39m
@tailwindspark/demo-app:test:     [33mclass[39m=[32m"text-text bg-surface block w-full rounded-lg border px-3 py-2 transition-colors focus:outline-none focus:ring-2 focus:ring-offset-0 disabled:bg-surface-alt disabled:text-text-muted disabled:cursor-not-allowed border-border dark:border-border-strong focus:border-brand focus:ring-brand"[39m
@tailwindspark/demo-app:test:     [33mdisabled[39m=[32m""[39m
@tailwindspark/demo-app:test:     [33mid[39m=[32m"select-_r_8t_"[39m
@tailwindspark/demo-app:test:   [36m/>[39m
@tailwindspark/demo-app:test: 
@tailwindspark/demo-app:test:   Name "Country":
@tailwindspark/demo-app:test:   [36m<select[39m
@tailwindspark/demo-app:test:     [33mclass[39m=[32m"text-text bg-surface block w-full rounded-lg border px-3 py-2 transition-colors focus:outline-none focus:ring-2 focus:ring-offset-0 disabled:bg-surface-alt disabled:text-text-muted disabled:cursor-not-allowed border-border dark:border-border-strong focus:border-brand focus:ring-brand"[39m
@tailwindspark/demo-app:test:     [33mid[39m=[32m"select-_r_97_"[39m
@tailwindspark/demo-app:test:   [36m/>[39m
@tailwindspark/demo-app:test: 
@tailwindspark/demo-app:test:   --------------------------------------------------
@tailwindspark/demo-app:test:   option:
@tailwindspark/demo-app:test: 
@tailwindspark/demo-app:test:   Name "Select Country":
@tailwindspark/demo-app:test:   [36m<option[39m
@tailwindspark/demo-app:test:     [33mvalue[39m=[32m""[39m
@tailwindspark/demo-app:test:   [36m/>[39m
@tailwindspark/demo-app:test: 
@tailwindspark/demo-app:test:   Name "United States":
@tailwindspark/demo-app:test:   [36m<option[39m
@tailwindspark/demo-app:test:     [33mvalue[39m=[32m"us"[39m
@tailwindspark/demo-app:test:   [36m/>[39m
@tailwindspark/demo-app:test: 
@tailwindspark/demo-app:test:   Name "Canada":
@tailwindspark/demo-app:test:   [36m<option[39m
@tailwindspark/demo-app:test:     [33mvalue[39m=[32m"ca"[39m
@tailwindspark/demo-app:test:   [36m/>[39m
@tailwindspark/demo-app:test: 
@tailwindspark/demo-app:test:   Name "United Kingdom":
@tailwindspark/demo-app:test:   [36m<option[39m
@tailwindspark/demo-app:test:     [33mvalue[39m=[32m"uk"[39m
@tailwindspark/demo-app:test:   [36m/>[39m
@tailwindspark/demo-app:test: 
@tailwindspark/demo-app:test:   Name "Germany":
@tailwindspark/demo-app:test:   [36m<option[39m
@tailwindspark/demo-app:test:     [33mvalue[39m=[32m"de"[39m
@tailwindspark/demo-app:test:   [36m/>[39m
@tailwindspark/demo-app:test: 
@tailwindspark/demo-app:test:   Name "France":
@tailwindspark/demo-app:test:   [36m<option[39m
@tailwindspark/demo-app:test:     [33mvalue[39m=[32m"fr"[39m
@tailwindspark/demo-app:test:   [36m/>[39m
@tailwindspark/demo-app:test: 
@tailwindspark/demo-app:test:   Name "Japan":
@tailwindspark/demo-app:test:   [36m<option[39m
@tailwindspark/demo-app:test:     [33mvalue[39m=[32m"jp"[39m
@tailwindspark/demo-app:test:   [36m/>[39m
@tailwindspark/demo-app:test: 
@tailwindspark/demo-app:test:   Name "Australia":
@tailwindspark/demo-app:test:   [36m<option[39m
@tailwindspark/demo-app:test:     [33mvalue[39m=[32m"au"[39m
@tailwindspark/demo-app:test:   [36m/>[39m
@tailwindspark/demo-app:test: 
@tailwindspark/demo-app:test:   Name "Select Country":
@tailwindspark/demo-app:test:   [36m<option[39m
@tailwindspark/demo-app:test:     [33mvalue[39m=[32m""[39m
@tailwindspark/demo-app:test:   [36m/>[39m
@tailwindspark/demo-app:test: 
@tailwindspark/demo-app:test:   Name "United States":
@tailwindspark/demo-app:test:   [36m<option[39m
@tailwindspark/demo-app:test:     [33mvalue[39m=[32m"us"[39m
@tailwindspark/demo-app:test:   [36m/>[39m
@tailwindspark/demo-app:test: 
@tailwindspark/demo-app:test:   Name "Canada":
@tailwindspark/demo-app:test:   [36m<option[39m
@tailwindspark/demo-app:test:     [33mvalue[39m=[32m"ca"[39m
@tailwindspark/demo-app:test:   [36m/>[39m
@tailwindspark/demo-app:test: 
@tailwindspark/demo-app:test:   Name "United Kingdom":
@tailwindspark/demo-app:test:   [36m<option[39m
@tailwindspark/demo-app:test:     [33mvalue[39m=[32m"uk"[39m
@tailwindspark/demo-app:test:   [36m/>[39m
@tailwindspark/demo-app:test: 
@tailwindspark/demo-app:test:   Name "Germany":
@tailwindspark/demo-app:test:   [36m<option[39m
@tailwindspark/demo-app:test:     [33mvalue[39m=[32m"de"[39m
@tailwindspark/demo-app:test:   [36m/>[39m
@tailwindspark/demo-app:test: 
@tailwindspark/demo-app:test:   Name "France":
@tailwindspark/demo-app:test:   [36m<option[39m
@tailwindspark/demo-app:test:     [33mvalue[39m=[32m"fr"[39m
@tailwindspark/demo-app:test:   [36m/>[39m
@tailwindspark/demo-app:test: 
@tailwindspark/demo-app:test:   Name "Japan":
@tailwindspark/demo-app:test:   [36m<option[39m
@tailwindspark/demo-app:test:     [33mvalue[39m=[32m"jp"[39m
@tailwindspark/demo-app:test:   [36m/>[39m
@tailwindspark/demo-app:test: 
@tailwindspark/demo-app:test:   Name "Australia":
@tailwindspark/demo-app:test:   [36m<option[39m
@tailwindspark/demo-app:test:     [33mvalue[39m=[32m"au"[39m
@tailwindspark/demo-app:test:   [36m/>[39m
@tailwindspark/demo-app:test: 
@tailwindspark/demo-app:test:   Name "Select Country":
@tailwindspark/demo-app:test:   [36m<option[39m
@tailwindspark/demo-app:test:     [33mvalue[39m=[32m""[39m
@tailwindspark/demo-app:test:   [36m/>[39m
@tailwindspark/demo-app:test: 
@tailwindspark/demo-app:test:   Name "United States":
@tailwindspark/demo-app:test:   [36m<option[39m
@tailwindspark/demo-app:test:     [33mvalue[39m=[32m"us"[39m
@tailwindspark/demo-app:test:   [36m/>[39m
@tailwindspark/demo-app:test: 
@tailwindspark/demo-app:test:   Name "Canada":
@tailwindspark/demo-app:test:   [36m<option[39m
@tailwindspark/demo-app:test:     [33mvalue[39m=[32m"ca"[39m
@tailwindspark/demo-app:test:   [36m/>[39m
@tailwindspark/demo-app:test: 
@tailwindspark/demo-app:test:   Name "United Kingdom":
@tailwindspark/demo-app:test:   [36m<option[39m
@tailwindspark/demo-app:test:     [33mvalue[39m=[32m"uk"[39m
@tailwindspark/demo-app:test:   [36m/>[39m
@tailwindspark/demo-app:test: 
@tailwindspark/demo-app:test:   Name "Germany":
@tailwindspark/demo-app:test:   [36m<option[39m
@tailwindspark/demo-app:test:     [33mvalue[39m=[32m"de"[39m
@tailwindspark/demo-app:test:   [36m/>[39m
@tailwindspark/demo-app:test: 
@tailwindspark/demo-app:test:   Name "France":
@tailwindspark/demo-app:test:   [36m<option[39m
@tailwindspark/demo-app:test:     [33mvalue[39m=[32m"fr"[39m
@tailwindspark/demo-app:test:   [36m/>[39m
@tailwindspark/demo-app:test: 
@tailwindspark/demo-app:test:   Name "Japan":
@tailwindspark/demo-app:test:   [36m<option[39m
@tailwindspark/demo-app:test:     [33mvalue[39m=[32m"jp"[39m
@tailwindspark/demo-app:test:   [36m/>[39m
@tailwindspark/demo-app:test: 
@tailwindspark/demo-app:test:   Name "Australia":
@tailwindspark/demo-app:test:   [36m<option[39m
@tailwindspark/demo-app:test:     [33mvalue[39m=[32m"au"[39m
@tailwindspark/demo-app:test:   [36m/>[39m
@tailwindspark/demo-app:test: 
@tailwindspark/demo-app:test:   --------------------------------------------------
@tailwindspark/demo-app:test:   checkbox:
@tailwindspark/demo-app:test: 
@tailwindspark/demo-app:test:   Name "Subscribe to newsletter":
@tailwindspark/demo-app:test:   [36m<input[39m
@tailwindspark/demo-app:test:     [33mclass[39m=[32m"border-border dark:border-border-strong text-brand focus:ring-brand h-4 w-4 rounded focus:ring-offset-0 disabled:cursor-not-allowed disabled:opacity-50"[39m
@tailwindspark/demo-app:test:     [33mid[39m=[32m"checkbox-_r_8u_"[39m
@tailwindspark/demo-app:test:     [33mtype[39m=[32m"checkbox"[39m
@tailwindspark/demo-app:test:   [36m/>[39m
@tailwindspark/demo-app:test: 
@tailwindspark/demo-app:test:   Name "Agree to terms and conditions":
@tailwindspark/demo-app:test:   [36m<input[39m
@tailwindspark/demo-app:test:     [33mclass[39m=[32m"border-border dark:border-border-strong text-brand focus:ring-brand h-4 w-4 rounded focus:ring-offset-0 disabled:cursor-not-allowed disabled:opacity-50"[39m
@tailwindspark/demo-app:test:     [33mid[39m=[32m"checkbox-_r_8v_"[39m
@tailwindspark/demo-app:test:     [33mtype[39m=[32m"checkbox"[39m
@tailwindspark/demo-app:test:   [36m/>[39m
@tailwindspark/demo-app:test: 
@tailwindspark/demo-app:test:   Name "Disabled checkbox":
@tailwindspark/demo-app:test:   [36m<input[39m
@tailwindspark/demo-app:test:     [33mclass[39m=[32m"border-border dark:border-border-strong text-brand focus:ring-brand h-4 w-4 rounded focus:ring-offset-0 disabled:cursor-not-allowed disabled:opacity-50"[39m
@tailwindspark/demo-app:test:     [33mdisabled[39m=[32m""[39m
@tailwindspark/demo-app:test:     [33mid[39m=[32m"checkbox-_r_90_"[39m
@tailwindspark/demo-app:test:     [33mtype[39m=[32m"checkbox"[39m
@tailwindspark/demo-app:test:   [36m/>[39m
@tailwindspark/demo-app:test: 
@tailwindspark/demo-app:test:   Name "I agree to the terms and conditions":
@tailwindspark/demo-app:test:   [36m<input[39m
@tailwindspark/demo-app:test:     [33mclass[39m=[32m"border-border dark:border-border-strong text-brand focus:ring-brand h-4 w-4 rounded focus:ring-offset-0 disabled:cursor-not-allowed disabled:opacity-50"[39m
@tailwindspark/demo-app:test:     [33mid[39m=[32m"checkbox-_r_99_"[39m
@tailwindspark/demo-app:test:     [33mrequired[39m=[32m""[39m
@tailwindspark/demo-app:test:     [33mtype[39m=[32m"checkbox"[39m
@tailwindspark/demo-app:test:   [36m/>[39m
@tailwindspark/demo-app:test: 
@tailwindspark/demo-app:test:   Name "Subscribe to marketing emails":
@tailwindspark/demo-app:test:   [36m<input[39m
@tailwindspark/demo-app:test:     [33mclass[39m=[32m"border-border dark:border-border-strong text-brand focus:ring-brand h-4 w-4 rounded focus:ring-offset-0 disabled:cursor-not-allowed disabled:opacity-50"[39m
@tailwindspark/demo-app:test:     [33mid[39m=[32m"checkbox-_r_9a_"[39m
@tailwindspark/demo-app:test:     [33mtype[39m=[32m"checkbox"[39m
@tailwindspark/demo-app:test:   [36m/>[39m
@tailwindspark/demo-app:test: 
@tailwindspark/demo-app:test:   --------------------------------------------------
@tailwindspark/demo-app:test:   radio:
@tailwindspark/demo-app:test: 
@tailwindspark/demo-app:test:   Name "Free Plan":
@tailwindspark/demo-app:test:   [36m<input[39m
@tailwindspark/demo-app:test:     [33mchecked[39m=[32m""[39m
@tailwindspark/demo-app:test:     [33mclass[39m=[32m"border-border dark:border-border-strong text-brand focus:ring-brand h-4 w-4 focus:ring-offset-0 disabled:cursor-not-allowed disabled:opacity-50"[39m
@tailwindspark/demo-app:test:     [33mid[39m=[32m"radio-_r_91_"[39m
@tailwindspark/demo-app:test:     [33mname[39m=[32m"plan"[39m
@tailwindspark/demo-app:test:     [33mtype[39m=[32m"radio"[39m
@tailwindspark/demo-app:test:     [33mvalue[39m=[32m"free"[39m
@tailwindspark/demo-app:test:   [36m/>[39m
@tailwindspark/demo-app:test: 
@tailwindspark/demo-app:test:   Name "Pro Plan ($9/month)":
@tailwindspark/demo-app:test:   [36m<input[39m
@tailwindspark/demo-app:test:     [33mclass[39m=[32m"border-border dark:border-border-strong text-brand focus:ring-brand h-4 w-4 focus:ring-offset-0 disabled:cursor-not-allowed disabled:opacity-50"[39m
@tailwindspark/demo-app:test:     [33mid[39m=[32m"radio-_r_92_"[39m
@tailwindspark/demo-app:test:     [33mname[39m=[32m"plan"[39m
@tailwindspark/demo-app:test:     [33mtype[39m=[32m"radio"[39m
@tailwindspark/demo-app:test:     [33mvalue[39m=[32m"pro"[39m
@tailwindspark/demo-app:test:   [36m/>[39m
@tailwindspark/demo-app:test: 
@tailwindspark/demo-app:test:   Name "Enterprise Plan ($29/month)":
@tailwindspark/demo-app:test:   [36m<input[39m
@tailwindspark/demo-app:test:     [33mclass[39m=[32m"border-border dark:border-border-strong text-brand focus:ring-brand h-4 w-4 focus:ring-offset-0 disabled:cursor-not-allowed disabled:opacity-50"[39m
@tailwindspark/demo-app:test:     [33mid[39m=[32m"radio-_r_93_"[39m
@tailwindspark/demo-app:test:     [33mname[39m=[32m"plan"[39m
@tailwindspark/demo-app:test:     [33mtype[39m=[32m"radio"[39m
@tailwindspark/demo-app:test:     [33mvalue[39m=[32m"enterprise"[39m
@tailwindspark/demo-app:test:   [36m/>[39m
@tailwindspark/demo-app:test: 
@tailwindspark/demo-app:test:   --------------------------------------------------
@tailwindspark/demo-app:test:   button:
@tailwindspark/demo-app:test: 
@tailwindspark/demo-app:test:   Name "Create Account":
@tailwindspark/demo-app:test:   [36m<button[39m
@tailwindspark/demo-app:test:     [33mclass[39m=[32m"inline-flex items-center justify-center gap-2 rounded-lg font-medium transition-all duration-200 focus:outline-none focus:ring-2 focus:ring-offset-2 disabled:cursor-not-allowed disabled:opacity-50 disabled:shadow-none bg-brand hover:bg-brand-hover focus:ring-brand text-white shadow-sm px-4 py-2 text-sm"[39m
@tailwindspark/demo-app:test:     [33mtype[39m=[32m"submit"[39m
@tailwindspark/demo-app:test:   [36m/>[39m
@tailwindspark/demo-app:test: 
@tailwindspark/demo-app:test:   Name "Cancel":
@tailwindspark/demo-app:test:   [36m<button[39m
@tailwindspark/demo-app:test:     [33mclass[39m=[32m"inline-flex items-center justify-center gap-2 rounded-lg font-medium transition-all duration-200 focus:outline-none focus:ring-2 focus:ring-offset-2 disabled:cursor-not-allowed disabled:opacity-50 disabled:shadow-none bg-transparent hover:bg-surface-alt focus:ring-brand text-text px-4 py-2 text-sm"[39m
@tailwindspark/demo-app:test:     [33mtype[39m=[32m"button"[39m
@tailwindspark/demo-app:test:   [36m/>[39m
@tailwindspark/demo-app:test: 
@tailwindspark/demo-app:test:   --------------------------------------------------
@tailwindspark/demo-app:test: 
@tailwindspark/demo-app:test: Ignored nodes: comments, script, style
@tailwindspark/demo-app:test: [36m<body>[39m
@tailwindspark/demo-app:test:   [36m<div>[39m
@tailwindspark/demo-app:test:     [36m<section[39m
@tailwindspark/demo-app:test:       [33mclass[39m=[32m"space-y-8"[39m
@tailwindspark/demo-app:test:     [36m>[39m
@tailwindspark/demo-app:test:       [36m<div>[39m
@tailwindspark/demo-app:test:         [36m<h2[39m
@tailwindspark/demo-app:test:           [33mclass[39m=[32m"text-text mb-4 text-2xl font-bold"[39m
@tailwindspark/demo-app:test:         [36m>[39m
@tailwindspark/demo-app:test:           [0mForm Components[0m
@tailwindspark/demo-app:test:         [36m</h2>[39m
@tailwindspark/demo-app:test:         [36m<p[39m
@tailwindspark/demo-app:test:           [33mclass[39m=[32m"text-text-muted mb-6"[39m
@tailwindspark/demo-app:test:         [36m>[39m
@tailwindspark/demo-app:test:           [0mComplete form controls with validation, icons, and accessibility features.[0m
@tailwindspark/demo-app:test:         [36m</p>[39m
@tailwindspark/demo-app:test:       [36m</div>[39m
@tailwindspark/demo-app:test:       [36m<div[39m
@tailwindspark/demo-app:test:         [33mclass[39m=[32m"space-y-6"[39m
@tailwindspark/demo-app:test:       [36m>[39m
@tailwindspark/demo-app:test:         [36m<h3[39m
@tailwindspark/demo-app:test:           [33mclass[39m=[32m"text-text text-lg font-semibold"[39m
@tailwindspark/demo-app:test:         [36m>[39m
@tailwindspark/demo-app:test:           [0mInput Fields[0m
@tailwindspark/demo-app:test:         [36m</h3>[39m
@tailwindspark/demo-app:test:         [36m<div[39m
@tailwindspark/demo-app:test:           [33mclass[39m=[32m"grid grid-cols-1 gap-6 md:grid-cols-2"[39m
@tailwindspark/demo-app:test:         [36m>[39m
@tailwindspark/demo-app:test:           [36m<div[39m
@tailwindspark/demo-app:test:             [33mclass[39m=[32m"space-y-2"[39m
@tailwindspark/demo-app:test:           [36m>[39m
@tailwindspark/demo-app:test:             [36m<label[39m
@tailwindspark/demo-app:test:               [33mclass[39m=[32m"text-text block text-sm font-medium"[39m
@tailwindspark/demo-app:test:               [33mfor[39m=[32m"input-_r_8k_"[39m
@tailwindspark/demo-app:test:             [36m>[39m
@tailwindspark/demo-app:test:               [0mBasic Input[0m
@tailwindspark/demo-app:test:             [36m</label>[39m
@tailwindspark/demo-app:test:             [36m<div[39m
@tailwindspark/demo-app:test:               [33mclass[39m=[32m"relative"[39m
@tailwindspark/demo-app:test:             [36m>[39m
@tailwindspark/demo-app:test:               [36m<input[39m
@tailwindspark/demo-app:test:                 [33mclass[39m=[32m"text-text bg-surface placeholder-text-muted block w-full rounded-lg border px-3 py-2 transition-colors focus:outline-none focus:ring-2 focus:ring-offset-0 disabled:bg-surface-alt disabled:text-text-muted disabled:cursor-not-allowed border-border dark:border-border-strong focus:border-brand focus:ring-brand"[39m
@tailwindspark/demo-app:test:                 [33mid[39m=[32m"input-_r_8k_"[39m
@tailwindspark/demo-app:test:                 [33mplaceholder[39m=[32m"Enter some text"[39m
@tailwindspark/demo-app:test:               [36m/>[39m
@tailwindspark/demo-app:test:             [36m</div>[39m
@tailwindspark/demo-app:test:             [36m<p[39m
@tailwindspark/demo-app:test:               [33mclass[39m=[32m"text-sm text-text-muted"[39m
@tailwindspark/demo-app:test:             [36m>[39m
@tailwindspark/demo-app:test:               [0mThis is a helper text[0m
@tailwindspark/demo-app:test:             [36m</p>[39m
@tailwindspark/demo-app:test:           [36m</div>[39m
@tailwindspark/demo-app:test:           [36m<div[39m
@tailwindspark/demo-app:test:             [33mclass[39m=[32m"space-y-2"[39m
@tailwindspark/demo-app:test:           [36m>[39m
@tailwindspark/demo-app:test:             [36m<label[39m
@tailwindspark/demo-app:test:               [33mclass[39m=[32m"text-text block text-sm font-medium"[39m
@tailwindspark/demo-app:test:               [33mfor[39m=[32m"input-_r_8l_"[39m
@tailwindspark/demo-app:test:             [36m>[39m
@tailwindspark/demo-app:test:               [0mEmail with Icon[0m
@tailwindspark/demo-app:test:             [36m</label>[39m
@tailwindspark/demo-app:test:             [36m<div[39m
@tailwindspark/demo-app:test:               [33mclass[39m=[32m"relative"[39m
@tailwindspark/demo-app:test:             [36m>[39m
@tailwindspark/demo-app:test:               [36m<div[39m
@tailwindspark/demo-app:test:                 [33mclass[39m=[32m"pointer-events-none absolute inset-y-0 left-0 flex items-center pl-3"[39m
@tailwindspark/demo-app:test:               [36m>[39m
@tailwindspark/demo-app:test:                 [36m<div[39m
@tailwindspark/demo-app:test:                   [33mclass[39m=[32m"text-text-muted h-5 w-5"[39m
@tailwindspark/demo-app:test:                 [36m>[39m
@tailwindspark/demo-app:test:                   [36m<svg[39m
@tailwindspark/demo-app:test:                     [33maria-hidden[39m=[32m"true"[39m
@tailwindspark/demo-app:test:                     [33mclass[39m=[32m"lucide lucide-mail"[39m
@tailwindspark/demo-app:test:                     [33mfill[39m=[32m"none"[39m
@tailwindspark/demo-app:test:                     [33mheight[39m=[32m"24"[39m
@tailwindspark/demo-app:test:                     [33mstroke[39m=[32m"currentColor"[39m
@tailwindspark/demo-app:test:                     [33mstroke-linecap[39m=[32m"round"[39m
@tailwindspark/demo-app:test:                     [33mstroke-linejoin[39m=[32m"round"[39m
@tailwindspark/demo-app:test:                     [33mstroke-width[39m=[32m"2"[39m
@tailwindspark/demo-app:test:                     [33mviewBox[39m=[32m"0 0 24 24"[39m
@tailwindspark/demo-app:test:                     [33mwidth[39m=[32m"24"[39m
@tailwindspark/demo-app:test:                     [33mxmlns[39m=[32m"http://www.w3.org/2000/svg"[39m
@tailwindspark/demo-app:test:                   [36m>[39m
@tailwindspark/demo-app:test:                     [36m<path[39m
@tailwindspark/demo-app:test:                       [33md[39m=[32m"m22 7-8.991 5.727a2 2 0 0 1-2.009 0L2 7"[39m
@tailwindspark/demo-app:test:                     [36m/>[39m
@tailwindspark/demo-app:test:                     [36m<rect[39m
@tailwindspark/demo-app:test:                       [33mheight[39m=[32m"16"[39m
@tailwindspark/demo-app:test:                       [33mrx[39m=[32m"2"[39m
@tailwindspark/demo-app:test:                       [33mwidth[39m=[32m"20"[39m
@tailwindspark/demo-app:test:                       [33mx[39m=[32m"2"[39m
@tailwindspark/demo-app:test:                       [33my[39m=[32m"4"[39m
@tailwindspark/demo-app:test:                     [36m/>[39m
@tailwindspark/demo-app:test:                   [36m</svg>[39m
@tailwindspark/demo-app:test:                 [36m</div>[39m
@tailwindspark/demo-app:test:               [36m</div>[39m
@tailwindspark/demo-app:test:               [36m<input[39m
@tailwindspark/demo-app:test:                 [33mclass[39m=[32m"text-text bg-surface placeholder-text-muted block w-full rounded-lg border px-3 py-2 transition-colors focus:outline-none focus:ring-2 focus:ring-offset-0 disabled:bg-surface-alt disabled:text-text-muted disabled:cursor-not-allowed border-border dark:border-border-strong focus:border-brand focus:ring-brand pl-10"[39m
@tailwindspark/demo-app:test:                 [33mid[39m=[32m"input-_r_8l_"[39m
@tailwindspark/demo-app:test:                 [33mplaceholder[39m=[32m"Enter your email"[39m
@tailwindspark/demo-app:test:                 [33mtype[39m=[32m"email"[39m
@tailwindspark/demo-app:test:                 [33mvalue[39m=[32m""[39m
@tailwindspark/demo-app:test:               [36m/>[39m
@tailwindspark/demo-app:test:             [36m</div>[39m
@tailwindspark/demo-app:test:           [36m</div>[39m
@tailwindspark/demo-app:test:           [36m<div[39m
@tailwindspark/demo-app:test:             [33mclass[39m=[32m"space-y-2"[39m
@tailwindspark/demo-app:test:           [36m>[39m
@tailwindspark/demo-app:test:             [36m<label[39m
@tailwindspark/demo-app:test:               [33mclass[39m=[32m"text-text block text-sm font-medium"[39m
@tailwindspark/demo-app:test:               [33mfor[39m=[32m"input-_r_8m_"[39m
@tailwindspark/demo-app:test:             [36m>[39m
@tailwindspark/demo-app:test:               [0mPassword[0m
@tailwindspark/demo-app:test:             [36m</label>[39m
@tailwindspark/demo-app:test:             [36m<div[39m
@tailwindspark/demo-app:test:               [33mclass[39m=[32m"relative"[39m
@tailwindspark/demo-app:test:             [36m>[39m
@tailwindspark/demo-app:test:               [36m<div[39m
@tailwindspark/demo-app:test:                 [33mclass[39m=[32m"pointer-events-none absolute inset-y-0 left-0 flex items-center pl-3"[39m
@tailwindspark/demo-app:test:               [36m>[39m
@tailwindspark/demo-app:test:                 [36m<div[39m
@tailwindspark/demo-app:test:                   [33mclass[39m=[32m"text-text-muted h-5 w-5"[39m
@tailwindspark/demo-app:test:                 [36m>[39m
@tailwindspark/demo-app:test:                   [36m<svg[39m
@tailwindspark/demo-app:test:                     [33maria-hidden[39m=[32m"true"[39m
@tailwindspark/demo-app:test:                     [33mclass[39m=[32m"lucide lucide-lock"[39m
@tailwindspark/demo-app:test:                     [33mfill[39m=[32m"none"[39m
@tailwindspark/demo-app:test:                     [33mheight[39m=[32m"24"[39m
@tailwindspark/demo-app:test:                     [33mstroke[39m=[32m"currentColor"[39m
@tailwindspark/demo-app:test:                     [33mstroke-linecap[39m=[32m"round"[39m
@tailwindspark/demo-app:test:                     [33mstroke-linejoin[39m=[32m"round"[39m
@tailwindspark/demo-app:test:                     [33mstroke-width[39m=[32m"2"[39m
@tailwindspark/demo-app:test:                     [33mviewBox[39m=[32m"0 0 24 24"[39m
@tailwindspark/demo-app:test:                     [33mwidth[39m=[32m"24"[39m
@tailwindspark/demo-app:test:                     [33mxmlns[39m=[32m"http://www.w3.org/2000/svg"[39m
@tailwindspark/demo-app:test:                   [36m>[39m
@tailwindspark/demo-app:test:                     [36m<rect[39m
@tailwindspark/demo-app:test:                       [33mheight[39m=[32m"11"[39m
@tailwindspark/demo-app:test:                       [33mrx[39m=[32m"2"[39m
@tailwindspark/demo-app:test:                       [33mry[39m=[32m"2"[39m
@tailwindspark/demo-app:test:                       [33mwidth[39m=[32m"18"[39m
@tailwindspark/demo-app:test:                       [33mx[39m=[32m"3"[39m
@tailwindspark/demo-app:test:                       [33my[39m=[32m"11"[39m
@tailwindspark/demo-app:test:                     [36m/>[39m
@tailwindspark/demo-app:test:                     [36m<path[39m
@tailwindspark/demo-app:test:                       [33md[39m=[32m"M7 11V7a5 5 0 0 1 10 0v4"[39m
@tailwindspark/demo-app:test:                     [36m/>[39m
@tailwindspark/demo-app:test:                   [36m</svg>[39m
@tailwindspark/demo-app:test:                 [36m</div>[39m
@tailwindspark/demo-app:test:               [36m</div>[39m
@tailwindspark/demo-app:test:               [36m<input[39m
@tailwindspark/demo-app:test:               ...
@tailwindspark/demo-app:test: [90m [2mΓ¥»[22m Object.getElementError ../../node_modules/@testing-library/dom/dist/config.js:[2m37:19[22m[39m
@tailwindspark/demo-app:test: [90m [2mΓ¥»[22m ../../node_modules/@testing-library/dom/dist/query-helpers.js:[2m76:38[22m[39m
@tailwindspark/demo-app:test: [90m [2mΓ¥»[22m ../../node_modules/@testing-library/dom/dist/query-helpers.js:[2m52:17[22m[39m
@tailwindspark/demo-app:test: [90m [2mΓ¥»[22m ../../node_modules/@testing-library/dom/dist/query-helpers.js:[2m95:19[22m[39m
@tailwindspark/demo-app:test: [36m [2mΓ¥»[22m src/sections/FormShowcase.test.tsx:[2m106:33[22m[39m
@tailwindspark/demo-app:test:     [90m104| [39m    [34mrender[39m([33m<[39m[33mFormShowcase[39m [33m/[39m[33m>[39m)[33m;[39m
@tailwindspark/demo-app:test:     [90m105| [39m    
@tailwindspark/demo-app:test:     [90m106| [39m    const submitButton = screen.getByRole('button', { name: /submit/i ΓÇª
@tailwindspark/demo-app:test:     [90m   | [39m                                [31m^[39m
@tailwindspark/demo-app:test:     [90m107| [39m    [35mawait[39m user[33m.[39m[34mclick[39m(submitButton)[33m;[39m
@tailwindspark/demo-app:test:     [90m108| [39m    
@tailwindspark/demo-app:test: 
@tailwindspark/demo-app:test: [31m[2mΓÄ»ΓÄ»ΓÄ»ΓÄ»ΓÄ»ΓÄ»ΓÄ»ΓÄ»ΓÄ»ΓÄ»ΓÄ»ΓÄ»ΓÄ»ΓÄ»ΓÄ»ΓÄ»ΓÄ»ΓÄ»ΓÄ»ΓÄ»ΓÄ»ΓÄ»[17/20]ΓÄ»[22m[39m
@tailwindspark/demo-app:test: 
@tailwindspark/demo-app:test: [41m[1m FAIL [22m[49m src/sections/ModalShowcase.test.tsx[2m > [22mModalShowcase[2m > [22mopens large modal
@tailwindspark/demo-app:test: [31m[1mTestingLibraryElementError[22m[39m: Unable to find role="dialog"
@tailwindspark/demo-app:test: 
@tailwindspark/demo-app:test: Ignored nodes: comments, script, style
@tailwindspark/demo-app:test: [36m<body[39m
@tailwindspark/demo-app:test:   [33mstyle[39m=[32m"overflow: hidden;"[39m
@tailwindspark/demo-app:test: [36m>[39m
@tailwindspark/demo-app:test:   [36m<div>[39m
@tailwindspark/demo-app:test:     [36m<section[39m
@tailwindspark/demo-app:test:       [33mclass[39m=[32m"space-y-8"[39m
@tailwindspark/demo-app:test:     [36m>[39m
@tailwindspark/demo-app:test:       [36m<div>[39m
@tailwindspark/demo-app:test:         [36m<h2[39m
@tailwindspark/demo-app:test:           [33mclass[39m=[32m"text-text mb-4 text-2xl font-bold"[39m
@tailwindspark/demo-app:test:         [36m>[39m
@tailwindspark/demo-app:test:           [0mModal Components[0m
@tailwindspark/demo-app:test:         [36m</h2>[39m
@tailwindspark/demo-app:test:         [36m<p[39m
@tailwindspark/demo-app:test:           [33mclass[39m=[32m"text-text-muted mb-6"[39m
@tailwindspark/demo-app:test:         [36m>[39m
@tailwindspark/demo-app:test:           [0mAccessible modals with various sizes and configurations.[0m
@tailwindspark/demo-app:test:         [36m</p>[39m
@tailwindspark/demo-app:test:       [36m</div>[39m
@tailwindspark/demo-app:test:       [36m<div[39m
@tailwindspark/demo-app:test:         [33mclass[39m=[32m"space-y-4"[39m
@tailwindspark/demo-app:test:       [36m>[39m
@tailwindspark/demo-app:test:         [36m<h3[39m
@tailwindspark/demo-app:test:           [33mclass[39m=[32m"text-text text-lg font-semibold"[39m
@tailwindspark/demo-app:test:         [36m>[39m
@tailwindspark/demo-app:test:           [0mModal Types[0m
@tailwindspark/demo-app:test:         [36m</h3>[39m
@tailwindspark/demo-app:test:         [36m<div[39m
@tailwindspark/demo-app:test:           [33mclass[39m=[32m"flex flex-wrap gap-3"[39m
@tailwindspark/demo-app:test:         [36m>[39m
@tailwindspark/demo-app:test:           [36m<button[39m
@tailwindspark/demo-app:test:             [33mclass[39m=[32m"inline-flex items-center justify-center gap-2 rounded-lg font-medium transition-all duration-200 focus:outline-none focus:ring-2 focus:ring-offset-2 disabled:cursor-not-allowed disabled:opacity-50 disabled:shadow-none bg-brand hover:bg-brand-hover focus:ring-brand text-white shadow-sm px-4 py-2 text-sm"[39m
@tailwindspark/demo-app:test:           [36m>[39m
@tailwindspark/demo-app:test:             [0mBasic Modal[0m
@tailwindspark/demo-app:test:           [36m</button>[39m
@tailwindspark/demo-app:test:           [36m<button[39m
@tailwindspark/demo-app:test:             [33mclass[39m=[32m"inline-flex items-center justify-center gap-2 rounded-lg font-medium transition-all duration-200 focus:outline-none focus:ring-2 focus:ring-offset-2 disabled:cursor-not-allowed disabled:opacity-50 disabled:shadow-none bg-secondary-600 hover:bg-secondary-700 focus:ring-secondary-500 text-white shadow-sm px-4 py-2 text-sm"[39m
@tailwindspark/demo-app:test:           [36m>[39m
@tailwindspark/demo-app:test:             [0mConfirmation Modal[0m
@tailwindspark/demo-app:test:           [36m</button>[39m
@tailwindspark/demo-app:test:           [36m<button[39m
@tailwindspark/demo-app:test:             [33mclass[39m=[32m"inline-flex items-center justify-center gap-2 rounded-lg font-medium transition-all duration-200 focus:outline-none focus:ring-2 focus:ring-offset-2 disabled:cursor-not-allowed disabled:opacity-50 disabled:shadow-none bg-warning-600 hover:bg-warning-700 focus:ring-warning-500 text-white shadow-sm px-4 py-2 text-sm"[39m
@tailwindspark/demo-app:test:           [36m>[39m
@tailwindspark/demo-app:test:             [0mAlert Modal[0m
@tailwindspark/demo-app:test:           [36m</button>[39m
@tailwindspark/demo-app:test:           [36m<button[39m
@tailwindspark/demo-app:test:             [33mclass[39m=[32m"inline-flex items-center justify-center gap-2 rounded-lg font-medium transition-all duration-200 focus:outline-none focus:ring-2 focus:ring-offset-2 disabled:cursor-not-allowed disabled:opacity-50 disabled:shadow-none bg-success-600 hover:bg-success-700 focus:ring-success-500 text-white shadow-sm px-4 py-2 text-sm"[39m
@tailwindspark/demo-app:test:           [36m>[39m
@tailwindspark/demo-app:test:             [0mForm Modal[0m
@tailwindspark/demo-app:test:           [36m</button>[39m
@tailwindspark/demo-app:test:           [36m<button[39m
@tailwindspark/demo-app:test:             [33mclass[39m=[32m"inline-flex items-center justify-center gap-2 rounded-lg font-medium transition-all duration-200 focus:outline-none focus:ring-2 focus:ring-offset-2 disabled:cursor-not-allowed disabled:opacity-50 disabled:shadow-none bg-transparent hover:bg-surface-alt focus:ring-brand text-text px-4 py-2 text-sm"[39m
@tailwindspark/demo-app:test:           [36m>[39m
@tailwindspark/demo-app:test:             [0mLarge Modal[0m
@tailwindspark/demo-app:test:           [36m</button>[39m
@tailwindspark/demo-app:test:         [36m</div>[39m
@tailwindspark/demo-app:test:       [36m</div>[39m
@tailwindspark/demo-app:test:       [36m<div[39m
@tailwindspark/demo-app:test:         [33mclass[39m=[32m"fixed inset-0 z-50 overflow-y-auto"[39m
@tailwindspark/demo-app:test:       [36m>[39m
@tailwindspark/demo-app:test:         [36m<div[39m
@tailwindspark/demo-app:test:           [33mclass[39m=[32m"flex min-h-full items-center justify-center p-4 text-center sm:p-0"[39m
@tailwindspark/demo-app:test:         [36m>[39m
@tailwindspark/demo-app:test:           [36m<div[39m
@tailwindspark/demo-app:test:             [33mclass[39m=[32m"bg-surface-inverse fixed inset-0 bg-opacity-75 transition-opacity"[39m
@tailwindspark/demo-app:test:           [36m/>[39m
@tailwindspark/demo-app:test:           [36m<div[39m
@tailwindspark/demo-app:test:             [33mclass[39m=[32m"bg-surface relative transform overflow-hidden rounded-xl px-4 pb-4 pt-5 text-left shadow-xl transition-all sm:my-8 sm:w-full sm:p-6 max-w-4xl animate-scale-in"[39m
@tailwindspark/demo-app:test:           [36m>[39m
@tailwindspark/demo-app:test:             [36m<div[39m
@tailwindspark/demo-app:test:               [33mclass[39m=[32m"mb-4 flex items-center justify-between"[39m
@tailwindspark/demo-app:test:             [36m>[39m
@tailwindspark/demo-app:test:               [36m<h3[39m
@tailwindspark/demo-app:test:                 [33mclass[39m=[32m"text-text text-lg font-semibold"[39m
@tailwindspark/demo-app:test:               [36m>[39m
@tailwindspark/demo-app:test:                 [0mLarge Content Modal[0m
@tailwindspark/demo-app:test:               [36m</h3>[39m
@tailwindspark/demo-app:test:               [36m<button[39m
@tailwindspark/demo-app:test:                 [33maria-label[39m=[32m"Close modal"[39m
@tailwindspark/demo-app:test:                 [33mclass[39m=[32m"text-text-muted hover:text-text hover:bg-surface-alt rounded-lg p-1 transition-colors"[39m
@tailwindspark/demo-app:test:               [36m>[39m
@tailwindspark/demo-app:test:                 [36m<svg[39m
@tailwindspark/demo-app:test:                   [33mclass[39m=[32m""[39m
@tailwindspark/demo-app:test:                   [33mfill[39m=[32m"none"[39m
@tailwindspark/demo-app:test:                   [33mheight[39m=[32m"20"[39m
@tailwindspark/demo-app:test:                   [33mstroke[39m=[32m"currentColor"[39m
@tailwindspark/demo-app:test:                   [33mstroke-linecap[39m=[32m"round"[39m
@tailwindspark/demo-app:test:                   [33mstroke-linejoin[39m=[32m"round"[39m
@tailwindspark/demo-app:test:                   [33mstroke-width[39m=[32m"2"[39m
@tailwindspark/demo-app:test:                   [33mviewBox[39m=[32m"0 0 24 24"[39m
@tailwindspark/demo-app:test:                   [33mwidth[39m=[32m"20"[39m
@tailwindspark/demo-app:test:                 [36m>[39m
@tailwindspark/demo-app:test:                   [36m<path[39m
@tailwindspark/demo-app:test:                     [33md[39m=[32m"m18 6-12 12"[39m
@tailwindspark/demo-app:test:                   [36m/>[39m
@tailwindspark/demo-app:test:                   [36m<path[39m
@tailwindspark/demo-app:test:                     [33md[39m=[32m"m6 6 12 12"[39m
@tailwindspark/demo-app:test:                   [36m/>[39m
@tailwindspark/demo-app:test:                 [36m</svg>[39m
@tailwindspark/demo-app:test:               [36m</button>[39m
@tailwindspark/demo-app:test:             [36m</div>[39m
@tailwindspark/demo-app:test:             [36m<div[39m
@tailwindspark/demo-app:test:               [33mclass[39m=[32m"text-text"[39m
@tailwindspark/demo-app:test:             [36m>[39m
@tailwindspark/demo-app:test:               [36m<div[39m
@tailwindspark/demo-app:test:                 [33mclass[39m=[32m"mb-6"[39m
@tailwindspark/demo-app:test:               [36m>[39m
@tailwindspark/demo-app:test:                 [36m<div[39m
@tailwindspark/demo-app:test:                   [33mclass[39m=[32m"space-y-6"[39m
@tailwindspark/demo-app:test:                 [36m>[39m
@tailwindspark/demo-app:test:                   [36m<div[39m
@tailwindspark/demo-app:test:                     [33mclass[39m=[32m"flex items-start gap-3"[39m
@tailwindspark/demo-app:test:                   [36m>[39m
@tailwindspark/demo-app:test:                     [36m<svg[39m
@tailwindspark/demo-app:test:                       [33maria-hidden[39m=[32m"true"[39m
@tailwindspark/demo-app:test:                       [33mclass[39m=[32m"lucide lucide-info text-brand mt-0.5 h-5 w-5"[39m
@tailwindspark/demo-app:test:                       [33mfill[39m=[32m"none"[39m
@tailwindspark/demo-app:test:                       [33mheight[39m=[32m"24"[39m
@tailwindspark/demo-app:test:                       [33mstroke[39m=[32m"currentColor"[39m
@tailwindspark/demo-app:test:                       [33mstroke-linecap[39m=[32m"round"[39m
@tailwindspark/demo-app:test:                       [33mstroke-linejoin[39m=[32m"round"[39m
@tailwindspark/demo-app:test:                       [33mstroke-width[39m=[32m"2"[39m
@tailwindspark/demo-app:test:                       [33mviewBox[39m=[32m"0 0 24 24"[39m
@tailwindspark/demo-app:test:                       [33mwidth[39m=[32m"24"[39m
@tailwindspark/demo-app:test:                       [33mxmlns[39m=[32m"http://www.w3.org/2000/svg"[39m
@tailwindspark/demo-app:test:                     [36m>[39m
@tailwindspark/demo-app:test:                       [36m<circle[39m
@tailwindspark/demo-app:test:                         [33mcx[39m=[32m"12"[39m
@tailwindspark/demo-app:test:                         [33mcy[39m=[32m"12"[39m
@tailwindspark/demo-app:test:                         [33mr[39m=[32m"10"[39m
@tailwindspark/demo-app:test:                       [36m/>[39m
@tailwindspark/demo-app:test:                       [36m<path[39m
@tailwindspark/demo-app:test:                         [33md[39m=[32m"M12 16v-4"[39m
@tailwindspark/demo-app:test:                       [36m/>[39m
@tailwindspark/demo-app:test:                       [36m<path[39m
@tailwindspark/demo-app:test:                         [33md[39m=[32m"M12 8h.01"[39m
@tailwindspark/demo-app:test:                       [36m/>[39m
@tailwindspark/demo-app:test:                     [36m</svg>[39m
@tailwindspark/demo-app:test:                     [36m<div>[39m
@tailwindspark/demo-app:test:                       [36m<h4[39m
@tailwindspark/demo-app:test:                         [33mclass[39m=[32m"text-text mb-2 font-semibold"[39m
@tailwindspark/demo-app:test:                       [36m>[39m
@tailwindspark/demo-app:test:                         [0mAbout This Demo[0m
@tailwindspark/demo-app:test:                       [36m</h4>[39m
@tailwindspark/demo-app:test:                       [36m<p[39m
@tailwindspark/demo-app:test:                         [33mclass[39m=[32m"text-text-muted"[39m
@tailwindspark/demo-app:test:                       [36m>[39m
@tailwindspark/demo-app:test:                         [0mThis modal demonstrates how larger content can be displayed effectively. The modal scales appropriately and maintains good usability even with substantial content.[0m
@tailwindspark/demo-app:test:                       [36m</p>[39m
@tailwindspark/demo-app:test:                     [36m</div>[39m
@tailwindspark/demo-app:test:                   [36m</div>[39m
@tailwindspark/demo-app:test:                   [36m<div[39m
@tailwindspark/demo-app:test:                     [33mclass[39m=[32m"grid grid-cols-1 gap-4 md:grid-cols-2"[39m
@tailwindspark/demo-app:test:                   [36m>[39m
@tailwindspark/demo-app:test:                     [36m<div[39m
@tailwindspark/demo-app:test:                       [33mclass[39m=[32m"bg-brand/10 dark:bg-brand/20 rounded-lg p-4"[39m
@tailwindspark/demo-app:test:                     [36m>[39m
@tailwindspark/demo-app:test:                       [36m<h5[39m
@tailwindspark/demo-app:test:                         [33mclass[39m=[32m"text-brand dark:text-brand mb-2 font-semibold"[39m
@tailwindspark/demo-app:test:                       [36m>[39m
@tailwindspark/demo-app:test:                         [0mResponsive Design[0m
@tailwindspark/demo-app:test:                       [36m</h5>[39m
@tailwindspark/demo-app:test:                       [36m<p[39m
@tailwindspark/demo-app:test:                         [33mclass[39m=[32m"text-brand/80 dark:text-brand/70 text-sm"[39m
@tailwindspark/demo-app:test:                       [36m>[39m
@tailwindspark/demo-app:test:                         [0mModals adapt to different screen sizes while maintaining usability.[0m
@tailwindspark/demo-app:test:                       [36m</p>[39m
@tailwindspark/demo-app:test:                     [36m</div>[39m
@tailwindspark/demo-app:test:                     [36m<div[39m
@tailwindspark/demo-app:test:                       [33mclass[39m=[32m"bg-success-50 dark:bg-success-900/20 rounded-lg p-4"[39m
@tailwindspark/demo-app:test:                     [36m>[39m
@tailwindspark/demo-app:test:                       [36m<h5[39m
@tailwindspark/demo-app:test:                         [33mclass[39m=[32m"text-success-900 dark:text-success-100 mb-2 font-semibold"[39m
@tailwindspark/demo-app:test:                       [36m>[39m
@tailwindspark/demo-app:test:                         [0mAccessibility[0m
@tailwindspark/demo-app:test:                       [36m</h5>[39m
@tailwindspark/demo-app:test:                       [36m<p[39m
@tailwindspark/demo-app:test:                         [33mclass[39m=[32m"text-success-700 dark:text-success-300 text-sm"[39m
@tailwindspark/demo-app:test:                       [36m>[39m
@tailwindspark/demo-app:test:                         [0mBuilt with keyboard navigation and screen reader support.[0m
@tailwindspark/demo-app:test:                       [36m</p>[39m
@tailwindspark/demo-app:test:                     [36m</div>[39m
@tailwindspark/demo-app:test:                   [36m</div>[39m
@tailwindspark/demo-app:test:                   [36m<div[39m
@tailwindspark/demo-app:test:                     [33mclass[39m=[32m"prose prose-sm text-text-muted max-w-none"[39m
@tailwindspark/demo-app:test:                   [36m>[39m
@tailwindspark/demo-app:test:                     [36m<h4>[39m
@tailwindspark/demo-app:test:                       [0mAdditional Features[0m
@tailwindspark/demo-app:test:                     [36m</h4>[39m
@tailwindspark/demo-app:test:                     [36m<ul>[39m
@tailwindspark/demo-app:test:                       [36m<li>[39m
@tailwindspark/demo-app:test:                         [0mSmooth animations and transitions[0m
@tailwindspark/demo-app:test:                       [36m</li>[39m
@tailwindspark/demo-app:test:                       [36m<li>[39m
@tailwindspark/demo-app:test:                         [0mCustomizable sizes and configurations[0m
@tailwindspark/demo-app:test:                       [36m</li>[39m
@tailwindspark/demo-app:test:                       [36m<li>[39m
@tailwindspark/demo-app:test:                         [0mPortal rendering for proper layering[0m
@tailwindspark/demo-app:test:                       [36m</li>[39m
@tailwindspark/demo-app:test:                       [36m<li>[39m
@tailwindspark/demo-app:test:                         [0mEvent handling for various interaction patterns[0m
@tailwindspark/demo-app:test:                       [36m</li>[39m
@tailwindspark/demo-app:test:                       [36m<li>[39m
@tailwindspark/demo-app:test:                         [0mDark mode support with proper contrast[0m
@tailwindspark/demo-app:test:                       [36m</li>[39m
@tailwindspark/demo-app:test:                     [36m</ul>[39m
@tailwindspark/demo-app:test:                   [36m</div>[39m
@tailwindspark/demo-app:test:                 [36m</div>[39m
@tailwindspark/demo-app:test:               [36m</div>[39m
@tailwindspark/demo-app:test:               [36m<div[39m
@tailwindspark/demo-app:test:                 [33mclass[39m=[32m"flex flex-col-reverse space-y-2 space-y-reverse sm:flex-row sm:justify-end sm:space-x-2 sm:space-y-0"[39m
@tailwindspark/demo-app:test:               [36m>[39m
@tailwindspark/demo-app:test:                 [36m<button[39m
@tailwindspark/demo-app:test:                   [33mclass[39m=[32m"inline-flex items-center justify-center gap-2 rounded-lg font-medium transition-all duration-200 focus:outline-none focus:ring-2 focus:ring-offset-2 disabled:cursor-not-allowed disabled:opacity-50 disabled:shadow-none bg-transparent hover:bg-surface-alt focus:ring-brand text-text px-4 py-2 text-sm"[39m
@tailwindspark/demo-app:test:                 [36m>[39m
@tailwindspark/demo-app:test:                   [0mClose[0m
@tailwindspark/demo-app:test:                 [36m</button>[39m
@tailwindspark/demo-app:test:                 [36m<button[39m
@tailwindspark/demo-app:test:                   [33mclass[39m=[32m"inline-flex items-center justify-center gap-2 rounded-lg font-medium transition-all duration-200 focus:outline-none focus:ring-2 focus:ring-offset-2 disabled:cursor-not-allowed disabled:opacity-50 disabled:shadow-none bg-brand hover:bg-brand-hover focus:ring-brand text-white shadow-sm px-4 py-2 text-sm"[39m
@tailwindspark/demo-app:test:                 [36m>[39m
@tailwindspark/demo-app:test:                   [0mUnderstood[0m
@tailwindspark/demo-app:test:                 [36m</button>[39m
@tailwindspark/demo-app:test:               [36m</div>[39m
@tailwindspark/demo-app:test:             [36m</div>[39m
@tailwindspark/demo-app:test:           [36m</div>[39m
@tailwindspark/demo-app:test:         [36m</div>[39m
@tailwindspark/demo-app:test:       [36m</div>[39m
@tailwindspark/demo-app:test:     [36m</section>[39m
@tailwindspark/demo-app:test:   [36m</div>[39m
@tailwindspark/demo-app:test: [36m</body>[39m
@tailwindspark/demo-app:test: 
@tailwindspark/demo-app:test: Ignored nodes: comments, script, style
@tailwindspark/demo-app:test: [36m<body[39m
@tailwindspark/demo-app:test:   [33mstyle[39m=[32m"overflow: hidden;"[39m
@tailwindspark/demo-app:test: [36m>[39m
@tailwindspark/demo-app:test:   [36m<div>[39m
@tailwindspark/demo-app:test:     [36m<section[39m
@tailwindspark/demo-app:test:       [33mclass[39m=[32m"space-y-8"[39m
@tailwindspark/demo-app:test:     [36m>[39m
@tailwindspark/demo-app:test:       [36m<div>[39m
@tailwindspark/demo-app:test:         [36m<h2[39m
@tailwindspark/demo-app:test:           [33mclass[39m=[32m"text-text mb-4 text-2xl font-bold"[39m
@tailwindspark/demo-app:test:         [36m>[39m
@tailwindspark/demo-app:test:           [0mModal Components[0m
@tailwindspark/demo-app:test:         [36m</h2>[39m
@tailwindspark/demo-app:test:         [36m<p[39m
@tailwindspark/demo-app:test:           [33mclass[39m=[32m"text-text-muted mb-6"[39m
@tailwindspark/demo-app:test:         [36m>[39m
@tailwindspark/demo-app:test:           [0mAccessible modals with various sizes and configurations.[0m
@tailwindspark/demo-app:test:         [36m</p>[39m
@tailwindspark/demo-app:test:       [36m</div>[39m
@tailwindspark/demo-app:test:       [36m<div[39m
@tailwindspark/demo-app:test:         [33mclass[39m=[32m"space-y-4"[39m
@tailwindspark/demo-app:test:       [36m>[39m
@tailwindspark/demo-app:test:         [36m<h3[39m
@tailwindspark/demo-app:test:           [33mclass[39m=[32m"text-text text-lg font-semibold"[39m
@tailwindspark/demo-app:test:         [36m>[39m
@tailwindspark/demo-app:test:           [0mModal Types[0m
@tailwindspark/demo-app:test:         [36m</h3>[39m
@tailwindspark/demo-app:test:         [36m<div[39m
@tailwindspark/demo-app:test:           [33mclass[39m=[32m"flex flex-wrap gap-3"[39m
@tailwindspark/demo-app:test:         [36m>[39m
@tailwindspark/demo-app:test:           [36m<button[39m
@tailwindspark/demo-app:test:             [33mclass[39m=[32m"inline-flex items-center justify-center gap-2 rounded-lg font-medium transition-all duration-200 focus:outline-none focus:ring-2 focus:ring-offset-2 disabled:cursor-not-allowed disabled:opacity-50 disabled:shadow-none bg-brand hover:bg-brand-hover focus:ring-brand text-white shadow-sm px-4 py-2 text-sm"[39m
@tailwindspark/demo-app:test:           [36m>[39m
@tailwindspark/demo-app:test:             [0mBasic Modal[0m
@tailwindspark/demo-app:test:           [36m</button>[39m
@tailwindspark/demo-app:test:           [36m<button[39m
@tailwindspark/demo-app:test:             [33mclass[39m=[32m"inline-flex items-center justify-center gap-2 rounded-lg font-medium transition-all duration-200 focus:outline-none focus:ring-2 focus:ring-offset-2 disabled:cursor-not-allowed disabled:opacity-50 disabled:shadow-none bg-secondary-600 hover:bg-secondary-700 focus:ring-secondary-500 text-white shadow-sm px-4 py-2 text-sm"[39m
@tailwindspark/demo-app:test:           [36m>[39m
@tailwindspark/demo-app:test:             [0mConfirmation Modal[0m
@tailwindspark/demo-app:test:           [36m</button>[39m
@tailwindspark/demo-app:test:           [36m<button[39m
@tailwindspark/demo-app:test:             [33mclass[39m=[32m"inline-flex items-center justify-center gap-2 rounded-lg font-medium transition-all duration-200 focus:outline-none focus:ring-2 focus:ring-offset-2 disabled:cursor-not-allowed disabled:opacity-50 disabled:shadow-none bg-warning-600 hover:bg-warning-700 focus:ring-warning-500 text-white shadow-sm px-4 py-2 text-sm"[39m
@tailwindspark/demo-app:test:           [36m>[39m
@tailwindspark/demo-app:test:             [0mAlert Modal[0m
@tailwindspark/demo-app:test:           [36m</button>[39m
@tailwindspark/demo-app:test:           [36m<button[39m
@tailwindspark/demo-app:test:             [33mclass[39m=[32m"inline-flex items-center justify-center gap-2 rounded-lg font-medium transition-all duration-200 focus:outline-none focus:ring-2 focus:ring-offset-2 disabled:cursor-not-allowed disabled:opacity-50 disabled:shadow-none bg-success-600 hover:bg-success-700 focus:ring-success-500 text-white shadow-sm px-4 py-2 text-sm"[39m
@tailwindspark/demo-app:test:           [36m>[39m
@tailwindspark/demo-app:test:             [0mForm Modal[0m
@tailwindspark/demo-app:test:           [36m</button>[39m
@tailwindspark/demo-app:test:           [36m<button[39m
@tailwindspark/demo-app:test:             [33mclass[39m=[32m"inline-flex items-center justify-center gap-2 rounded-lg font-medium transition-all duration-200 focus:outline-none focus:ring-2 focus:ring-offset-2 disabled:cursor-not-allowed disabled:opacity-50 disabled:shadow-none bg-transparent hover:bg-surface-alt focus:ring-brand text-text px-4 py-2 text-sm"[39m
@tailwindspark/demo-app:test:           [36m>[39m
@tailwindspark/demo-app:test:             [0mLarge Modal[0m
@tailwindspark/demo-app:test:           [36m</button>[39m
@tailwindspark/demo-app:test:         [36m</div>[39m
@tailwindspark/demo-app:test:       [36m</div>[39m
@tailwindspark/demo-app:test:       [36m<div[39m
@tailwindspark/demo-app:test:         [33mclass[39m=[32m"fixed inset-0 z-50 overflow-y-auto"[39m
@tailwindspark/demo-app:test:       [36m>[39m
@tailwindspark/demo-app:test:         [36m<div[39m
@tailwindspark/demo-app:test:           [33mclass[39m=[32m"flex min-h-full items-center justify-center p-4 text-center sm:p-0"[39m
@tailwindspark/demo-app:test:         [36m>[39m
@tailwindspark/demo-app:test:           [36m<div[39m
@tailwindspark/demo-app:test:             [33mclass[39m=[32m"bg-surface-inverse fixed inset-0 bg-opacity-75 transition-opacity"[39m
@tailwindspark/demo-app:test:           [36m/>[39m
@tailwindspark/demo-app:test:           [36m<div[39m
@tailwindspark/demo-app:test:             [33mclass[39m=[32m"bg-surface relative transform overflow-hidden rounded-xl px-4 pb-4 pt-5 text-left shadow-xl transition-all sm:my-8 sm:w-full sm:p-6 max-w-4xl animate-scale-in"[39m
@tailwindspark/demo-app:test:           [36m>[39m
@tailwindspark/demo-app:test:             [36m<div[39m
@tailwindspark/demo-app:test:               [33mclass[39m=[32m"mb-4 flex items-center justify-between"[39m
@tailwindspark/demo-app:test:             [36m>[39m
@tailwindspark/demo-app:test:               [36m<h3[39m
@tailwindspark/demo-app:test:                 [33mclass[39m=[32m"text-text text-lg font-semibold"[39m
@tailwindspark/demo-app:test:               [36m>[39m
@tailwindspark/demo-app:test:                 [0mLarge Content Modal[0m
@tailwindspark/demo-app:test:               [36m</h3>[39m
@tailwindspark/demo-app:test:               [36m<button[39m
@tailwindspark/demo-app:test:                 [33maria-label[39m=[32m"Close modal"[39m
@tailwindspark/demo-app:test:                 [33mclass[39m=[32m"text-text-muted hover:text-text hover:bg-surface-alt rounded-lg p-1 transition-colors"[39m
@tailwindspark/demo-app:test:               [36m>[39m
@tailwindspark/demo-app:test:                 [36m<svg[39m
@tailwindspark/demo-app:test:                   [33mclass[39m=[32m""[39m
@tailwindspark/demo-app:test:                   [33mfill[39m=[32m"none"[39m
@tailwindspark/demo-app:test:                   [33mheight[39m=[32m"20"[39m
@tailwindspark/demo-app:test:                   [33mstroke[39m=[32m"currentColor"[39m
@tailwindspark/demo-app:test:                   [33mstroke-linecap[39m=[32m"round"[39m
@tailwindspark/demo-app:test:                   [33mstroke-linejoin[39m=[32m"round"[39m
@tailwindspark/demo-app:test:                   [33mstroke-width[39m=[32m"2"[39m
@tailwindspark/demo-app:test:                   [33mviewBox[39m=[32m"0 0 24 24"[39m
@tailwindspark/demo-app:test:                   [33mwidth[39m=[32m"20"[39m
@tailwindspark/demo-app:test:                 [36m>[39m
@tailwindspark/demo-app:test:                   [36m<path[39m
@tailwindspark/demo-app:test:                     [33md[39m=[32m"m18 6-12 12"[39m
@tailwindspark/demo-app:test:                   [36m/>[39m
@tailwindspark/demo-app:test:                   [36m<path[39m
@tailwindspark/demo-app:test:                     [33md[39m=[32m"m6 6 12 12"[39m
@tailwindspark/demo-app:test:                   [36m/>[39m
@tailwindspark/demo-app:test:                 [36m</svg>[39m
@tailwindspark/demo-app:test:               [36m</button>[39m
@tailwindspark/demo-app:test:             [36m</div>[39m
@tailwindspark/demo-app:test:             [36m<div[39m
@tailwindspark/demo-app:test:               [33mclass[39m=[32m"text-text"[39m
@tailwindspark/demo-app:test:             [36m>[39m
@tailwindspark/demo-app:test:               [36m<div[39m
@tailwindspark/demo-app:test:                 [33mclass[39m=[32m"mb-6"[39m
@tailwindspark/demo-app:test:               [36m>[39m
@tailwindspark/demo-app:test:                 [36m<div[39m
@tailwindspark/demo-app:test:                   [33mclass[39m=[32m"space-y-6"[39m
@tailwindspark/demo-app:test:                 [36m>[39m
@tailwindspark/demo-app:test:                   [36m<div[39m
@tailwindspark/demo-app:test:                     [33mclass[39m=[32m"flex items-start gap-3"[39m
@tailwindspark/demo-app:test:                   [36m>[39m
@tailwindspark/demo-app:test:                     [36m<svg[39m
@tailwindspark/demo-app:test:                       [33maria-hidden[39m=[32m"true"[39m
@tailwindspark/demo-app:test:                       [33mclass[39m=[32m"lucide lucide-info text-brand mt-0.5 h-5 w-5"[39m
@tailwindspark/demo-app:test:                       [33mfill[39m=[32m"none"[39m
@tailwindspark/demo-app:test:                       [33mheight[39m=[32m"24"[39m
@tailwindspark/demo-app:test:                       [33mstroke[39m=[32m"currentColor"[39m
@tailwindspark/demo-app:test:                       [33mstroke-linecap[39m=[32m"round"[39m
@tailwindspark/demo-app:test:                       [33mstroke-linejoin[39m=[32m"round"[39m
@tailwindspark/demo-app:test:                       [33mstroke-width[39m=[32m"2"[39m
@tailwindspark/demo-app:test:                       [33mviewBox[39m=[32m"0 0 24 24"[39m
@tailwindspark/demo-app:test:                       [33mwidth[39m=[32m"24"[39m
@tailwindspark/demo-app:test:                       [33mxmlns[39m=[32m"http://www.w3.org/2000/svg"[39m
@tailwindspark/demo-app:test:                     [36m>[39m
@tailwindspark/demo-app:test:                       [36m<circle[39m
@tailwindspark/demo-app:test:                         [33mcx[39m=[32m"12"[39m
@tailwindspark/demo-app:test:                         [33mcy[39m=[32m"12"[39m
@tailwindspark/demo-app:test:                         [33mr[39m=[32m"10"[39m
@tailwindspark/demo-app:test:                       [36m/>[39m
@tailwindspark/demo-app:test:                       [36m<path[39m
@tailwindspark/demo-app:test:                         [33md[39m=[32m"M12 16v-4"[39m
@tailwindspark/demo-app:test:                       [36m/>[39m
@tailwindspark/demo-app:test:                       [36m<path[39m
@tailwindspark/demo-app:test:                         [33md[39m=[32m"M12 8h.01"[39m
@tailwindspark/demo-app:test:                       [36m/>[39m
@tailwindspark/demo-app:test:                     [36m</svg>[39m
@tailwindspark/demo-app:test:                     [36m<div>[39m
@tailwindspark/demo-app:test:                       [36m<h4[39m
@tailwindspark/demo-app:test:                         [33mclass[39m=[32m"text-text mb-2 font-semibold"[39m
@tailwindspark/demo-app:test:                       [36m>[39m
@tailwindspark/demo-app:test:                         [0mAbout This Demo[0m
@tailwindspark/demo-app:test:                       [36m</h4>[39m
@tailwindspark/demo-app:test:                       [36m<p[39m
@tailwindspark/demo-app:test:                         [33mclass[39m=[32m"text-text-muted"[39m
@tailwindspark/demo-app:test:                       [36m>[39m
@tailwindspark/demo-app:test:                         [0mThis modal demonstrates how larger content can be displayed effectively. The modal scales appropriately and maintains good usability even with substantial content.[0m
@tailwindspark/demo-app:test:                       [36m</p>[39m
@tailwindspark/demo-app:test:                     [36m</div>[39m
@tailwindspark/demo-app:test:                   [36m</div>[39m
@tailwindspark/demo-app:test:                   [36m<div[39m
@tailwindspark/demo-app:test:                     [33mclass[39m=[32m"grid grid-cols-1 gap-4 md:grid-cols-2"[39m
@tailwindspark/demo-app:test:                   [36m>[39m
@tailwindspark/demo-app:test:                     [36m<div[39m
@tailwindspark/demo-app:test:                       [33mclass[39m=[32m"bg-brand/10 dark:bg-brand/20 rounded-lg p-4"[39m
@tailwindspark/demo-app:test:                     [36m>[39m
@tailwindspark/demo-app:test:                       [36m<h5[39m
@tailwindspark/demo-app:test:                         [33mclass[39m=[32m"text-brand dark:text-brand mb-2 font-semibold"[39m
@tailwindspark/demo-app:test:                       [36m>[39m
@tailwindspark/demo-app:test:                         [0mResponsive Design[0m
@tailwindspark/demo-app:test:                       [36m</h5>[39m
@tailwindspark/demo-app:test:                       [36m<p[39m
@tailwindspark/demo-app:test:                         [33mclass[39m=[32m"text-brand/80 dark:text-brand/70 text-sm"[39m
@tailwindspark/demo-app:test:                       [36m>[39m
@tailwindspark/demo-app:test:                         [0mModals adapt to different screen sizes while maintaining usability.[0m
@tailwindspark/demo-app:test:                       [36m</p>[39m
@tailwindspark/demo-app:test:                     [36m</div>[39m
@tailwindspark/demo-app:test:                     [36m<div[39m
@tailwindspark/demo-app:test:                       [33mclass[39m=[32m"bg-success-50 dark:bg-success-900/20 rounded-lg p-4"[39m
@tailwindspark/demo-app:test:                     [36m>[39m
@tailwindspark/demo-app:test:                       [36m<h5[39m
@tailwindspark/demo-app:test:                         [33mclass[39m=[32m"text-success-900 dark:text-success-100 mb-2 font-semibold"[39m
@tailwindspark/demo-app:test:                       [36m>[39m
@tailwindspark/demo-app:test:                         [0mAccessibility[0m
@tailwindspark/demo-app:test:                       [36m</h5>[39m
@tailwindspark/demo-app:test:                       [36m<p[39m
@tailwindspark/demo-app:test:                         [33mclass[39m=[32m"text-success-700 dark:text-success-300 text-sm"[39m
@tailwindspark/demo-app:test:                       [36m>[39m
@tailwindspark/demo-app:test:                         [0mBuilt with keyboard navigation and screen reader support.[0m
@tailwindspark/demo-app:test:                       [36m</p>[39m
@tailwindspark/demo-app:test:                     [36m</div>[39m
@tailwindspark/demo-app:test:                   [36m</div>[39m
@tailwindspark/demo-app:test:                   [36m<div[39m
@tailwindspark/demo-app:test:                     [33mclass[39m=[32m"prose prose-sm text-text-muted max-w-none"[39m
@tailwindspark/demo-app:test:                   [36m>[39m
@tailwindspark/demo-app:test:                     [36m<h4>[39m
@tailwindspark/demo-app:test:                       [0mAdditional Features[0m
@tailwindspark/demo-app:test:                     [36m</h4>[39m
@tailwindspark/demo-app:test:                     [36m<ul>[39m
@tailwindspark/demo-app:test:                       [36m<li>[39m
@tailwindspark/demo-app:test:                         [0mSmooth animations and transitions[0m
@tailwindspark/demo-app:test:                       [36m</li>[39m
@tailwindspark/demo-app:test:                       [36m<li>[39m
@tailwindspark/demo-app:test:                         [0mCustomizable sizes and configurations[0m
@tailwindspark/demo-app:test:                       [36m</li>[39m
@tailwindspark/demo-app:test:                       [36m<li>[39m
@tailwindspark/demo-app:test:                         [0mPortal rendering for proper layering[0m
@tailwindspark/demo-app:test:                       [36m</li>[39m
@tailwindspark/demo-app:test:                       [36m<li>[39m
@tailwindspark/demo-app:test:                         [0mEvent handling for various interaction patterns[0m
@tailwindspark/demo-app:test:                       [36m</li>[39m
@tailwindspark/demo-app:test:                       [36m<li>[39m
@tailwindspark/demo-app:test:                         [0mDark mode support with proper contrast[0m
@tailwindspark/demo-app:test:                       [36m</li>[39m
@tailwindspark/demo-app:test:                     [36m</ul>[39m
@tailwindspark/demo-app:test:                   [36m</div>[39m
@tailwindspark/demo-app:test:                 [36m</div>[39m
@tailwindspark/demo-app:test:               [36m</div>[39m
@tailwindspark/demo-app:test:               [36m<div[39m
@tailwindspark/demo-app:test:                 [33mclass[39m=[32m"flex flex-col-reverse space-y-2 space-y-reverse sm:flex-row sm:justify-end sm:space-x-2 sm:space-y-0"[39m
@tailwindspark/demo-app:test:               [36m>[39m
@tailwindspark/demo-app:test:                 [36m<button[39m
@tailwindspark/demo-app:test:                   [33mclass[39m=[32m"inline-flex items-center justify-center gap-2 rounded-lg font-medium transition-all duration-200 focus:outline-none focus:ring-2 focus:ring-offset-2 disabled:cursor-not-allowed disabled:opacity-50 disabled:shadow-none bg-transparent hover:bg-surface-alt focus:ring-brand text-text px-4 py-2 text-sm"[39m
@tailwindspark/demo-app:test:                 [36m>[39m
@tailwindspark/demo-app:test:                   [0mClose[0m
@tailwindspark/demo-app:test:                 [36m</button>[39m
@tailwindspark/demo-app:test:                 [36m<button[39m
@tailwindspark/demo-app:test:                   [33mclass[39m=[32m"inline-flex items-center justify-center gap-2 rounded-lg font-medium transition-all duration-200 focus:outline-none focus:ring-2 focus:ring-offset-2 disabled:cursor-not-allowed disabled:opacity-50 disabled:shadow-none bg-brand hover:bg-brand-hover focus:ring-brand text-white shadow-sm px-4 py-2 text-sm"[39m
@tailwindspark/demo-app:test:                 [36m>[39m
@tailwindspark/demo-app:test:                   [0mUnderstood[0m
@tailwindspark/demo-app:test:                 [36m</button>[39m
@tailwindspark/demo-app:test:               [36m</div>[39m
@tailwindspark/demo-app:test:             [36m</div>[39m
@tailwindspark/demo-app:test:           [36m</div>[39m
@tailwindspark/demo-app:test:         [36m</div>[39m
@tailwindspark/demo-app:test:       [36m</div>[39m
@tailwindspark/demo-app:test:     [36m</section>[39m
@tailwindspark/demo-app:test:   [36m</div>[39m
@tailwindspark/demo-app:test: [36m</body>[39m
@tailwindspark/demo-app:test: [90m [2mΓ¥»[22m waitForWrapper ../../node_modules/@testing-library/dom/dist/wait-for.js:[2m163:27[22m[39m
@tailwindspark/demo-app:test: [90m [2mΓ¥»[22m ../../node_modules/@testing-library/dom/dist/query-helpers.js:[2m86:33[22m[39m
@tailwindspark/demo-app:test: [36m [2mΓ¥»[22m src/sections/ModalShowcase.test.tsx:[2m99:39[22m[39m
@tailwindspark/demo-app:test:     [90m 97| [39m    
@tailwindspark/demo-app:test:     [90m 98| [39m    [90m// Large modal should be open (wait for it to appear)[39m
@tailwindspark/demo-app:test:     [90m 99| [39m    const modalContent = await screen.findByRole('dialog', {}, { timeoΓÇª
@tailwindspark/demo-app:test:     [90m   | [39m                                      [31m^[39m
@tailwindspark/demo-app:test:     [90m100| [39m    [34mexpect[39m(modalContent)[33m.[39m[34mtoBeInTheDocument[39m()[33m;[39m
@tailwindspark/demo-app:test:     [90m101| [39m  })[33m;[39m
@tailwindspark/demo-app:test: 
@tailwindspark/demo-app:test: [31m[2mΓÄ»ΓÄ»ΓÄ»ΓÄ»ΓÄ»ΓÄ»ΓÄ»ΓÄ»ΓÄ»ΓÄ»ΓÄ»ΓÄ»ΓÄ»ΓÄ»ΓÄ»ΓÄ»ΓÄ»ΓÄ»ΓÄ»ΓÄ»ΓÄ»ΓÄ»[18/20]ΓÄ»[22m[39m
@tailwindspark/demo-app:test: 
@tailwindspark/demo-app:test: npm error Lifecycle script `test` failed with error:
@tailwindspark/demo-app:test: npm error code 1
@tailwindspark/demo-app:test: npm error path C:\GitHub\MarkHazleton\TailwindSpark\apps\demo-app
@tailwindspark/demo-app:test: npm error workspace @tailwindspark/demo-app@1.0.0
@tailwindspark/demo-app:test: npm error location C:\GitHub\MarkHazleton\TailwindSpark\apps\demo-app
@tailwindspark/demo-app:test: npm error command failed
@tailwindspark/demo-app:test: npm error command C:\WINDOWS\system32\cmd.exe /d /s /c vitest
@tailwindspark/demo-app:test: ERROR: command finished with error: command (C:\GitHub\MarkHazleton\TailwindSpark\apps\demo-app) C:\Program Files\nodejs\npm.cmd run test exited (1)
@tailwindspark/demo-app#test: command (C:\GitHub\MarkHazleton\TailwindSpark\apps\demo-app) C:\Program Files\nodejs\npm.cmd run test exited (1)

 Tasks:    3 successful, 4 total
Cached:    3 cached, 4 total
  Time:    15.306s 
Failed:    @tailwindspark/demo-app#test

 ERROR  run failed: command  exited (1)
